[2026-08-11T21:06:34.404Z] === DEBUT IMPORT BITCOIN ===
[2026-08-11T21:06:34.404Z] BITCOIN PATH: /app/storage/historique/btc-usd-max.csv
[2026-08-11T21:06:34.405Z] === Suppression ancienne data ===
[2026-08-11T21:06:34.488Z] → Collection Bitcoin vidée
[2026-08-11T21:06:34.488Z] === Étape 1 : Import CSV ===
[2026-08-11T21:06:36.011Z] → 4850 lignes insérées
[2026-08-11T21:06:36.012Z] Calcul des diff…
[2026-08-11T21:06:36.011Z] === Étape 2 : Calcul diff ===
[2026-08-11T21:06:36.011Z] IMPORTED_COUNT=4850
[2026-08-11T21:06:36.011Z] Import terminé
[2026-08-11T21:06:36.215Z] → 4850 lignes chargées
[2026-08-11T21:06:38.022Z] Calcul diff terminé !
[2026-08-11T21:06:38.023Z] === FIN IMPORT BITCOIN ===
[2026-08-11T21:06:38.023Z] === Terminé ===
[2026-08-11T21:06:38.053Z] HISTORY BITCOIN PATH: /app/storage/historique/btc-usd-max.csv
[2026-08-11T21:06:38.053Z] === DEBUT IMPORT HISTORIQUE ===
[2026-08-11T21:06:38.066Z] Suppression coins_non_importes réussie
[2026-08-11T21:06:38.345Z] Taux USD → EUR :
[2026-08-11T21:06:38.357Z] Coins sans historique :
[2026-08-11T21:06:38.357Z] Fichiers trouvés: 487
[2026-08-11T21:06:38.357Z] 📌 0 coins ajoutés dans coins_non_importes
[2026-08-11T21:06:38.463Z] ✅ 0g-usd-max.csv: 306 lignes importées/mises à jour
[2026-08-11T21:06:38.676Z] ✅ 1000sats-usd-max.csv: 840 lignes importées/mises à jour
[2026-08-11T21:06:39.066Z] ✅ 1inch-usd-max.csv: 1891 lignes importées/mises à jour
[2026-08-11T21:06:39.114Z] ✅ 2z-usd-max.csv: 236 lignes importées/mises à jour
[2026-08-11T21:06:39.214Z] ✅ a-usd-max.csv: 407 lignes importées/mises à jour
[2026-08-11T21:06:39.543Z] ✅ aave-usd-max.csv: 1974 lignes importées/mises à jour
[2026-08-11T21:06:39.916Z] ✅ ab-usd-max.csv: 2509 lignes importées/mises à jour
[2026-08-11T21:06:40.186Z] ✅ ach-usd-max.csv: 1999 lignes importées/mises à jour
[2026-08-11T21:06:40.367Z] ✅ acx-usd-max.csv: 1337 lignes importées/mises à jour
[2026-08-11T21:06:40.848Z] ✅ ada-usd-max.csv: 3055 lignes importées/mises à jour
[2026-08-11T21:06:41.013Z] ✅ aero-usd-max.csv: 924 lignes importées/mises à jour
[2026-08-11T21:06:41.298Z] ✅ aioz-usd-max.csv: 1868 lignes importées/mises à jour
[2026-08-11T21:06:41.375Z] ✅ aixbt-usd-max.csv: 472 lignes importées/mises à jour
[2026-08-11T21:06:41.669Z] ✅ akt-usd-max.csv: 2045 lignes importées/mises à jour
[2026-08-11T21:06:41.745Z] ✅ alch-usd-max.csv: 547 lignes importées/mises à jour
[2026-08-11T21:06:42.053Z] ✅ algo-usd-max.csv: 2444 lignes importées/mises à jour
[2026-08-11T21:06:42.155Z] ✅ alt-usd-max.csv: 803 lignes importées/mises à jour
[2026-08-11T21:06:42.454Z] ✅ amp-usd-max.csv: 1998 lignes importées/mises à jour
[2026-08-11T21:06:42.549Z] ✅ anime-usd-max.csv: 557 lignes importées/mises à jour
[2026-08-11T21:06:42.778Z] ✅ ape-usd-max.csv: 1525 lignes importées/mises à jour
[2026-08-11T21:06:42.998Z] ✅ apex-usd-max.csv: 1505 lignes importées/mises à jour
[2026-08-11T21:06:43.272Z] ✅ api3-usd-max.csv: 1916 lignes importées/mises à jour
[2026-08-11T21:06:43.465Z] ✅ apt-usd-max.csv: 1228 lignes importées/mises à jour
[2026-08-11T21:06:43.815Z] ✅ ar-usd-max.csv: 2474 lignes importées/mises à jour
[2026-08-11T21:06:43.990Z] ✅ arb-usd-max.csv: 1073 lignes importées/mises à jour
[2026-08-11T21:06:44.474Z] ✅ ark-usd-max.csv: 3264 lignes importées/mises à jour
[2026-08-11T21:06:44.620Z] ✅ arkm-usd-max.csv: 1053 lignes importées/mises à jour
[2026-08-11T21:06:44.954Z] ✅ arpa-usd-max.csv: 2467 lignes importées/mises à jour
[2026-08-11T21:06:45.333Z] ✅ arrr-usd-max.csv: 2575 lignes importées/mises à jour
[2026-08-11T21:06:45.385Z] ✅ aster-usd-max.csv: 314 lignes importées/mises à jour
[2026-08-11T21:06:45.633Z] ✅ astr-usd-max.csv: 1642 lignes importées/mises à jour
[2026-08-11T21:06:45.741Z] ✅ ath-usd-max.csv: 789 lignes importées/mises à jour
[2026-08-11T21:06:46.085Z] ✅ atom-usd-max.csv: 2628 lignes importées/mises à jour
[2026-08-11T21:06:46.343Z] ✅ auction-usd-max.csv: 1923 lignes importées/mises à jour
[2026-08-11T21:06:46.601Z] ✅ audio-usd-max.csv: 1954 lignes importées/mises à jour
[2026-08-11T21:06:46.865Z] ✅ avax-usd-max.csv: 2072 lignes importées/mises à jour
[2026-08-11T21:06:46.889Z] ✅ avnt-usd-max.csv: 172 lignes importées/mises à jour
[2026-08-11T21:06:47.228Z] ✅ awe-usd-max.csv: 2613 lignes importées/mises à jour
[2026-08-11T21:06:47.405Z] ✅ axl-usd-max.csv: 1371 lignes importées/mises à jour
[2026-08-11T21:06:47.663Z] ✅ axs-usd-max.csv: 1942 lignes importées/mises à jour
[2026-08-11T21:06:47.728Z] ✅ ban-usd-max.csv: 490 lignes importées/mises à jour
[2026-08-11T21:06:47.808Z] ✅ bananas31-usd-max.csv: 586 lignes importées/mises à jour
[2026-08-11T21:06:48.118Z] ✅ band-usd-max.csv: 2354 lignes importées/mises à jour
[2026-08-11T21:06:48.153Z] ✅ bard-usd-max.csv: 217 lignes importées/mises à jour
[2026-08-11T21:06:48.584Z] ✅ bat-usd-max.csv: 3187 lignes importées/mises à jour
[2026-08-11T21:06:49.086Z] ✅ bch-usd-max.csv: 3217 lignes importées/mises à jour
[2026-08-11T21:06:49.421Z] ✅ bchsv-usd-max.csv: 2683 lignes importées/mises à jour
[2026-08-11T21:06:49.771Z] ✅ bdx-usd-max.csv: 2771 lignes importées/mises à jour
[2026-08-11T21:06:49.887Z] ✅ beam-usd-max.csv: 856 lignes importées/mises à jour
[2026-08-11T21:06:49.930Z] ✅ beat-usd-max.csv: 280 lignes importées/mises à jour
[2026-08-11T21:06:50.003Z] ✅ bera-usd-max.csv: 542 lignes importées/mises à jour
[2026-08-11T21:06:50.254Z] ✅ bfc-usd-max.csv: 1895 lignes importées/mises à jour
[2026-08-11T21:06:50.494Z] ✅ bgb-usd-max.csv: 1766 lignes importées/mises à jour
[2026-08-11T21:06:50.574Z] ✅ bio-usd-max.csv: 570 lignes importées/mises à jour
[2026-08-11T21:06:50.729Z] ✅ blur-usd-max.csv: 1166 lignes importées/mises à jour
[2026-08-11T21:06:51.133Z] ✅ bnb-usd-max.csv: 3196 lignes importées/mises à jour
[2026-08-11T21:06:51.299Z] ✅ bonk-usd-max.csv: 1246 lignes importées/mises à jour
[2026-08-11T21:06:51.394Z] ✅ brett-usd-max.csv: 749 lignes importées/mises à jour
[2026-08-11T21:06:52.053Z] ✅ btc-usd-max.csv: 4851 lignes importées/mises à jour
[2026-08-11T21:06:52.333Z] ✅ btse-usd-max.csv: 2200 lignes importées/mises à jour
[2026-08-11T21:06:52.585Z] ✅ cake-usd-max.csv: 1978 lignes importées/mises à jour
[2026-08-11T21:06:52.830Z] ✅ cbk-usd-max.csv: 1893 lignes importées/mises à jour
[2026-08-11T21:06:53.082Z] ✅ ccd-usd-max.csv: 1582 lignes importées/mises à jour
[2026-08-11T21:06:53.390Z] ✅ celo-usd-max.csv: 2259 lignes importées/mises à jour
[2026-08-11T21:06:53.710Z] ✅ celr-usd-max.csv: 2531 lignes importées/mises à jour
[2026-08-11T21:06:53.863Z] ✅ cetus-usd-max.csv: 1038 lignes importées/mises à jour
[2026-08-11T21:06:53.920Z] ✅ cfg-usd-max.csv: 411 lignes importées/mises à jour
[2026-08-11T21:06:54.180Z] ✅ cfx-usd-max.csv: 1936 lignes importées/mises à jour
[2026-08-11T21:06:54.351Z] ✅ cgpt-usd-max.csv: 1090 lignes importées/mises à jour
[2026-08-11T21:06:54.679Z] ✅ chz-usd-max.csv: 2433 lignes importées/mises à jour
[2026-08-11T21:06:54.970Z] ✅ ckb-usd-max.csv: 2295 lignes importées/mises à jour
[2026-08-11T21:06:55.053Z] ✅ clanker-usd-max.csv: 560 lignes importées/mises à jour
[2026-08-11T21:06:55.326Z] ✅ comp-usd-max.csv: 2083 lignes importées/mises à jour
[2026-08-11T21:06:55.482Z] ✅ core-usd-max.csv: 1248 lignes importées/mises à jour
[2026-08-11T21:06:55.686Z] ✅ cow-usd-max.csv: 1568 lignes importées/mises à jour
[2026-08-11T21:06:56.023Z] ✅ cro-usd-max.csv: 2625 lignes importées/mises à jour
[2026-08-11T21:06:56.283Z] ✅ crv-usd-max.csv: 2024 lignes importées/mises à jour
[2026-08-11T21:06:56.425Z] ✅ crvusd-usd-max.csv: 1117 lignes importées/mises à jour
[2026-08-11T21:06:56.665Z] ✅ cspr-usd-max.csv: 1844 lignes importées/mises à jour
[2026-08-11T21:06:56.945Z] ✅ ctc-usd-max.csv: 2214 lignes importées/mises à jour
[2026-08-11T21:06:57.185Z] ✅ ctk-usd-max.csv: 1950 lignes importées/mises à jour
[2026-08-11T21:06:57.468Z] ✅ ctsi-usd-max.csv: 2136 lignes importées/mises à jour
[2026-08-11T21:06:57.713Z] ✅ cvx-usd-max.csv: 1834 lignes importées/mises à jour
[2026-08-11T21:06:57.872Z] ✅ cyber-usd-max.csv: 979 lignes importées/mises à jour
[2026-08-11T21:06:58.193Z] ✅ dai-usd-max.csv: 2293 lignes importées/mises à jour
[2026-08-11T21:06:58.853Z] ✅ dash-usd-max.csv: 4394 lignes importées/mises à jour
[2026-08-11T21:06:59.122Z] ✅ data-usd-max.csv: 1752 lignes importées/mises à jour
[2026-08-11T21:06:59.215Z] ✅ dbr-usd-max.csv: 634 lignes importées/mises à jour
[2026-08-11T21:06:59.705Z] ✅ dcr-usd-max.csv: 3792 lignes importées/mises à jour
[2026-08-11T21:06:59.791Z] ✅ deep-usd-max.csv: 618 lignes importées/mises à jour
[2026-08-11T21:06:59.894Z] ✅ degen-usd-max.csv: 772 lignes importées/mises à jour
[2026-08-11T21:07:00.144Z] ✅ dexe-usd-max.csv: 1971 lignes importées/mises à jour
[2026-08-11T21:07:00.711Z] ✅ dgb-usd-max.csv: 4404 lignes importées/mises à jour
[2026-08-11T21:07:00.967Z] ✅ dka-usd-max.csv: 2045 lignes importées/mises à jour
[2026-08-11T21:07:01.518Z] ✅ doge-usd-max.csv: 4383 lignes importées/mises à jour
[2026-08-11T21:07:01.591Z] ✅ dogs-usd-max.csv: 589 lignes importées/mises à jour
[2026-08-11T21:07:01.848Z] ✅ dot-usd-max.csv: 2019 lignes importées/mises à jour
[2026-08-11T21:07:02.160Z] ✅ dusk-usd-max.csv: 2496 lignes importées/mises à jour
[2026-08-11T21:07:02.272Z] ✅ dydx-usd-max.csv: 858 lignes importées/mises à jour
[2026-08-11T21:07:02.411Z] ✅ edu-usd-max.csv: 1037 lignes importées/mises à jour
[2026-08-11T21:07:02.667Z] ✅ egld-usd-max.csv: 2004 lignes importées/mises à jour
[2026-08-11T21:07:02.758Z] ✅ eigen-usd-max.csv: 666 lignes importées/mises à jour
[2026-08-11T21:07:03.146Z] ✅ elf-usd-max.csv: 3086 lignes importées/mises à jour
[2026-08-11T21:07:03.237Z] ✅ ena-usd-max.csv: 723 lignes importées/mises à jour
[2026-08-11T21:07:03.611Z] ✅ enj-usd-max.csv: 3032 lignes importées/mises à jour
[2026-08-11T21:07:03.817Z] ✅ ens-usd-max.csv: 1628 lignes importées/mises à jour
[2026-08-11T21:07:04.120Z] ✅ erg-usd-max.csv: 2433 lignes importées/mises à jour
[2026-08-11T21:07:04.562Z] ✅ etc-usd-max.csv: 3506 lignes importées/mises à jour
[2026-08-11T21:07:05.059Z] ✅ eth-usd-max.csv: 3968 lignes importées/mises à jour
[2026-08-11T21:07:05.162Z] ✅ ethfi-usd-max.csv: 783 lignes importées/mises à jour
[2026-08-11T21:07:05.342Z] ✅ ethw-usd-max.csv: 1352 lignes importées/mises à jour
[2026-08-11T21:07:05.735Z] ✅ etn-usd-max.csv: 3034 lignes importées/mises à jour
[2026-08-11T21:07:05.910Z] ✅ eul-usd-max.csv: 1414 lignes importées/mises à jour
[2026-08-11T21:07:06.095Z] ✅ eurc-usd-max.csv: 1387 lignes importées/mises à jour
[2026-08-11T21:07:06.360Z] ✅ ewt-usd-max.csv: 2160 lignes importées/mises à jour
[2026-08-11T21:07:06.434Z] ✅ fartcoin-usd-max.csv: 599 lignes importées/mises à jour
[2026-08-11T21:07:06.563Z] ✅ fdusd-usd-max.csv: 948 lignes importées/mises à jour
[2026-08-11T21:07:06.915Z] ✅ fet-usd-max.csv: 2682 lignes importées/mises à jour
[2026-08-11T21:07:07.164Z] ✅ fil-usd-max.csv: 1962 lignes importées/mises à jour
[2026-08-11T21:07:07.391Z] ✅ floki-usd-max.csv: 1827 lignes importées/mises à jour
[2026-08-11T21:07:07.640Z] ✅ flow-usd-max.csv: 2015 lignes importées/mises à jour
[2026-08-11T21:07:07.795Z] ✅ flr-usd-max.csv: 1145 lignes importées/mises à jour
[2026-08-11T21:07:08.137Z] ✅ flux-usd-max.csv: 2769 lignes importées/mises à jour
[2026-08-11T21:07:08.176Z] ✅ form-usd-max.csv: 267 lignes importées/mises à jour
[2026-08-11T21:07:08.512Z] ✅ ftt-usd-max.csv: 2405 lignes importées/mises à jour
[2026-08-11T21:07:08.637Z] ✅ g-usd-max.csv: 746 lignes importées/mises à jour
[2026-08-11T21:07:08.929Z] ✅ gala-usd-max.csv: 1991 lignes importées/mises à jour
[2026-08-11T21:07:09.317Z] ✅ gas-usd-max.csv: 3132 lignes importées/mises à jour
[2026-08-11T21:07:09.433Z] ✅ giga-usd-max.csv: 868 lignes importées/mises à jour
[2026-08-11T21:07:09.479Z] ✅ giggle-usd-max.csv: 307 lignes importées/mises à jour
[2026-08-11T21:07:09.898Z] ✅ glm-usd-max.csv: 3389 lignes importées/mises à jour
[2026-08-11T21:07:10.093Z] ✅ gmt-usd-max.csv: 1597 lignes importées/mises à jour
[2026-08-11T21:07:10.311Z] ✅ gmx-usd-max.csv: 1711 lignes importées/mises à jour
[2026-08-11T21:07:10.713Z] ✅ gno-usd-max.csv: 3281 lignes importées/mises à jour
[2026-08-11T21:07:10.784Z] ✅ goat-usd-max.csv: 518 lignes importées/mises à jour
[2026-08-11T21:07:10.861Z] ✅ grass-usd-max.csv: 502 lignes importées/mises à jour
[2026-08-11T21:07:11.181Z] ✅ grt-usd-max.csv: 1899 lignes importées/mises à jour
[2026-08-11T21:07:11.232Z] ✅ gusd-usd-max.csv: 279 lignes importées/mises à jour
[2026-08-11T21:07:11.293Z] ✅ h-usd-max.csv: 402 lignes importées/mises à jour
[2026-08-11T21:07:11.634Z] ✅ hbar-usd-max.csv: 2355 lignes importées/mises à jour
[2026-08-11T21:07:11.956Z] ✅ hive-usd-max.csv: 2168 lignes importées/mises à jour
[2026-08-11T21:07:12.252Z] ✅ hnt-usd-max.csv: 2142 lignes importées/mises à jour
[2026-08-11T21:07:12.744Z] ✅ hot-usd-max.csv: 2861 lignes importées/mises à jour
[2026-08-11T21:07:12.811Z] ✅ huma-usd-max.csv: 437 lignes importées/mises à jour
[2026-08-11T21:07:12.897Z] ✅ hype-usd-max.csv: 576 lignes importées/mises à jour
[2026-08-11T21:07:13.131Z] ✅ icp-usd-max.csv: 1808 lignes importées/mises à jour
[2026-08-11T21:07:13.529Z] ✅ icx-usd-max.csv: 3045 lignes importées/mises à jour
[2026-08-11T21:07:13.738Z] ✅ imx-usd-max.csv: 1631 lignes importées/mises à jour
[2026-08-11T21:07:14.003Z] ✅ inj-usd-max.csv: 2039 lignes importées/mises à jour
[2026-08-11T21:07:14.090Z] ✅ io-usd-max.csv: 654 lignes importées/mises à jour
[2026-08-11T21:07:14.470Z] ✅ iost-usd-max.csv: 2958 lignes importées/mises à jour
[2026-08-11T21:07:14.845Z] ✅ iotx-usd-max.csv: 2835 lignes importées/mises à jour
[2026-08-11T21:07:14.906Z] ✅ ip-usd-max.csv: 441 lignes importées/mises à jour
[2026-08-11T21:07:15.277Z] ✅ iq-usd-max.csv: 2908 lignes importées/mises à jour
[2026-08-11T21:07:15.514Z] ✅ jasmy-usd-max.csv: 1818 lignes importées/mises à jour
[2026-08-11T21:07:15.589Z] ✅ jellyjelly-usd-max.csv: 554 lignes importées/mises à jour
[2026-08-11T21:07:15.862Z] ✅ jst-usd-max.csv: 2122 lignes importées/mises à jour
[2026-08-11T21:07:15.981Z] ✅ jto-usd-max.csv: 967 lignes importées/mises à jour
[2026-08-11T21:07:16.065Z] ✅ kaia-usd-max.csv: 590 lignes importées/mises à jour
[2026-08-11T21:07:16.123Z] ✅ kaito-usd-max.csv: 426 lignes importées/mises à jour
[2026-08-11T21:07:16.314Z] ✅ kas-usd-max.csv: 1479 lignes importées/mises à jour
[2026-08-11T21:07:16.617Z] ✅ kava-usd-max.csv: 2317 lignes importées/mises à jour
[2026-08-11T21:07:17.017Z] ✅ kcs-usd-max.csv: 3125 lignes importées/mises à jour
[2026-08-11T21:07:17.053Z] ✅ kgen-usd-max.csv: 265 lignes importées/mises à jour
[2026-08-11T21:07:17.154Z] ✅ kmno-usd-max.csv: 768 lignes importées/mises à jour
[2026-08-11T21:07:17.387Z] ✅ knc-usd-max.csv: 1840 lignes importées/mises à jour
[2026-08-11T21:07:17.623Z] ✅ kub-usd-max.csv: 1846 lignes importées/mises à jour
[2026-08-11T21:07:17.868Z] ✅ ldo-usd-max.csv: 1880 lignes importées/mises à jour
[2026-08-11T21:07:17.903Z] ✅ linea-usd-max.csv: 241 lignes importées/mises à jour
[2026-08-11T21:07:18.311Z] ✅ link-usd-max.csv: 3177 lignes importées/mises à jour
[2026-08-11T21:07:18.674Z] ✅ lpt-usd-max.csv: 2697 lignes importées/mises à jour
[2026-08-11T21:07:18.912Z] ✅ lqty-usd-max.csv: 1872 lignes importées/mises à jour
[2026-08-11T21:07:19.301Z] ✅ lrc-usd-max.csv: 3043 lignes importées/mises à jour
[2026-08-11T21:07:19.770Z] ✅ lsk-usd-max.csv: 3595 lignes importées/mises à jour
[2026-08-11T21:07:20.363Z] ✅ ltc-usd-max.csv: 4687 lignes importées/mises à jour
[2026-08-11T21:07:20.691Z] ✅ lunc-usd-max.csv: 2488 lignes importées/mises à jour
[2026-08-11T21:07:20.908Z] ✅ magic-usd-max.csv: 1685 lignes importées/mises à jour
[2026-08-11T21:07:21.297Z] ✅ mana-usd-max.csv: 3043 lignes importées/mises à jour
[2026-08-11T21:07:21.397Z] ✅ manta-usd-max.csv: 805 lignes importées/mises à jour
[2026-08-11T21:07:21.639Z] ✅ mask-usd-max.csv: 1918 lignes importées/mises à jour
[2026-08-11T21:07:21.771Z] ✅ matic-usd-max.csv: 995 lignes importées/mises à jour
[2026-08-11T21:07:21.885Z] ✅ meme-usd-max.csv: 848 lignes importées/mises à jour
[2026-08-11T21:07:22.122Z] ✅ metis-usd-max.csv: 1828 lignes importées/mises à jour
[2026-08-11T21:07:22.218Z] ✅ mew-usd-max.csv: 752 lignes importées/mises à jour
[2026-08-11T21:07:22.448Z] ✅ mina-usd-max.csv: 1831 lignes importées/mises à jour
[2026-08-11T21:07:22.849Z] ✅ mkr-usd-max.csv: 3112 lignes importées/mises à jour
[2026-08-11T21:07:22.973Z] ✅ mnt-usd-max.csv: 957 lignes importées/mises à jour
[2026-08-11T21:07:23.055Z] ✅ moca-usd-max.csv: 619 lignes importées/mises à jour
[2026-08-11T21:07:23.184Z] ✅ mog-usd-max.csv: 1003 lignes importées/mises à jour
[2026-08-11T21:07:23.262Z] ✅ moodeng-usd-max.csv: 598 lignes importées/mises à jour
[2026-08-11T21:07:23.343Z] ✅ morpho-usd-max.csv: 625 lignes importées/mises à jour
[2026-08-11T21:07:23.408Z] ✅ move-usd-max.csv: 455 lignes importées/mises à jour
[2026-08-11T21:07:23.816Z] ✅ mtl-usd-max.csv: 3150 lignes importées/mises à jour
[2026-08-11T21:07:23.823Z] ✅ mumu-usd-max.csv: 11 lignes importées/mises à jour
[2026-08-11T21:07:24.170Z] ✅ mvl-usd-max.csv: 2772 lignes importées/mises à jour
[2026-08-11T21:07:24.493Z] ✅ mx-usd-max.csv: 2576 lignes importées/mises à jour
[2026-08-11T21:07:24.775Z] ✅ near-usd-max.csv: 2023 lignes importées/mises à jour
[2026-08-11T21:07:24.850Z] ✅ neiro-usd-max.csv: 592 lignes importées/mises à jour
[2026-08-11T21:07:25.297Z] ✅ neo-usd-max.csv: 3510 lignes importées/mises à jour
[2026-08-11T21:07:25.709Z] ✅ nexo-usd-max.csv: 2841 lignes importées/mises à jour
[2026-08-11T21:07:25.949Z] ✅ nft-usd-max.csv: 1841 lignes importées/mises à jour
[2026-08-11T21:07:26.355Z] ✅ nmr-usd-max.csv: 3152 lignes importées/mises à jour
[2026-08-11T21:07:26.464Z] ✅ not-usd-max.csv: 765 lignes importées/mises à jour
[2026-08-11T21:07:26.527Z] ✅ nxpc-usd-max.csv: 436 lignes importées/mises à jour
[2026-08-11T21:07:26.723Z] ✅ nym-usd-max.csv: 1473 lignes importées/mises à jour
[2026-08-11T21:07:27.125Z] ✅ okb-usd-max.csv: 2934 lignes importées/mises à jour
[2026-08-11T21:07:27.527Z] ✅ omi-usd-max.csv: 2482 lignes importées/mises à jour
[2026-08-11T21:07:27.669Z] ✅ ondo-usd-max.csv: 862 lignes importées/mises à jour
[2026-08-11T21:07:28.094Z] ✅ one-usd-max.csv: 2463 lignes importées/mises à jour
[2026-08-11T21:07:28.569Z] ✅ ont-usd-max.csv: 2899 lignes importées/mises à jour
[2026-08-11T21:07:28.786Z] ✅ op-usd-max.csv: 1417 lignes importées/mises à jour
[2026-08-11T21:07:29.168Z] ✅ orbs-usd-max.csv: 2517 lignes importées/mises à jour
[2026-08-11T21:07:29.360Z] ✅ ordi-usd-max.csv: 1076 lignes importées/mises à jour
[2026-08-11T21:07:29.646Z] ✅ osmo-usd-max.csv: 1835 lignes importées/mises à jour
[2026-08-11T21:07:29.794Z] ✅ ozo-usd-max.csv: 950 lignes importées/mises à jour
[2026-08-11T21:07:30.172Z] ✅ paxg-usd-max.csv: 2468 lignes importées/mises à jour
[2026-08-11T21:07:30.582Z] ✅ pci-usd-max.csv: 2383 lignes importées/mises à jour
[2026-08-11T21:07:30.672Z] ✅ peaq-usd-max.csv: 480 lignes importées/mises à jour
[2026-08-11T21:07:31.029Z] ✅ pendle-usd-max.csv: 1907 lignes importées/mises à jour
[2026-08-11T21:07:31.146Z] ✅ pengu-usd-max.csv: 582 lignes importées/mises à jour
[2026-08-11T21:07:31.549Z] ✅ people-usd-max.csv: 1624 lignes importées/mises à jour
[2026-08-11T21:07:31.789Z] ✅ pepe-usd-max.csv: 1170 lignes importées/mises à jour
[2026-08-11T21:07:31.891Z] ✅ pippin-usd-max.csv: 537 lignes importées/mises à jour
[2026-08-11T21:07:32.050Z] ✅ pixel-usd-max.csv: 833 lignes importées/mises à jour
[2026-08-11T21:07:32.158Z] ✅ plume-usd-max.csv: 475 lignes importées/mises à jour
[2026-08-11T21:07:32.446Z] ✅ pokt-usd-max.csv: 1598 lignes importées/mises à jour
[2026-08-11T21:07:32.701Z] ✅ polyx-usd-max.csv: 1438 lignes importées/mises à jour
[2026-08-11T21:07:32.836Z] ✅ popcat-usd-max.csv: 862 lignes importées/mises à jour
[2026-08-11T21:07:33.360Z] ✅ powr-usd-max.csv: 3034 lignes importées/mises à jour
[2026-08-11T21:07:33.874Z] ✅ pro-usd-max.csv: 3159 lignes importées/mises à jour
[2026-08-11T21:07:34.237Z] ✅ prom-usd-max.csv: 2436 lignes importées/mises à jour
[2026-08-11T21:07:34.507Z] ✅ pundix-usd-max.csv: 1905 lignes importées/mises à jour
[2026-08-11T21:07:34.648Z] ✅ pyth-usd-max.csv: 992 lignes importées/mises à jour
[2026-08-11T21:07:34.784Z] ✅ pyusd-usd-max.csv: 923 lignes importées/mises à jour
[2026-08-11T21:07:35.215Z] ✅ qkc-usd-max.csv: 2825 lignes importées/mises à jour
[2026-08-11T21:07:35.667Z] ✅ qnt-usd-max.csv: 2911 lignes importées/mises à jour
[2026-08-11T21:07:36.182Z] ✅ qtum-usd-max.csv: 3181 lignes importées/mises à jour
[2026-08-11T21:07:36.479Z] ✅ ray-usd-max.csv: 1940 lignes importées/mises à jour
[2026-08-11T21:07:36.522Z] ✅ red-usd-max.csv: 281 lignes importées/mises à jour
[2026-08-11T21:07:36.853Z] ✅ render-usd-max.csv: 2195 lignes importées/mises à jour
[2026-08-11T21:07:37.309Z] ✅ req-usd-max.csv: 3043 lignes importées/mises à jour
[2026-08-11T21:07:37.333Z] ✅ river-usd-max.csv: 119 lignes importées/mises à jour
[2026-08-11T21:07:37.806Z] ✅ rlc-usd-max.csv: 3236 lignes importées/mises à jour
[2026-08-11T21:07:37.880Z] ✅ rlusd-usd-max.csv: 438 lignes importées/mises à jour
[2026-08-11T21:07:38.107Z] ✅ ron-usd-max.csv: 1584 lignes importées/mises à jour
[2026-08-11T21:07:38.402Z] ✅ rose-usd-max.csv: 1927 lignes importées/mises à jour
[2026-08-11T21:07:38.897Z] ✅ rpl-usd-max.csv: 2824 lignes importées/mises à jour
[2026-08-11T21:07:39.404Z] ✅ rsr-usd-max.csv: 2473 lignes importées/mises à jour
[2026-08-11T21:07:39.786Z] ✅ rune-usd-max.csv: 2414 lignes importées/mises à jour
[2026-08-11T21:07:40.239Z] ✅ rvn-usd-max.csv: 2901 lignes importées/mises à jour
[2026-08-11T21:07:40.310Z] ✅ s-usd-max.csv: 412 lignes importées/mises à jour
[2026-08-11T21:07:40.426Z] ✅ safe-usd-max.csv: 631 lignes importées/mises à jour
[2026-08-11T21:07:40.492Z] ✅ sahara-usd-max.csv: 401 lignes importées/mises à jour
[2026-08-11T21:07:40.821Z] ✅ sand-usd-max.csv: 2032 lignes importées/mises à jour
[2026-08-11T21:07:40.879Z] ✅ sapien-usd-max.csv: 324 lignes importées/mises à jour
[2026-08-11T21:07:41.724Z] ✅ sc-usd-max.csv: 3839 lignes importées/mises à jour
[2026-08-11T21:07:41.910Z] ✅ sei-usd-max.csv: 1010 lignes importées/mises à jour
[2026-08-11T21:07:42.237Z] ✅ sfp-usd-max.csv: 1911 lignes importées/mises à jour
[2026-08-11T21:07:42.597Z] ✅ shib-usd-max.csv: 2139 lignes importées/mises à jour
[2026-08-11T21:07:43.022Z] ✅ shx-usd-max.csv: 2598 lignes importées/mises à jour
[2026-08-11T21:07:43.089Z] ✅ siren-usd-max.csv: 387 lignes importées/mises à jour
[2026-08-11T21:07:43.399Z] ✅ skl-usd-max.csv: 1915 lignes importées/mises à jour
[2026-08-11T21:07:43.461Z] ✅ skyai-usd-max.csv: 377 lignes importées/mises à jour
[2026-08-11T21:07:43.803Z] ✅ slp-usd-max.csv: 2240 lignes importées/mises à jour
[2026-08-11T21:07:43.961Z] ✅ snek-usd-max.csv: 1092 lignes importées/mises à jour
[2026-08-11T21:07:44.401Z] ✅ snx-usd-max.csv: 2901 lignes importées/mises à jour
[2026-08-11T21:07:44.737Z] ✅ sol-usd-max.csv: 2260 lignes importées/mises à jour
[2026-08-11T21:07:44.794Z] ✅ somi-usd-max.csv: 339 lignes importées/mises à jour
[2026-08-11T21:07:44.885Z] ✅ soso-usd-max.csv: 523 lignes importées/mises à jour
[2026-08-11T21:07:45.157Z] ✅ spell-usd-max.csv: 1878 lignes importées/mises à jour
[2026-08-11T21:07:45.213Z] ✅ spk-usd-max.csv: 330 lignes importées/mises à jour
[2026-08-11T21:07:45.372Z] ✅ spx-usd-max.csv: 986 lignes importées/mises à jour
[2026-08-11T21:07:45.498Z] ✅ sqd-usd-max.csv: 797 lignes importées/mises à jour
[2026-08-11T21:07:45.794Z] ✅ ssv-usd-max.csv: 1699 lignes importées/mises à jour
[2026-08-11T21:07:46.642Z] ✅ steem-usd-max.csv: 3603 lignes importées/mises à jour
[2026-08-11T21:07:47.317Z] ✅ steth-usd-max.csv: 2042 lignes importées/mises à jour
[2026-08-11T21:07:47.792Z] ✅ stg-usd-max.csv: 1562 lignes importées/mises à jour
[2026-08-11T21:07:48.620Z] ✅ storj-usd-max.csv: 3071 lignes importées/mises à jour
[2026-08-11T21:07:49.278Z] ✅ strax-usd-max.csv: 3487 lignes importées/mises à jour
[2026-08-11T21:07:49.450Z] ✅ strk-usd-max.csv: 780 lignes importées/mises à jour
[2026-08-11T21:07:50.339Z] ✅ stx-usd-max.csv: 2317 lignes importées/mises à jour
[2026-08-11T21:07:50.614Z] ✅ sui-usd-max.csv: 1185 lignes importées/mises à jour
[2026-08-11T21:07:51.018Z] ✅ super-usd-max.csv: 1909 lignes importées/mises à jour
[2026-08-11T21:07:51.397Z] ✅ sushi-usd-max.csv: 2010 lignes importées/mises à jour
[2026-08-11T21:07:51.930Z] ✅ swftc-usd-max.csv: 3052 lignes importées/mises à jour
[2026-08-11T21:07:52.047Z] ✅ syrup-usd-max.csv: 609 lignes importées/mises à jour
[2026-08-11T21:07:52.216Z] ✅ tao-usd-max.csv: 1093 lignes importées/mises à jour
[2026-08-11T21:07:52.878Z] ✅ tel-usd-max.csv: 3051 lignes importées/mises à jour
[2026-08-11T21:07:53.310Z] ✅ tfuel-usd-max.csv: 2531 lignes importées/mises à jour
[2026-08-11T21:07:53.751Z] ✅ theta-usd-max.csv: 2957 lignes importées/mises à jour
[2026-08-11T21:07:53.889Z] ✅ tia-usd-max.csv: 995 lignes importées/mises à jour
[2026-08-11T21:07:54.126Z] ✅ ton-usd-max.csv: 1751 lignes importées/mises à jour
[2026-08-11T21:07:54.261Z] ✅ toshi-usd-max.csv: 947 lignes importées/mises à jour
[2026-08-11T21:07:54.669Z] ✅ trac-usd-max.csv: 2948 lignes importées/mises à jour
[2026-08-11T21:07:55.021Z] ✅ trb-usd-max.csv: 2483 lignes importées/mises à jour
[2026-08-11T21:07:55.088Z] ✅ trump-usd-max.csv: 463 lignes importées/mises à jour
[2026-08-11T21:07:55.526Z] ✅ trx-usd-max.csv: 3144 lignes importées/mises à jour
[2026-08-11T21:07:55.937Z] ✅ tusd-usd-max.csv: 2885 lignes importées/mises à jour
[2026-08-11T21:07:56.243Z] ✅ twt-usd-max.csv: 2209 lignes importées/mises à jour
[2026-08-11T21:07:56.537Z] ✅ uma-usd-max.csv: 2131 lignes importées/mises à jour
[2026-08-11T21:07:56.836Z] ✅ uni-usd-max.csv: 1990 lignes importées/mises à jour
[2026-08-11T21:07:56.944Z] ✅ usd0-usd-max.csv: 761 lignes importées/mises à jour
[2026-08-11T21:07:57.342Z] ✅ usdc-usd-max.csv: 2814 lignes importées/mises à jour
[2026-08-11T21:07:57.552Z] ✅ usdd-usd-max.csv: 1520 lignes importées/mises à jour
[2026-08-11T21:07:57.663Z] ✅ usde-usd-max.csv: 837 lignes importées/mises à jour
[2026-08-11T21:07:57.748Z] ✅ usdg-usd-max.csv: 480 lignes importées/mises à jour
[2026-08-11T21:07:58.321Z] ✅ usdt-usd-max.csv: 4109 lignes importées/mises à jour
[2026-08-11T21:07:58.391Z] ✅ vana-usd-max.csv: 447 lignes importées/mises à jour
[2026-08-11T21:07:58.693Z] ✅ velo-usd-max.csv: 2125 lignes importées/mises à jour
[2026-08-11T21:07:59.068Z] ✅ vet-usd-max.csv: 2773 lignes importées/mises à jour
[2026-08-11T21:07:59.191Z] ✅ virtual-usd-max.csv: 917 lignes importées/mises à jour
[2026-08-11T21:07:59.585Z] ✅ vtho-usd-max.csv: 2760 lignes importées/mises à jour
[2026-08-11T21:07:59.646Z] ✅ vvv-usd-max.csv: 434 lignes importées/mises à jour
[2026-08-11T21:07:59.755Z] ✅ w-usd-max.csv: 774 lignes importées/mises à jour
[2026-08-11T21:08:00.236Z] ✅ waves-usd-max.csv: 3558 lignes importées/mises à jour
[2026-08-11T21:08:00.637Z] ✅ waxp-usd-max.csv: 2973 lignes importées/mises à jour
[2026-08-11T21:08:00.892Z] ✅ wbnb-usd-max.csv: 1954 lignes importées/mises à jour
[2026-08-11T21:08:01.248Z] ✅ wbtc-usd-max.csv: 2728 lignes importées/mises à jour
[2026-08-11T21:08:01.524Z] ✅ wemix-usd-max.csv: 2040 lignes importées/mises à jour
[2026-08-11T21:08:01.922Z] ✅ weth-usd-max.csv: 3038 lignes importées/mises à jour
[2026-08-11T21:08:02.025Z] ✅ wif-usd-max.csv: 799 lignes importées/mises à jour
[2026-08-11T21:08:02.169Z] ✅ wld-usd-max.csv: 1108 lignes importées/mises à jour
[2026-08-11T21:08:02.219Z] ✅ wlfi-usd-max.csv: 342 lignes importées/mises à jour
[2026-08-11T21:08:02.319Z] ✅ xai-usd-max.csv: 768 lignes importées/mises à jour
[2026-08-11T21:08:02.354Z] ✅ xan-usd-max.csv: 219 lignes importées/mises à jour
[2026-08-11T21:08:02.660Z] ✅ xaut-usd-max.csv: 2336 lignes importées/mises à jour
[2026-08-11T21:08:02.898Z] ✅ xch-usd-max.csv: 1857 lignes importées/mises à jour
[2026-08-11T21:08:03.148Z] ✅ xcn-usd-max.csv: 1446 lignes importées/mises à jour
[2026-08-11T21:08:03.658Z] ✅ xdce-usd-max.csv: 2880 lignes importées/mises à jour
[2026-08-11T21:08:03.903Z] ✅ xec-usd-max.csv: 1786 lignes importées/mises à jour
[2026-08-11T21:08:04.480Z] ✅ xlm-usd-max.csv: 4218 lignes importées/mises à jour
[2026-08-11T21:08:05.055Z] ✅ xmr-usd-max.csv: 4299 lignes importées/mises à jour
[2026-08-11T21:08:05.690Z] ✅ xrp-usd-max.csv: 4697 lignes importées/mises à jour
[2026-08-11T21:08:06.058Z] ✅ xtz-usd-max.csv: 2797 lignes importées/mises à jour
[2026-08-11T21:08:06.625Z] ✅ xvg-usd-max.csv: 4162 lignes importées/mises à jour
[2026-08-11T21:08:06.899Z] ✅ xvs-usd-max.csv: 1971 lignes importées/mises à jour
[2026-08-11T21:08:07.294Z] ✅ xyo-usd-max.csv: 2906 lignes importées/mises à jour
[2026-08-11T21:08:07.578Z] ✅ yfi-usd-max.csv: 2051 lignes importées/mises à jour
[2026-08-11T21:08:07.680Z] ✅ zbcn-usd-max.csv: 729 lignes importées/mises à jour
[2026-08-11T21:08:08.156Z] ✅ zec-usd-max.csv: 3520 lignes importées/mises à jour
[2026-08-11T21:08:08.605Z] ✅ zen-usd-max.csv: 3181 lignes importées/mises à jour
[2026-08-11T21:08:08.711Z] ✅ zeta-usd-max.csv: 787 lignes importées/mises à jour
[2026-08-11T21:08:08.978Z] ✅ zig-usd-max.csv: 1886 lignes importées/mises à jour
[2026-08-11T21:08:09.107Z] ✅ zk-usd-max.csv: 749 lignes importées/mises à jour
[2026-08-11T21:08:09.234Z] ✅ zro-usd-max.csv: 725 lignes importées/mises à jour
[2026-08-11T21:08:09.744Z] IMPORTED_COUNT=623583
[2026-08-11T21:08:09.744Z] === FIN IMPORT HISTORIQUE ===
[2026-08-11T21:08:09.744Z] Import terminé
[2026-08-11T21:08:09.743Z] ✅ zrx-usd-max.csv: 3056 lignes importées/mises à jour
[2026-08-11T21:08:09.761Z] MongoDB connecté ✔
[2026-08-11T21:08:09.761Z] === DEBUT IMPORT PRIX DU JOUR ===
[2026-08-11T21:08:09.954Z] Suppression coins_non_trouvés réussie
[2026-08-11T21:08:11.923Z] [object Object]
[2026-08-11T21:08:14.668Z] === FIN IMPORT PRIX DU JOUR ===
[2026-08-11T21:08:14.668Z] IMPORTED_COUNT=355
