[2026-08-14T05:25:03.594Z] === DEBUT IMPORT BITCOIN ===
[2026-08-14T05:25:03.594Z] BITCOIN PATH: /app/storage/historique/btc-usd-max.csv
[2026-08-14T05:25:03.595Z] === Suppression ancienne data ===
[2026-08-14T05:25:03.664Z] === Étape 1 : Import CSV ===
[2026-08-14T05:25:03.664Z] → Collection Bitcoin vidée
[2026-08-14T05:25:04.385Z] IMPORTED_COUNT=4853
[2026-08-14T05:25:04.385Z] → 4853 lignes insérées
[2026-08-14T05:25:04.385Z] === Étape 2 : Calcul diff ===
[2026-08-14T05:25:04.385Z] Import terminé
[2026-08-14T05:25:04.386Z] Calcul des diff…
[2026-08-14T05:25:04.518Z] → 4853 lignes chargées
[2026-08-14T05:25:05.559Z] Calcul diff terminé !
[2026-08-14T05:25:05.559Z] === FIN IMPORT BITCOIN ===
[2026-08-14T05:25:05.559Z] === Terminé ===
[2026-08-14T05:25:05.583Z] === DEBUT IMPORT HISTORIQUE ===
[2026-08-14T05:25:05.584Z] HISTORY BITCOIN PATH: /app/storage/historique/btc-usd-max.csv
[2026-08-14T05:25:05.598Z] Suppression coins_non_importes réussie
[2026-08-14T05:25:05.880Z] Taux USD → EUR :
[2026-08-14T05:25:05.895Z] Coins sans historique :
[2026-08-14T05:25:05.895Z] 📌 0 coins ajoutés dans coins_non_importes
[2026-08-14T05:25:05.895Z] Fichiers trouvés: 481
[2026-08-14T05:25:06.017Z] ✅ 0g-usd-max.csv: 306 lignes importées/mises à jour
[2026-08-14T05:25:06.256Z] ✅ 1000sats-usd-max.csv: 840 lignes importées/mises à jour
[2026-08-14T05:25:06.720Z] ✅ 1inch-usd-max.csv: 1891 lignes importées/mises à jour
[2026-08-14T05:25:06.779Z] ✅ 2z-usd-max.csv: 236 lignes importées/mises à jour
[2026-08-14T05:25:06.899Z] ✅ a-usd-max.csv: 407 lignes importées/mises à jour
[2026-08-14T05:25:07.415Z] ✅ aave-usd-max.csv: 1974 lignes importées/mises à jour
[2026-08-14T05:25:08.163Z] ✅ ab-usd-max.csv: 2509 lignes importées/mises à jour
[2026-08-14T05:25:08.828Z] ✅ ach-usd-max.csv: 1999 lignes importées/mises à jour
[2026-08-14T05:25:09.266Z] ✅ acx-usd-max.csv: 1337 lignes importées/mises à jour
[2026-08-14T05:25:10.273Z] ✅ ada-usd-max.csv: 3055 lignes importées/mises à jour
[2026-08-14T05:25:10.726Z] ✅ aero-usd-max.csv: 924 lignes importées/mises à jour
[2026-08-14T05:25:11.650Z] ✅ aioz-usd-max.csv: 1868 lignes importées/mises à jour
[2026-08-14T05:25:11.854Z] ✅ aixbt-usd-max.csv: 472 lignes importées/mises à jour
[2026-08-14T05:25:12.576Z] ✅ akt-usd-max.csv: 2045 lignes importées/mises à jour
[2026-08-14T05:25:12.785Z] ✅ alch-usd-max.csv: 547 lignes importées/mises à jour
[2026-08-14T05:25:13.918Z] ✅ algo-usd-max.csv: 2444 lignes importées/mises à jour
[2026-08-14T05:25:14.188Z] ✅ alt-usd-max.csv: 803 lignes importées/mises à jour
[2026-08-14T05:25:14.816Z] ✅ amp-usd-max.csv: 1998 lignes importées/mises à jour
[2026-08-14T05:25:14.989Z] ✅ anime-usd-max.csv: 557 lignes importées/mises à jour
[2026-08-14T05:25:15.552Z] ✅ ape-usd-max.csv: 1525 lignes importées/mises à jour
[2026-08-14T05:25:16.037Z] ✅ apex-usd-max.csv: 1505 lignes importées/mises à jour
[2026-08-14T05:25:16.606Z] ✅ api3-usd-max.csv: 1916 lignes importées/mises à jour
[2026-08-14T05:25:16.931Z] ✅ apt-usd-max.csv: 1228 lignes importées/mises à jour
[2026-08-14T05:25:17.639Z] ✅ ar-usd-max.csv: 2474 lignes importées/mises à jour
[2026-08-14T05:25:17.938Z] ✅ arb-usd-max.csv: 1073 lignes importées/mises à jour
[2026-08-14T05:25:18.846Z] ✅ ark-usd-max.csv: 3264 lignes importées/mises à jour
[2026-08-14T05:25:19.107Z] ✅ arkm-usd-max.csv: 1053 lignes importées/mises à jour
[2026-08-14T05:25:19.600Z] ✅ arpa-usd-max.csv: 2467 lignes importées/mises à jour
[2026-08-14T05:25:20.132Z] ✅ arrr-usd-max.csv: 2575 lignes importées/mises à jour
[2026-08-14T05:25:20.189Z] ✅ aster-usd-max.csv: 314 lignes importées/mises à jour
[2026-08-14T05:25:20.480Z] ✅ astr-usd-max.csv: 1642 lignes importées/mises à jour
[2026-08-14T05:25:20.664Z] ✅ ath-usd-max.csv: 789 lignes importées/mises à jour
[2026-08-14T05:25:21.088Z] ✅ atom-usd-max.csv: 2628 lignes importées/mises à jour
[2026-08-14T05:25:21.431Z] ✅ auction-usd-max.csv: 1923 lignes importées/mises à jour
[2026-08-14T05:25:21.804Z] ✅ audio-usd-max.csv: 1954 lignes importées/mises à jour
[2026-08-14T05:25:22.248Z] ✅ avax-usd-max.csv: 2072 lignes importées/mises à jour
[2026-08-14T05:25:22.295Z] ✅ avnt-usd-max.csv: 172 lignes importées/mises à jour
[2026-08-14T05:25:22.813Z] ✅ awe-usd-max.csv: 2613 lignes importées/mises à jour
[2026-08-14T05:25:23.075Z] ✅ axl-usd-max.csv: 1371 lignes importées/mises à jour
[2026-08-14T05:25:23.432Z] ✅ axs-usd-max.csv: 1942 lignes importées/mises à jour
[2026-08-14T05:25:23.504Z] ✅ ban-usd-max.csv: 490 lignes importées/mises à jour
[2026-08-14T05:25:23.590Z] ✅ bananas31-usd-max.csv: 586 lignes importées/mises à jour
[2026-08-14T05:25:23.899Z] ✅ band-usd-max.csv: 2354 lignes importées/mises à jour
[2026-08-14T05:25:23.929Z] ✅ bard-usd-max.csv: 217 lignes importées/mises à jour
[2026-08-14T05:25:24.315Z] ✅ bat-usd-max.csv: 3187 lignes importées/mises à jour
[2026-08-14T05:25:24.714Z] ✅ bch-usd-max.csv: 3217 lignes importées/mises à jour
[2026-08-14T05:25:25.032Z] ✅ bchsv-usd-max.csv: 2683 lignes importées/mises à jour
[2026-08-14T05:25:25.377Z] ✅ bdx-usd-max.csv: 2771 lignes importées/mises à jour
[2026-08-14T05:25:25.481Z] ✅ beam-usd-max.csv: 856 lignes importées/mises à jour
[2026-08-14T05:25:25.525Z] ✅ beat-usd-max.csv: 280 lignes importées/mises à jour
[2026-08-14T05:25:25.597Z] ✅ bera-usd-max.csv: 542 lignes importées/mises à jour
[2026-08-14T05:25:25.839Z] ✅ bfc-usd-max.csv: 1895 lignes importées/mises à jour
[2026-08-14T05:25:26.065Z] ✅ bgb-usd-max.csv: 1766 lignes importées/mises à jour
[2026-08-14T05:25:26.138Z] ✅ bio-usd-max.csv: 570 lignes importées/mises à jour
[2026-08-14T05:25:26.286Z] ✅ blur-usd-max.csv: 1166 lignes importées/mises à jour
[2026-08-14T05:25:26.711Z] ✅ bnb-usd-max.csv: 3196 lignes importées/mises à jour
[2026-08-14T05:25:26.862Z] ✅ bonk-usd-max.csv: 1246 lignes importées/mises à jour
[2026-08-14T05:25:26.955Z] ✅ brett-usd-max.csv: 749 lignes importées/mises à jour
[2026-08-14T05:25:27.551Z] ✅ btc-usd-max.csv: 4854 lignes importées/mises à jour
[2026-08-14T05:25:27.816Z] ✅ btse-usd-max.csv: 2200 lignes importées/mises à jour
[2026-08-14T05:25:28.046Z] ✅ cake-usd-max.csv: 1978 lignes importées/mises à jour
[2026-08-14T05:25:28.286Z] ✅ cbk-usd-max.csv: 1893 lignes importées/mises à jour
[2026-08-14T05:25:28.488Z] ✅ ccd-usd-max.csv: 1582 lignes importées/mises à jour
[2026-08-14T05:25:28.768Z] ✅ celo-usd-max.csv: 2259 lignes importées/mises à jour
[2026-08-14T05:25:29.100Z] ✅ celr-usd-max.csv: 2531 lignes importées/mises à jour
[2026-08-14T05:25:29.226Z] ✅ cetus-usd-max.csv: 1038 lignes importées/mises à jour
[2026-08-14T05:25:29.284Z] ✅ cfg-usd-max.csv: 411 lignes importées/mises à jour
[2026-08-14T05:25:29.521Z] ✅ cfx-usd-max.csv: 1936 lignes importées/mises à jour
[2026-08-14T05:25:29.648Z] ✅ cgpt-usd-max.csv: 1090 lignes importées/mises à jour
[2026-08-14T05:25:29.948Z] ✅ chz-usd-max.csv: 2433 lignes importées/mises à jour
[2026-08-14T05:25:30.255Z] ✅ ckb-usd-max.csv: 2295 lignes importées/mises à jour
[2026-08-14T05:25:30.329Z] ✅ clanker-usd-max.csv: 560 lignes importées/mises à jour
[2026-08-14T05:25:30.638Z] ✅ comp-usd-max.csv: 2083 lignes importées/mises à jour
[2026-08-14T05:25:30.816Z] ✅ core-usd-max.csv: 1248 lignes importées/mises à jour
[2026-08-14T05:25:31.038Z] ✅ cow-usd-max.csv: 1568 lignes importées/mises à jour
[2026-08-14T05:25:31.450Z] ✅ cro-usd-max.csv: 2625 lignes importées/mises à jour
[2026-08-14T05:25:31.765Z] ✅ crv-usd-max.csv: 2024 lignes importées/mises à jour
[2026-08-14T05:25:31.909Z] ✅ crvusd-usd-max.csv: 1117 lignes importées/mises à jour
[2026-08-14T05:25:32.147Z] ✅ cspr-usd-max.csv: 1844 lignes importées/mises à jour
[2026-08-14T05:25:32.496Z] ✅ ctc-usd-max.csv: 2214 lignes importées/mises à jour
[2026-08-14T05:25:32.785Z] ✅ ctk-usd-max.csv: 1950 lignes importées/mises à jour
[2026-08-14T05:25:33.098Z] ✅ ctsi-usd-max.csv: 2136 lignes importées/mises à jour
[2026-08-14T05:25:33.348Z] ✅ cvx-usd-max.csv: 1834 lignes importées/mises à jour
[2026-08-14T05:25:33.478Z] ✅ cyber-usd-max.csv: 979 lignes importées/mises à jour
[2026-08-14T05:25:33.763Z] ✅ dai-usd-max.csv: 2293 lignes importées/mises à jour
[2026-08-14T05:25:34.294Z] ✅ dash-usd-max.csv: 4394 lignes importées/mises à jour
[2026-08-14T05:25:34.516Z] ✅ data-usd-max.csv: 1752 lignes importées/mises à jour
[2026-08-14T05:25:34.601Z] ✅ dbr-usd-max.csv: 634 lignes importées/mises à jour
[2026-08-14T05:25:35.044Z] ✅ dcr-usd-max.csv: 3792 lignes importées/mises à jour
[2026-08-14T05:25:35.118Z] ✅ deep-usd-max.csv: 618 lignes importées/mises à jour
[2026-08-14T05:25:35.219Z] ✅ degen-usd-max.csv: 772 lignes importées/mises à jour
[2026-08-14T05:25:35.458Z] ✅ dexe-usd-max.csv: 1971 lignes importées/mises à jour
[2026-08-14T05:25:35.995Z] ✅ dgb-usd-max.csv: 4404 lignes importées/mises à jour
[2026-08-14T05:25:36.237Z] ✅ dka-usd-max.csv: 2045 lignes importées/mises à jour
[2026-08-14T05:25:36.770Z] ✅ doge-usd-max.csv: 4383 lignes importées/mises à jour
[2026-08-14T05:25:36.845Z] ✅ dogs-usd-max.csv: 589 lignes importées/mises à jour
[2026-08-14T05:25:37.091Z] ✅ dot-usd-max.csv: 2019 lignes importées/mises à jour
[2026-08-14T05:25:37.384Z] ✅ dusk-usd-max.csv: 2496 lignes importées/mises à jour
[2026-08-14T05:25:37.482Z] ✅ dydx-usd-max.csv: 858 lignes importées/mises à jour
[2026-08-14T05:25:37.603Z] ✅ edu-usd-max.csv: 1037 lignes importées/mises à jour
[2026-08-14T05:25:37.833Z] ✅ egld-usd-max.csv: 2004 lignes importées/mises à jour
[2026-08-14T05:25:37.911Z] ✅ eigen-usd-max.csv: 666 lignes importées/mises à jour
[2026-08-14T05:25:38.298Z] ✅ elf-usd-max.csv: 3086 lignes importées/mises à jour
[2026-08-14T05:25:38.448Z] ✅ ena-usd-max.csv: 723 lignes importées/mises à jour
[2026-08-14T05:25:39.043Z] ✅ enj-usd-max.csv: 3032 lignes importées/mises à jour
[2026-08-14T05:25:39.288Z] ✅ ens-usd-max.csv: 1628 lignes importées/mises à jour
[2026-08-14T05:25:39.706Z] ✅ erg-usd-max.csv: 2433 lignes importées/mises à jour
[2026-08-14T05:25:40.232Z] ✅ etc-usd-max.csv: 3506 lignes importées/mises à jour
[2026-08-14T05:25:40.764Z] ✅ eth-usd-max.csv: 3968 lignes importées/mises à jour
[2026-08-14T05:25:40.860Z] ✅ ethfi-usd-max.csv: 783 lignes importées/mises à jour
[2026-08-14T05:25:41.045Z] ✅ ethw-usd-max.csv: 1352 lignes importées/mises à jour
[2026-08-14T05:25:41.441Z] ✅ etn-usd-max.csv: 3034 lignes importées/mises à jour
[2026-08-14T05:25:41.608Z] ✅ eul-usd-max.csv: 1414 lignes importées/mises à jour
[2026-08-14T05:25:41.771Z] ✅ eurc-usd-max.csv: 1387 lignes importées/mises à jour
[2026-08-14T05:25:42.022Z] ✅ ewt-usd-max.csv: 2160 lignes importées/mises à jour
[2026-08-14T05:25:42.101Z] ✅ fartcoin-usd-max.csv: 599 lignes importées/mises à jour
[2026-08-14T05:25:42.210Z] ✅ fdusd-usd-max.csv: 948 lignes importées/mises à jour
[2026-08-14T05:25:42.512Z] ✅ fet-usd-max.csv: 2682 lignes importées/mises à jour
[2026-08-14T05:25:42.734Z] ✅ fil-usd-max.csv: 1962 lignes importées/mises à jour
[2026-08-14T05:25:42.938Z] ✅ floki-usd-max.csv: 1827 lignes importées/mises à jour
[2026-08-14T05:25:43.161Z] ✅ flow-usd-max.csv: 2015 lignes importées/mises à jour
[2026-08-14T05:25:43.299Z] ✅ flr-usd-max.csv: 1145 lignes importées/mises à jour
[2026-08-14T05:25:43.612Z] ✅ flux-usd-max.csv: 2769 lignes importées/mises à jour
[2026-08-14T05:25:43.678Z] ✅ form-usd-max.csv: 510 lignes importées/mises à jour
[2026-08-14T05:25:43.955Z] ✅ ftt-usd-max.csv: 2405 lignes importées/mises à jour
[2026-08-14T05:25:44.040Z] ✅ g-usd-max.csv: 746 lignes importées/mises à jour
[2026-08-14T05:25:44.262Z] ✅ gala-usd-max.csv: 1991 lignes importées/mises à jour
[2026-08-14T05:25:44.630Z] ✅ gas-usd-max.csv: 3244 lignes importées/mises à jour
[2026-08-14T05:25:44.734Z] ✅ giga-usd-max.csv: 868 lignes importées/mises à jour
[2026-08-14T05:25:44.773Z] ✅ giggle-usd-max.csv: 307 lignes importées/mises à jour
[2026-08-14T05:25:45.158Z] ✅ glm-usd-max.csv: 3389 lignes importées/mises à jour
[2026-08-14T05:25:45.332Z] ✅ gmt-usd-max.csv: 1597 lignes importées/mises à jour
[2026-08-14T05:25:45.517Z] ✅ gmx-usd-max.csv: 1711 lignes importées/mises à jour
[2026-08-14T05:25:45.893Z] ✅ gno-usd-max.csv: 3281 lignes importées/mises à jour
[2026-08-14T05:25:45.956Z] ✅ goat-usd-max.csv: 518 lignes importées/mises à jour
[2026-08-14T05:25:46.024Z] ✅ grass-usd-max.csv: 502 lignes importées/mises à jour
[2026-08-14T05:25:46.298Z] ✅ grt-usd-max.csv: 1899 lignes importées/mises à jour
[2026-08-14T05:25:46.345Z] ✅ gusd-usd-max.csv: 279 lignes importées/mises à jour
[2026-08-14T05:25:46.693Z] ✅ hbar-usd-max.csv: 2355 lignes importées/mises à jour
[2026-08-14T05:25:47.002Z] ✅ hive-usd-max.csv: 2168 lignes importées/mises à jour
[2026-08-14T05:25:47.376Z] ✅ hnt-usd-max.csv: 2142 lignes importées/mises à jour
[2026-08-14T05:25:47.860Z] ✅ hot-usd-max.csv: 2861 lignes importées/mises à jour
[2026-08-14T05:25:47.933Z] ✅ huma-usd-max.csv: 437 lignes importées/mises à jour
[2026-08-14T05:25:48.031Z] ✅ hype-usd-max.csv: 576 lignes importées/mises à jour
[2026-08-14T05:25:48.299Z] ✅ icp-usd-max.csv: 1921 lignes importées/mises à jour
[2026-08-14T05:25:48.682Z] ✅ icx-usd-max.csv: 3045 lignes importées/mises à jour
[2026-08-14T05:25:48.911Z] ✅ imx-usd-max.csv: 1631 lignes importées/mises à jour
[2026-08-14T05:25:49.152Z] ✅ inj-usd-max.csv: 2039 lignes importées/mises à jour
[2026-08-14T05:25:49.231Z] ✅ io-usd-max.csv: 654 lignes importées/mises à jour
[2026-08-14T05:25:49.595Z] ✅ iost-usd-max.csv: 2958 lignes importées/mises à jour
[2026-08-14T05:25:49.933Z] ✅ iotx-usd-max.csv: 2835 lignes importées/mises à jour
[2026-08-14T05:25:49.988Z] ✅ ip-usd-max.csv: 441 lignes importées/mises à jour
[2026-08-14T05:25:50.337Z] ✅ iq-usd-max.csv: 2908 lignes importées/mises à jour
[2026-08-14T05:25:50.540Z] ✅ jasmy-usd-max.csv: 1818 lignes importées/mises à jour
[2026-08-14T05:25:50.606Z] ✅ jellyjelly-usd-max.csv: 554 lignes importées/mises à jour
[2026-08-14T05:25:50.849Z] ✅ jst-usd-max.csv: 2122 lignes importées/mises à jour
[2026-08-14T05:25:50.957Z] ✅ jto-usd-max.csv: 967 lignes importées/mises à jour
[2026-08-14T05:25:51.028Z] ✅ kaia-usd-max.csv: 590 lignes importées/mises à jour
[2026-08-14T05:25:51.078Z] ✅ kaito-usd-max.csv: 426 lignes importées/mises à jour
[2026-08-14T05:25:51.242Z] ✅ kas-usd-max.csv: 1479 lignes importées/mises à jour
[2026-08-14T05:25:51.513Z] ✅ kava-usd-max.csv: 2317 lignes importées/mises à jour
[2026-08-14T05:25:51.862Z] ✅ kcs-usd-max.csv: 3125 lignes importées/mises à jour
[2026-08-14T05:25:51.893Z] ✅ kgen-usd-max.csv: 265 lignes importées/mises à jour
[2026-08-14T05:25:51.981Z] ✅ kmno-usd-max.csv: 768 lignes importées/mises à jour
[2026-08-14T05:25:52.190Z] ✅ knc-usd-max.csv: 1840 lignes importées/mises à jour
[2026-08-14T05:25:52.404Z] ✅ kub-usd-max.csv: 1846 lignes importées/mises à jour
[2026-08-14T05:25:52.630Z] ✅ ldo-usd-max.csv: 1880 lignes importées/mises à jour
[2026-08-14T05:25:52.665Z] ✅ linea-usd-max.csv: 241 lignes importées/mises à jour
[2026-08-14T05:25:53.052Z] ✅ link-usd-max.csv: 3177 lignes importées/mises à jour
[2026-08-14T05:25:53.370Z] ✅ lpt-usd-max.csv: 2697 lignes importées/mises à jour
[2026-08-14T05:25:53.582Z] ✅ lqty-usd-max.csv: 1872 lignes importées/mises à jour
[2026-08-14T05:25:53.939Z] ✅ lrc-usd-max.csv: 3043 lignes importées/mises à jour
[2026-08-14T05:25:54.342Z] ✅ lsk-usd-max.csv: 3595 lignes importées/mises à jour
[2026-08-14T05:25:54.868Z] ✅ ltc-usd-max.csv: 4687 lignes importées/mises à jour
[2026-08-14T05:25:55.173Z] ✅ lunc-usd-max.csv: 2488 lignes importées/mises à jour
[2026-08-14T05:25:55.376Z] ✅ magic-usd-max.csv: 1685 lignes importées/mises à jour
[2026-08-14T05:25:55.867Z] ✅ mana-usd-max.csv: 3043 lignes importées/mises à jour
[2026-08-14T05:25:55.990Z] ✅ manta-usd-max.csv: 805 lignes importées/mises à jour
[2026-08-14T05:25:56.263Z] ✅ mask-usd-max.csv: 1918 lignes importées/mises à jour
[2026-08-14T05:25:56.394Z] ✅ matic-usd-max.csv: 995 lignes importées/mises à jour
[2026-08-14T05:25:56.523Z] ✅ meme-usd-max.csv: 848 lignes importées/mises à jour
[2026-08-14T05:25:56.902Z] ✅ metis-usd-max.csv: 1828 lignes importées/mises à jour
[2026-08-14T05:25:57.048Z] ✅ mew-usd-max.csv: 752 lignes importées/mises à jour
[2026-08-14T05:25:57.356Z] ✅ mina-usd-max.csv: 1831 lignes importées/mises à jour
[2026-08-14T05:25:57.839Z] ✅ mkr-usd-max.csv: 3112 lignes importées/mises à jour
[2026-08-14T05:25:57.976Z] ✅ mnt-usd-max.csv: 957 lignes importées/mises à jour
[2026-08-14T05:25:58.060Z] ✅ moca-usd-max.csv: 619 lignes importées/mises à jour
[2026-08-14T05:25:58.196Z] ✅ mog-usd-max.csv: 1003 lignes importées/mises à jour
[2026-08-14T05:25:58.275Z] ✅ moodeng-usd-max.csv: 598 lignes importées/mises à jour
[2026-08-14T05:25:58.360Z] ✅ morpho-usd-max.csv: 625 lignes importées/mises à jour
[2026-08-14T05:25:58.431Z] ✅ move-usd-max.csv: 455 lignes importées/mises à jour
[2026-08-14T05:25:58.995Z] ✅ mtl-usd-max.csv: 3150 lignes importées/mises à jour
[2026-08-14T05:25:59.007Z] ✅ mumu-usd-max.csv: 11 lignes importées/mises à jour
[2026-08-14T05:25:59.519Z] ✅ mvl-usd-max.csv: 2772 lignes importées/mises à jour
[2026-08-14T05:25:59.866Z] ✅ mx-usd-max.csv: 2576 lignes importées/mises à jour
[2026-08-14T05:26:00.113Z] ✅ near-usd-max.csv: 2023 lignes importées/mises à jour
[2026-08-14T05:26:00.183Z] ✅ neiro-usd-max.csv: 592 lignes importées/mises à jour
[2026-08-14T05:26:00.595Z] ✅ neo-usd-max.csv: 3510 lignes importées/mises à jour
[2026-08-14T05:26:00.926Z] ✅ nexo-usd-max.csv: 2841 lignes importées/mises à jour
[2026-08-14T05:26:01.130Z] ✅ nft-usd-max.csv: 1841 lignes importées/mises à jour
[2026-08-14T05:26:01.485Z] ✅ nmr-usd-max.csv: 3152 lignes importées/mises à jour
[2026-08-14T05:26:01.571Z] ✅ not-usd-max.csv: 765 lignes importées/mises à jour
[2026-08-14T05:26:01.625Z] ✅ nxpc-usd-max.csv: 436 lignes importées/mises à jour
[2026-08-14T05:26:01.792Z] ✅ nym-usd-max.csv: 1473 lignes importées/mises à jour
[2026-08-14T05:26:02.136Z] ✅ okb-usd-max.csv: 2934 lignes importées/mises à jour
[2026-08-14T05:26:02.422Z] ✅ omi-usd-max.csv: 2482 lignes importées/mises à jour
[2026-08-14T05:26:02.516Z] ✅ ondo-usd-max.csv: 862 lignes importées/mises à jour
[2026-08-14T05:26:02.858Z] ✅ one-usd-max.csv: 2463 lignes importées/mises à jour
[2026-08-14T05:26:03.227Z] ✅ ont-usd-max.csv: 2899 lignes importées/mises à jour
[2026-08-14T05:26:03.427Z] ✅ op-usd-max.csv: 1417 lignes importées/mises à jour
[2026-08-14T05:26:03.794Z] ✅ orbs-usd-max.csv: 2517 lignes importées/mises à jour
[2026-08-14T05:26:03.936Z] ✅ ordi-usd-max.csv: 1076 lignes importées/mises à jour
[2026-08-14T05:26:04.262Z] ✅ osmo-usd-max.csv: 1835 lignes importées/mises à jour
[2026-08-14T05:26:04.403Z] ✅ ozo-usd-max.csv: 950 lignes importées/mises à jour
[2026-08-14T05:26:04.764Z] ✅ paxg-usd-max.csv: 2468 lignes importées/mises à jour
[2026-08-14T05:26:05.079Z] ✅ pci-usd-max.csv: 2383 lignes importées/mises à jour
[2026-08-14T05:26:05.143Z] ✅ peaq-usd-max.csv: 480 lignes importées/mises à jour
[2026-08-14T05:26:05.370Z] ✅ pendle-usd-max.csv: 1907 lignes importées/mises à jour
[2026-08-14T05:26:05.445Z] ✅ pengu-usd-max.csv: 582 lignes importées/mises à jour
[2026-08-14T05:26:05.646Z] ✅ people-usd-max.csv: 1624 lignes importées/mises à jour
[2026-08-14T05:26:05.793Z] ✅ pepe-usd-max.csv: 1170 lignes importées/mises à jour
[2026-08-14T05:26:05.861Z] ✅ pi-usd-max.csv: 539 lignes importées/mises à jour
[2026-08-14T05:26:05.929Z] ✅ pippin-usd-max.csv: 537 lignes importées/mises à jour
[2026-08-14T05:26:06.033Z] ✅ pixel-usd-max.csv: 833 lignes importées/mises à jour
[2026-08-14T05:26:06.093Z] ✅ plume-usd-max.csv: 475 lignes importées/mises à jour
[2026-08-14T05:26:06.289Z] ✅ pokt-usd-max.csv: 1598 lignes importées/mises à jour
[2026-08-14T05:26:06.461Z] ✅ polyx-usd-max.csv: 1438 lignes importées/mises à jour
[2026-08-14T05:26:06.569Z] ✅ popcat-usd-max.csv: 862 lignes importées/mises à jour
[2026-08-14T05:26:06.944Z] ✅ powr-usd-max.csv: 3034 lignes importées/mises à jour
[2026-08-14T05:26:07.325Z] ✅ pro-usd-max.csv: 3159 lignes importées/mises à jour
[2026-08-14T05:26:07.626Z] ✅ prom-usd-max.csv: 2436 lignes importées/mises à jour
[2026-08-14T05:26:07.849Z] ✅ pundix-usd-max.csv: 1905 lignes importées/mises à jour
[2026-08-14T05:26:07.968Z] ✅ pyth-usd-max.csv: 992 lignes importées/mises à jour
[2026-08-14T05:26:08.080Z] ✅ pyusd-usd-max.csv: 923 lignes importées/mises à jour
[2026-08-14T05:26:08.439Z] ✅ qkc-usd-max.csv: 2825 lignes importées/mises à jour
[2026-08-14T05:26:08.822Z] ✅ qnt-usd-max.csv: 2911 lignes importées/mises à jour
[2026-08-14T05:26:09.238Z] ✅ qtum-usd-max.csv: 3181 lignes importées/mises à jour
[2026-08-14T05:26:09.476Z] ✅ ray-usd-max.csv: 1940 lignes importées/mises à jour
[2026-08-14T05:26:09.546Z] ✅ red-usd-max.csv: 526 lignes importées/mises à jour
[2026-08-14T05:26:09.818Z] ✅ render-usd-max.csv: 2195 lignes importées/mises à jour
[2026-08-14T05:26:10.197Z] ✅ req-usd-max.csv: 3043 lignes importées/mises à jour
[2026-08-14T05:26:10.218Z] ✅ river-usd-max.csv: 119 lignes importées/mises à jour
[2026-08-14T05:26:10.634Z] ✅ rlc-usd-max.csv: 3236 lignes importées/mises à jour
[2026-08-14T05:26:10.706Z] ✅ rlusd-usd-max.csv: 438 lignes importées/mises à jour
[2026-08-14T05:26:11.003Z] ✅ ron-usd-max.csv: 1584 lignes importées/mises à jour
[2026-08-14T05:26:11.340Z] ✅ rose-usd-max.csv: 1927 lignes importées/mises à jour
[2026-08-14T05:26:11.755Z] ✅ rpl-usd-max.csv: 2824 lignes importées/mises à jour
[2026-08-14T05:26:12.136Z] ✅ rsr-usd-max.csv: 2473 lignes importées/mises à jour
[2026-08-14T05:26:12.525Z] ✅ rune-usd-max.csv: 2414 lignes importées/mises à jour
[2026-08-14T05:26:12.966Z] ✅ rvn-usd-max.csv: 2901 lignes importées/mises à jour
[2026-08-14T05:26:13.030Z] ✅ s-usd-max.csv: 412 lignes importées/mises à jour
[2026-08-14T05:26:13.128Z] ✅ safe-usd-max.csv: 631 lignes importées/mises à jour
[2026-08-14T05:26:13.187Z] ✅ sahara-usd-max.csv: 401 lignes importées/mises à jour
[2026-08-14T05:26:13.465Z] ✅ sand-usd-max.csv: 2032 lignes importées/mises à jour
[2026-08-14T05:26:13.509Z] ✅ sapien-usd-max.csv: 324 lignes importées/mises à jour
[2026-08-14T05:26:13.973Z] ✅ sc-usd-max.csv: 3839 lignes importées/mises à jour
[2026-08-14T05:26:14.124Z] ✅ sei-usd-max.csv: 1010 lignes importées/mises à jour
[2026-08-14T05:26:14.477Z] ✅ sfp-usd-max.csv: 1911 lignes importées/mises à jour
[2026-08-14T05:26:14.908Z] ✅ shib-usd-max.csv: 2139 lignes importées/mises à jour
[2026-08-14T05:26:15.414Z] ✅ shx-usd-max.csv: 2598 lignes importées/mises à jour
[2026-08-14T05:26:15.487Z] ✅ siren-usd-max.csv: 387 lignes importées/mises à jour
[2026-08-14T05:26:15.836Z] ✅ skl-usd-max.csv: 1915 lignes importées/mises à jour
[2026-08-14T05:26:15.913Z] ✅ skyai-usd-max.csv: 377 lignes importées/mises à jour
[2026-08-14T05:26:16.318Z] ✅ slp-usd-max.csv: 2240 lignes importées/mises à jour
[2026-08-14T05:26:16.543Z] ✅ snek-usd-max.csv: 1092 lignes importées/mises à jour
[2026-08-14T05:26:17.069Z] ✅ snx-usd-max.csv: 2901 lignes importées/mises à jour
[2026-08-14T05:26:17.560Z] ✅ sol-usd-max.csv: 2260 lignes importées/mises à jour
[2026-08-14T05:26:17.628Z] ✅ somi-usd-max.csv: 339 lignes importées/mises à jour
[2026-08-14T05:26:17.714Z] ✅ soso-usd-max.csv: 523 lignes importées/mises à jour
[2026-08-14T05:26:18.038Z] ✅ spell-usd-max.csv: 1878 lignes importées/mises à jour
[2026-08-14T05:26:18.090Z] ✅ spk-usd-max.csv: 330 lignes importées/mises à jour
[2026-08-14T05:26:18.220Z] ✅ spx-usd-max.csv: 986 lignes importées/mises à jour
[2026-08-14T05:26:18.324Z] ✅ sqd-usd-max.csv: 797 lignes importées/mises à jour
[2026-08-14T05:26:18.528Z] ✅ ssv-usd-max.csv: 1699 lignes importées/mises à jour
[2026-08-14T05:26:18.561Z] ✅ stable-usd-max.csv: 249 lignes importées/mises à jour
[2026-08-14T05:26:18.961Z] ✅ steem-usd-max.csv: 3603 lignes importées/mises à jour
[2026-08-14T05:26:19.192Z] ✅ steth-usd-max.csv: 2042 lignes importées/mises à jour
[2026-08-14T05:26:19.353Z] ✅ stg-usd-max.csv: 1562 lignes importées/mises à jour
[2026-08-14T05:26:19.667Z] ✅ storj-usd-max.csv: 3071 lignes importées/mises à jour
[2026-08-14T05:26:20.102Z] ✅ strax-usd-max.csv: 3487 lignes importées/mises à jour
[2026-08-14T05:26:20.224Z] ✅ strk-usd-max.csv: 780 lignes importées/mises à jour
[2026-08-14T05:26:20.543Z] ✅ stx-usd-max.csv: 2317 lignes importées/mises à jour
[2026-08-14T05:26:20.689Z] ✅ sui-usd-max.csv: 1185 lignes importées/mises à jour
[2026-08-14T05:26:20.903Z] ✅ super-usd-max.csv: 1909 lignes importées/mises à jour
[2026-08-14T05:26:21.134Z] ✅ sushi-usd-max.csv: 2010 lignes importées/mises à jour
[2026-08-14T05:26:21.468Z] ✅ swftc-usd-max.csv: 3052 lignes importées/mises à jour
[2026-08-14T05:26:21.534Z] ✅ syrup-usd-max.csv: 609 lignes importées/mises à jour
[2026-08-14T05:26:21.651Z] ✅ tao-usd-max.csv: 1093 lignes importées/mises à jour
[2026-08-14T05:26:21.965Z] ✅ tel-usd-max.csv: 3051 lignes importées/mises à jour
[2026-08-14T05:26:22.222Z] ✅ tfuel-usd-max.csv: 2531 lignes importées/mises à jour
[2026-08-14T05:26:22.532Z] ✅ theta-usd-max.csv: 2957 lignes importées/mises à jour
[2026-08-14T05:26:22.633Z] ✅ tia-usd-max.csv: 995 lignes importées/mises à jour
[2026-08-14T05:26:22.809Z] ✅ ton-usd-max.csv: 1751 lignes importées/mises à jour
[2026-08-14T05:26:22.906Z] ✅ toshi-usd-max.csv: 947 lignes importées/mises à jour
[2026-08-14T05:26:23.199Z] ✅ trac-usd-max.csv: 2948 lignes importées/mises à jour
[2026-08-14T05:26:23.451Z] ✅ trb-usd-max.csv: 2483 lignes importées/mises à jour
[2026-08-14T05:26:23.502Z] ✅ trump-usd-max.csv: 463 lignes importées/mises à jour
[2026-08-14T05:26:23.825Z] ✅ trx-usd-max.csv: 3144 lignes importées/mises à jour
[2026-08-14T05:26:24.122Z] ✅ tusd-usd-max.csv: 2885 lignes importées/mises à jour
[2026-08-14T05:26:24.346Z] ✅ twt-usd-max.csv: 2209 lignes importées/mises à jour
[2026-08-14T05:26:24.569Z] ✅ uma-usd-max.csv: 2131 lignes importées/mises à jour
[2026-08-14T05:26:24.773Z] ✅ uni-usd-max.csv: 1990 lignes importées/mises à jour
[2026-08-14T05:26:25.376Z] ✅ usdc-usd-max.csv: 2814 lignes importées/mises à jour
[2026-08-14T05:26:25.764Z] ✅ usdd-usd-max.csv: 1520 lignes importées/mises à jour
[2026-08-14T05:26:25.903Z] ✅ usde-usd-max.csv: 837 lignes importées/mises à jour
[2026-08-14T05:26:25.979Z] ✅ usdg-usd-max.csv: 480 lignes importées/mises à jour
[2026-08-14T05:26:26.489Z] ✅ usdt-usd-max.csv: 4109 lignes importées/mises à jour
[2026-08-14T05:26:26.542Z] ✅ vana-usd-max.csv: 447 lignes importées/mises à jour
[2026-08-14T05:26:26.770Z] ✅ velo-usd-max.csv: 2125 lignes importées/mises à jour
[2026-08-14T05:26:27.060Z] ✅ vet-usd-max.csv: 2773 lignes importées/mises à jour
[2026-08-14T05:26:27.154Z] ✅ virtual-usd-max.csv: 917 lignes importées/mises à jour
[2026-08-14T05:26:27.441Z] ✅ vtho-usd-max.csv: 2760 lignes importées/mises à jour
[2026-08-14T05:26:27.486Z] ✅ vvv-usd-max.csv: 434 lignes importées/mises à jour
[2026-08-14T05:26:27.566Z] ✅ w-usd-max.csv: 774 lignes importées/mises à jour
[2026-08-14T05:26:27.931Z] ✅ waves-usd-max.csv: 3558 lignes importées/mises à jour
[2026-08-14T05:26:28.235Z] ✅ waxp-usd-max.csv: 2973 lignes importées/mises à jour
[2026-08-14T05:26:28.355Z] ✅ wbeth-usd-max.csv: 1198 lignes importées/mises à jour
[2026-08-14T05:26:28.552Z] ✅ wbnb-usd-max.csv: 1954 lignes importées/mises à jour
[2026-08-14T05:26:28.829Z] ✅ wbtc-usd-max.csv: 2728 lignes importées/mises à jour
[2026-08-14T05:26:29.039Z] ✅ wemix-usd-max.csv: 2040 lignes importées/mises à jour
[2026-08-14T05:26:29.355Z] ✅ weth-usd-max.csv: 3038 lignes importées/mises à jour
[2026-08-14T05:26:29.436Z] ✅ wif-usd-max.csv: 799 lignes importées/mises à jour
[2026-08-14T05:26:29.548Z] ✅ wld-usd-max.csv: 1108 lignes importées/mises à jour
[2026-08-14T05:26:29.587Z] ✅ wlfi-usd-max.csv: 342 lignes importées/mises à jour
[2026-08-14T05:26:29.667Z] ✅ xai-usd-max.csv: 768 lignes importées/mises à jour
[2026-08-14T05:26:29.691Z] ✅ xan-usd-max.csv: 219 lignes importées/mises à jour
[2026-08-14T05:26:29.932Z] ✅ xaut-usd-max.csv: 2336 lignes importées/mises à jour
[2026-08-14T05:26:30.124Z] ✅ xch-usd-max.csv: 1857 lignes importées/mises à jour
[2026-08-14T05:26:30.277Z] ✅ xcn-usd-max.csv: 1446 lignes importées/mises à jour
[2026-08-14T05:26:30.575Z] ✅ xdce-usd-max.csv: 2880 lignes importées/mises à jour
[2026-08-14T05:26:30.753Z] ✅ xec-usd-max.csv: 1786 lignes importées/mises à jour
[2026-08-14T05:26:31.191Z] ✅ xlm-usd-max.csv: 4218 lignes importées/mises à jour
[2026-08-14T05:26:31.628Z] ✅ xmr-usd-max.csv: 4299 lignes importées/mises à jour
[2026-08-14T05:26:32.104Z] ✅ xrp-usd-max.csv: 4697 lignes importées/mises à jour
[2026-08-14T05:26:32.394Z] ✅ xtz-usd-max.csv: 2797 lignes importées/mises à jour
[2026-08-14T05:26:32.813Z] ✅ xvg-usd-max.csv: 4162 lignes importées/mises à jour
[2026-08-14T05:26:33.017Z] ✅ xvs-usd-max.csv: 1971 lignes importées/mises à jour
[2026-08-14T05:26:33.361Z] ✅ xyo-usd-max.csv: 2906 lignes importées/mises à jour
[2026-08-14T05:26:33.587Z] ✅ yfi-usd-max.csv: 2051 lignes importées/mises à jour
[2026-08-14T05:26:33.667Z] ✅ zbcn-usd-max.csv: 729 lignes importées/mises à jour
[2026-08-14T05:26:34.033Z] ✅ zec-usd-max.csv: 3520 lignes importées/mises à jour
[2026-08-14T05:26:34.364Z] ✅ zen-usd-max.csv: 3181 lignes importées/mises à jour
[2026-08-14T05:26:34.448Z] ✅ zeta-usd-max.csv: 787 lignes importées/mises à jour
[2026-08-14T05:26:34.639Z] ✅ zig-usd-max.csv: 1886 lignes importées/mises à jour
[2026-08-14T05:26:34.718Z] ✅ zk-usd-max.csv: 749 lignes importées/mises à jour
[2026-08-14T05:26:34.793Z] ✅ zro-usd-max.csv: 725 lignes importées/mises à jour
[2026-08-14T05:26:35.110Z] IMPORTED_COUNT=625122
[2026-08-14T05:26:35.110Z] Import terminé
[2026-08-14T05:26:35.110Z] === FIN IMPORT HISTORIQUE ===
[2026-08-14T05:26:35.110Z] ✅ zrx-usd-max.csv: 3056 lignes importées/mises à jour
[2026-08-14T05:26:35.121Z] MongoDB connecté ✔
[2026-08-14T05:26:35.122Z] === DEBUT IMPORT PRIX DU JOUR ===
[2026-08-14T05:26:35.298Z] Suppression coins_non_trouvés réussie
[2026-08-14T05:26:36.876Z] [object Object]
[2026-08-14T05:26:38.613Z] IMPORTED_COUNT=354
[2026-08-14T05:26:38.613Z] === FIN IMPORT PRIX DU JOUR ===
