[2026-08-12T07:45:27.242Z] === DEBUT IMPORT BITCOIN ===
[2026-08-12T07:45:27.242Z] === Suppression ancienne data ===
[2026-08-12T07:45:27.242Z] BITCOIN PATH: /app/storage/historique/btc-usd-max.csv
[2026-08-12T07:45:27.274Z] === Étape 1 : Import CSV ===
[2026-08-12T07:45:27.274Z] → Collection Bitcoin vidée
[2026-08-12T07:45:27.663Z] IMPORTED_COUNT=4851
[2026-08-12T07:45:27.663Z] Import terminé
[2026-08-12T07:45:27.663Z] → 4851 lignes insérées
[2026-08-12T07:45:27.663Z] === Étape 2 : Calcul diff ===
[2026-08-12T07:45:27.663Z] Calcul des diff…
[2026-08-12T07:45:27.733Z] → 4851 lignes chargées
[2026-08-12T07:45:28.218Z] === FIN IMPORT BITCOIN ===
[2026-08-12T07:45:28.218Z] === Terminé ===
[2026-08-12T07:45:28.218Z] Calcul diff terminé !
[2026-08-12T07:45:28.230Z] HISTORY BITCOIN PATH: /app/storage/historique/btc-usd-max.csv
[2026-08-12T07:45:28.230Z] === DEBUT IMPORT HISTORIQUE ===
[2026-08-12T07:45:28.239Z] Suppression coins_non_importes réussie
[2026-08-12T07:45:28.471Z] Taux USD → EUR :
[2026-08-12T07:45:28.479Z] Coins sans historique :
[2026-08-12T07:45:28.479Z] 📌 0 coins ajoutés dans coins_non_importes
[2026-08-12T07:45:28.479Z] Fichiers trouvés: 487
[2026-08-12T07:45:28.539Z] ✅ 0g-usd-max.csv: 306 lignes importées/mises à jour
[2026-08-12T07:45:28.670Z] ✅ 1000sats-usd-max.csv: 840 lignes importées/mises à jour
[2026-08-12T07:45:28.896Z] ✅ 1inch-usd-max.csv: 1891 lignes importées/mises à jour
[2026-08-12T07:45:28.932Z] ✅ 2z-usd-max.csv: 236 lignes importées/mises à jour
[2026-08-12T07:45:28.999Z] ✅ a-usd-max.csv: 407 lignes importées/mises à jour
[2026-08-12T07:45:29.208Z] ✅ aave-usd-max.csv: 1974 lignes importées/mises à jour
[2026-08-12T07:45:29.466Z] ✅ ab-usd-max.csv: 2509 lignes importées/mises à jour
[2026-08-12T07:45:29.669Z] ✅ ach-usd-max.csv: 1999 lignes importées/mises à jour
[2026-08-12T07:45:29.811Z] ✅ acx-usd-max.csv: 1337 lignes importées/mises à jour
[2026-08-12T07:45:30.131Z] ✅ ada-usd-max.csv: 3055 lignes importées/mises à jour
[2026-08-12T07:45:30.226Z] ✅ aero-usd-max.csv: 924 lignes importées/mises à jour
[2026-08-12T07:45:30.419Z] ✅ aioz-usd-max.csv: 1868 lignes importées/mises à jour
[2026-08-12T07:45:30.473Z] ✅ aixbt-usd-max.csv: 472 lignes importées/mises à jour
[2026-08-12T07:45:30.679Z] ✅ akt-usd-max.csv: 2045 lignes importées/mises à jour
[2026-08-12T07:45:30.736Z] ✅ alch-usd-max.csv: 547 lignes importées/mises à jour
[2026-08-12T07:45:30.994Z] ✅ algo-usd-max.csv: 2444 lignes importées/mises à jour
[2026-08-12T07:45:31.091Z] ✅ alt-usd-max.csv: 803 lignes importées/mises à jour
[2026-08-12T07:45:31.300Z] ✅ amp-usd-max.csv: 1998 lignes importées/mises à jour
[2026-08-12T07:45:31.360Z] ✅ anime-usd-max.csv: 557 lignes importées/mises à jour
[2026-08-12T07:45:31.514Z] ✅ ape-usd-max.csv: 1525 lignes importées/mises à jour
[2026-08-12T07:45:31.662Z] ✅ apex-usd-max.csv: 1505 lignes importées/mises à jour
[2026-08-12T07:45:31.854Z] ✅ api3-usd-max.csv: 1916 lignes importées/mises à jour
[2026-08-12T07:45:31.974Z] ✅ apt-usd-max.csv: 1228 lignes importées/mises à jour
[2026-08-12T07:45:32.238Z] ✅ ar-usd-max.csv: 2474 lignes importées/mises à jour
[2026-08-12T07:45:32.349Z] ✅ arb-usd-max.csv: 1073 lignes importées/mises à jour
[2026-08-12T07:45:32.679Z] ✅ ark-usd-max.csv: 3264 lignes importées/mises à jour
[2026-08-12T07:45:32.790Z] ✅ arkm-usd-max.csv: 1053 lignes importées/mises à jour
[2026-08-12T07:45:33.038Z] ✅ arpa-usd-max.csv: 2467 lignes importées/mises à jour
[2026-08-12T07:45:33.301Z] ✅ arrr-usd-max.csv: 2575 lignes importées/mises à jour
[2026-08-12T07:45:33.341Z] ✅ aster-usd-max.csv: 314 lignes importées/mises à jour
[2026-08-12T07:45:33.504Z] ✅ astr-usd-max.csv: 1642 lignes importées/mises à jour
[2026-08-12T07:45:33.591Z] ✅ ath-usd-max.csv: 789 lignes importées/mises à jour
[2026-08-12T07:45:33.853Z] ✅ atom-usd-max.csv: 2628 lignes importées/mises à jour
[2026-08-12T07:45:34.043Z] ✅ auction-usd-max.csv: 1923 lignes importées/mises à jour
[2026-08-12T07:45:34.239Z] ✅ audio-usd-max.csv: 1954 lignes importées/mises à jour
[2026-08-12T07:45:34.455Z] ✅ avax-usd-max.csv: 2072 lignes importées/mises à jour
[2026-08-12T07:45:34.476Z] ✅ avnt-usd-max.csv: 172 lignes importées/mises à jour
[2026-08-12T07:45:34.740Z] ✅ awe-usd-max.csv: 2613 lignes importées/mises à jour
[2026-08-12T07:45:34.875Z] ✅ axl-usd-max.csv: 1371 lignes importées/mises à jour
[2026-08-12T07:45:35.076Z] ✅ axs-usd-max.csv: 1942 lignes importées/mises à jour
[2026-08-12T07:45:35.128Z] ✅ ban-usd-max.csv: 490 lignes importées/mises à jour
[2026-08-12T07:45:35.195Z] ✅ bananas31-usd-max.csv: 586 lignes importées/mises à jour
[2026-08-12T07:45:35.436Z] ✅ band-usd-max.csv: 2354 lignes importées/mises à jour
[2026-08-12T07:45:35.464Z] ✅ bard-usd-max.csv: 217 lignes importées/mises à jour
[2026-08-12T07:45:35.788Z] ✅ bat-usd-max.csv: 3187 lignes importées/mises à jour
[2026-08-12T07:45:36.117Z] ✅ bch-usd-max.csv: 3217 lignes importées/mises à jour
[2026-08-12T07:45:36.384Z] ✅ bchsv-usd-max.csv: 2683 lignes importées/mises à jour
[2026-08-12T07:45:36.684Z] ✅ bdx-usd-max.csv: 2771 lignes importées/mises à jour
[2026-08-12T07:45:36.774Z] ✅ beam-usd-max.csv: 856 lignes importées/mises à jour
[2026-08-12T07:45:36.806Z] ✅ beat-usd-max.csv: 280 lignes importées/mises à jour
[2026-08-12T07:45:36.864Z] ✅ bera-usd-max.csv: 542 lignes importées/mises à jour
[2026-08-12T07:45:37.056Z] ✅ bfc-usd-max.csv: 1895 lignes importées/mises à jour
[2026-08-12T07:45:37.230Z] ✅ bgb-usd-max.csv: 1766 lignes importées/mises à jour
[2026-08-12T07:45:37.294Z] ✅ bio-usd-max.csv: 570 lignes importées/mises à jour
[2026-08-12T07:45:37.409Z] ✅ blur-usd-max.csv: 1166 lignes importées/mises à jour
[2026-08-12T07:45:37.749Z] ✅ bnb-usd-max.csv: 3196 lignes importées/mises à jour
[2026-08-12T07:45:37.879Z] ✅ bonk-usd-max.csv: 1246 lignes importées/mises à jour
[2026-08-12T07:45:37.954Z] ✅ brett-usd-max.csv: 749 lignes importées/mises à jour
[2026-08-12T07:45:38.470Z] ✅ btc-usd-max.csv: 4852 lignes importées/mises à jour
[2026-08-12T07:45:38.707Z] ✅ btse-usd-max.csv: 2200 lignes importées/mises à jour
[2026-08-12T07:45:38.914Z] ✅ cake-usd-max.csv: 1978 lignes importées/mises à jour
[2026-08-12T07:45:39.120Z] ✅ cbk-usd-max.csv: 1893 lignes importées/mises à jour
[2026-08-12T07:45:39.280Z] ✅ ccd-usd-max.csv: 1582 lignes importées/mises à jour
[2026-08-12T07:45:39.509Z] ✅ celo-usd-max.csv: 2259 lignes importées/mises à jour
[2026-08-12T07:45:39.763Z] ✅ celr-usd-max.csv: 2531 lignes importées/mises à jour
[2026-08-12T07:45:39.872Z] ✅ cetus-usd-max.csv: 1038 lignes importées/mises à jour
[2026-08-12T07:45:39.919Z] ✅ cfg-usd-max.csv: 411 lignes importées/mises à jour
[2026-08-12T07:45:40.123Z] ✅ cfx-usd-max.csv: 1936 lignes importées/mises à jour
[2026-08-12T07:45:40.236Z] ✅ cgpt-usd-max.csv: 1090 lignes importées/mises à jour
[2026-08-12T07:45:40.479Z] ✅ chz-usd-max.csv: 2433 lignes importées/mises à jour
[2026-08-12T07:45:40.707Z] ✅ ckb-usd-max.csv: 2295 lignes importées/mises à jour
[2026-08-12T07:45:40.764Z] ✅ clanker-usd-max.csv: 560 lignes importées/mises à jour
[2026-08-12T07:45:40.975Z] ✅ comp-usd-max.csv: 2083 lignes importées/mises à jour
[2026-08-12T07:45:41.103Z] ✅ core-usd-max.csv: 1248 lignes importées/mises à jour
[2026-08-12T07:45:41.259Z] ✅ cow-usd-max.csv: 1568 lignes importées/mises à jour
[2026-08-12T07:45:41.523Z] ✅ cro-usd-max.csv: 2625 lignes importées/mises à jour
[2026-08-12T07:45:41.728Z] ✅ crv-usd-max.csv: 2024 lignes importées/mises à jour
[2026-08-12T07:45:41.838Z] ✅ crvusd-usd-max.csv: 1117 lignes importées/mises à jour
[2026-08-12T07:45:42.015Z] ✅ cspr-usd-max.csv: 1844 lignes importées/mises à jour
[2026-08-12T07:45:42.253Z] ✅ ctc-usd-max.csv: 2214 lignes importées/mises à jour
[2026-08-12T07:45:42.448Z] ✅ ctk-usd-max.csv: 1950 lignes importées/mises à jour
[2026-08-12T07:45:42.661Z] ✅ ctsi-usd-max.csv: 2136 lignes importées/mises à jour
[2026-08-12T07:45:42.839Z] ✅ cvx-usd-max.csv: 1834 lignes importées/mises à jour
[2026-08-12T07:45:42.939Z] ✅ cyber-usd-max.csv: 979 lignes importées/mises à jour
[2026-08-12T07:45:43.169Z] ✅ dai-usd-max.csv: 2293 lignes importées/mises à jour
[2026-08-12T07:45:43.612Z] ✅ dash-usd-max.csv: 4394 lignes importées/mises à jour
[2026-08-12T07:45:43.782Z] ✅ data-usd-max.csv: 1752 lignes importées/mises à jour
[2026-08-12T07:45:43.850Z] ✅ dbr-usd-max.csv: 634 lignes importées/mises à jour
[2026-08-12T07:45:44.230Z] ✅ dcr-usd-max.csv: 3792 lignes importées/mises à jour
[2026-08-12T07:45:44.294Z] ✅ deep-usd-max.csv: 618 lignes importées/mises à jour
[2026-08-12T07:45:44.372Z] ✅ degen-usd-max.csv: 772 lignes importées/mises à jour
[2026-08-12T07:45:44.572Z] ✅ dexe-usd-max.csv: 1971 lignes importées/mises à jour
[2026-08-12T07:45:45.010Z] ✅ dgb-usd-max.csv: 4404 lignes importées/mises à jour
[2026-08-12T07:45:45.213Z] ✅ dka-usd-max.csv: 2045 lignes importées/mises à jour
[2026-08-12T07:45:45.668Z] ✅ doge-usd-max.csv: 4383 lignes importées/mises à jour
[2026-08-12T07:45:45.743Z] ✅ dogs-usd-max.csv: 589 lignes importées/mises à jour
[2026-08-12T07:45:45.990Z] ✅ dot-usd-max.csv: 2019 lignes importées/mises à jour
[2026-08-12T07:45:46.361Z] ✅ dusk-usd-max.csv: 2496 lignes importées/mises à jour
[2026-08-12T07:45:46.516Z] ✅ dydx-usd-max.csv: 858 lignes importées/mises à jour
[2026-08-12T07:45:46.692Z] ✅ edu-usd-max.csv: 1037 lignes importées/mises à jour
[2026-08-12T07:45:47.098Z] ✅ egld-usd-max.csv: 2004 lignes importées/mises à jour
[2026-08-12T07:45:47.263Z] ✅ eigen-usd-max.csv: 666 lignes importées/mises à jour
[2026-08-12T07:45:47.982Z] ✅ elf-usd-max.csv: 3086 lignes importées/mises à jour
[2026-08-12T07:45:48.120Z] ✅ ena-usd-max.csv: 723 lignes importées/mises à jour
[2026-08-12T07:45:48.663Z] ✅ enj-usd-max.csv: 3032 lignes importées/mises à jour
[2026-08-12T07:45:49.006Z] ✅ ens-usd-max.csv: 1628 lignes importées/mises à jour
[2026-08-12T07:45:49.865Z] ✅ erg-usd-max.csv: 2433 lignes importées/mises à jour
[2026-08-12T07:45:51.060Z] ✅ etc-usd-max.csv: 3506 lignes importées/mises à jour
[2026-08-12T07:45:52.172Z] ✅ eth-usd-max.csv: 3968 lignes importées/mises à jour
[2026-08-12T07:45:52.477Z] ✅ ethfi-usd-max.csv: 783 lignes importées/mises à jour
[2026-08-12T07:45:53.003Z] ✅ ethw-usd-max.csv: 1352 lignes importées/mises à jour
[2026-08-12T07:45:53.977Z] ✅ etn-usd-max.csv: 3034 lignes importées/mises à jour
[2026-08-12T07:45:54.427Z] ✅ eul-usd-max.csv: 1414 lignes importées/mises à jour
[2026-08-12T07:45:54.733Z] ✅ eurc-usd-max.csv: 1387 lignes importées/mises à jour
[2026-08-12T07:45:55.172Z] ✅ ewt-usd-max.csv: 2160 lignes importées/mises à jour
[2026-08-12T07:45:55.289Z] ✅ fartcoin-usd-max.csv: 599 lignes importées/mises à jour
[2026-08-12T07:45:55.473Z] ✅ fdusd-usd-max.csv: 948 lignes importées/mises à jour
[2026-08-12T07:45:56.119Z] ✅ fet-usd-max.csv: 2682 lignes importées/mises à jour
[2026-08-12T07:45:56.564Z] ✅ fil-usd-max.csv: 1962 lignes importées/mises à jour
[2026-08-12T07:45:56.969Z] ✅ floki-usd-max.csv: 1827 lignes importées/mises à jour
[2026-08-12T07:45:57.404Z] ✅ flow-usd-max.csv: 2015 lignes importées/mises à jour
[2026-08-12T07:45:57.643Z] ✅ flr-usd-max.csv: 1145 lignes importées/mises à jour
[2026-08-12T07:45:58.198Z] ✅ flux-usd-max.csv: 2769 lignes importées/mises à jour
[2026-08-12T07:45:58.291Z] ✅ form-usd-max.csv: 510 lignes importées/mises à jour
[2026-08-12T07:45:58.660Z] ✅ ftt-usd-max.csv: 2405 lignes importées/mises à jour
[2026-08-12T07:45:58.766Z] ✅ g-usd-max.csv: 746 lignes importées/mises à jour
[2026-08-12T07:45:59.021Z] ✅ gala-usd-max.csv: 1991 lignes importées/mises à jour
[2026-08-12T07:45:59.425Z] ✅ gas-usd-max.csv: 3132 lignes importées/mises à jour
[2026-08-12T07:45:59.537Z] ✅ giga-usd-max.csv: 868 lignes importées/mises à jour
[2026-08-12T07:45:59.577Z] ✅ giggle-usd-max.csv: 307 lignes importées/mises à jour
[2026-08-12T07:45:59.999Z] ✅ glm-usd-max.csv: 3389 lignes importées/mises à jour
[2026-08-12T07:46:00.198Z] ✅ gmt-usd-max.csv: 1597 lignes importées/mises à jour
[2026-08-12T07:46:00.412Z] ✅ gmx-usd-max.csv: 1711 lignes importées/mises à jour
[2026-08-12T07:46:00.817Z] ✅ gno-usd-max.csv: 3281 lignes importées/mises à jour
[2026-08-12T07:46:00.882Z] ✅ goat-usd-max.csv: 518 lignes importées/mises à jour
[2026-08-12T07:46:00.945Z] ✅ grass-usd-max.csv: 502 lignes importées/mises à jour
[2026-08-12T07:46:01.173Z] ✅ grt-usd-max.csv: 1899 lignes importées/mises à jour
[2026-08-12T07:46:01.215Z] ✅ gusd-usd-max.csv: 279 lignes importées/mises à jour
[2026-08-12T07:46:01.509Z] ✅ hbar-usd-max.csv: 2355 lignes importées/mises à jour
[2026-08-12T07:46:01.776Z] ✅ hive-usd-max.csv: 2168 lignes importées/mises à jour
[2026-08-12T07:46:02.034Z] ✅ hnt-usd-max.csv: 2142 lignes importées/mises à jour
[2026-08-12T07:46:02.380Z] ✅ hot-usd-max.csv: 2861 lignes importées/mises à jour
[2026-08-12T07:46:02.436Z] ✅ huma-usd-max.csv: 437 lignes importées/mises à jour
[2026-08-12T07:46:02.510Z] ✅ hype-usd-max.csv: 576 lignes importées/mises à jour
[2026-08-12T07:46:02.722Z] ✅ icp-usd-max.csv: 1808 lignes importées/mises à jour
[2026-08-12T07:46:03.083Z] ✅ icx-usd-max.csv: 3045 lignes importées/mises à jour
[2026-08-12T07:46:03.273Z] ✅ imx-usd-max.csv: 1631 lignes importées/mises à jour
[2026-08-12T07:46:03.517Z] ✅ inj-usd-max.csv: 2039 lignes importées/mises à jour
[2026-08-12T07:46:03.602Z] ✅ io-usd-max.csv: 654 lignes importées/mises à jour
[2026-08-12T07:46:03.956Z] ✅ iost-usd-max.csv: 2958 lignes importées/mises à jour
[2026-08-12T07:46:04.292Z] ✅ iotx-usd-max.csv: 2835 lignes importées/mises à jour
[2026-08-12T07:46:04.348Z] ✅ ip-usd-max.csv: 441 lignes importées/mises à jour
[2026-08-12T07:46:04.712Z] ✅ iq-usd-max.csv: 2908 lignes importées/mises à jour
[2026-08-12T07:46:04.936Z] ✅ jasmy-usd-max.csv: 1818 lignes importées/mises à jour
[2026-08-12T07:46:05.010Z] ✅ jellyjelly-usd-max.csv: 554 lignes importées/mises à jour
[2026-08-12T07:46:05.276Z] ✅ jst-usd-max.csv: 2122 lignes importées/mises à jour
[2026-08-12T07:46:05.394Z] ✅ jto-usd-max.csv: 967 lignes importées/mises à jour
[2026-08-12T07:46:05.472Z] ✅ kaia-usd-max.csv: 590 lignes importées/mises à jour
[2026-08-12T07:46:05.525Z] ✅ kaito-usd-max.csv: 426 lignes importées/mises à jour
[2026-08-12T07:46:05.701Z] ✅ kas-usd-max.csv: 1479 lignes importées/mises à jour
[2026-08-12T07:46:05.974Z] ✅ kava-usd-max.csv: 2317 lignes importées/mises à jour
[2026-08-12T07:46:06.356Z] ✅ kcs-usd-max.csv: 3125 lignes importées/mises à jour
[2026-08-12T07:46:06.392Z] ✅ kgen-usd-max.csv: 265 lignes importées/mises à jour
[2026-08-12T07:46:06.486Z] ✅ kmno-usd-max.csv: 768 lignes importées/mises à jour
[2026-08-12T07:46:06.694Z] ✅ knc-usd-max.csv: 1840 lignes importées/mises à jour
[2026-08-12T07:46:06.908Z] ✅ kub-usd-max.csv: 1846 lignes importées/mises à jour
[2026-08-12T07:46:07.140Z] ✅ ldo-usd-max.csv: 1880 lignes importées/mises à jour
[2026-08-12T07:46:07.176Z] ✅ linea-usd-max.csv: 241 lignes importées/mises à jour
[2026-08-12T07:46:07.566Z] ✅ link-usd-max.csv: 3177 lignes importées/mises à jour
[2026-08-12T07:46:07.890Z] ✅ lpt-usd-max.csv: 2697 lignes importées/mises à jour
[2026-08-12T07:46:08.112Z] ✅ lqty-usd-max.csv: 1872 lignes importées/mises à jour
[2026-08-12T07:46:08.489Z] ✅ lrc-usd-max.csv: 3043 lignes importées/mises à jour
[2026-08-12T07:46:08.921Z] ✅ lsk-usd-max.csv: 3595 lignes importées/mises à jour
[2026-08-12T07:46:09.480Z] ✅ ltc-usd-max.csv: 4687 lignes importées/mises à jour
[2026-08-12T07:46:09.777Z] ✅ lunc-usd-max.csv: 2488 lignes importées/mises à jour
[2026-08-12T07:46:09.976Z] ✅ magic-usd-max.csv: 1685 lignes importées/mises à jour
[2026-08-12T07:46:10.342Z] ✅ mana-usd-max.csv: 3043 lignes importées/mises à jour
[2026-08-12T07:46:10.439Z] ✅ manta-usd-max.csv: 805 lignes importées/mises à jour
[2026-08-12T07:46:10.668Z] ✅ mask-usd-max.csv: 1918 lignes importées/mises à jour
[2026-08-12T07:46:10.787Z] ✅ matic-usd-max.csv: 995 lignes importées/mises à jour
[2026-08-12T07:46:10.892Z] ✅ meme-usd-max.csv: 848 lignes importées/mises à jour
[2026-08-12T07:46:11.116Z] ✅ metis-usd-max.csv: 1828 lignes importées/mises à jour
[2026-08-12T07:46:11.208Z] ✅ mew-usd-max.csv: 752 lignes importées/mises à jour
[2026-08-12T07:46:11.427Z] ✅ mina-usd-max.csv: 1831 lignes importées/mises à jour
[2026-08-12T07:46:11.802Z] ✅ mkr-usd-max.csv: 3112 lignes importées/mises à jour
[2026-08-12T07:46:11.916Z] ✅ mnt-usd-max.csv: 957 lignes importées/mises à jour
[2026-08-12T07:46:11.992Z] ✅ moca-usd-max.csv: 619 lignes importées/mises à jour
[2026-08-12T07:46:12.113Z] ✅ mog-usd-max.csv: 1003 lignes importées/mises à jour
[2026-08-12T07:46:12.187Z] ✅ moodeng-usd-max.csv: 598 lignes importées/mises à jour
[2026-08-12T07:46:12.263Z] ✅ morpho-usd-max.csv: 625 lignes importées/mises à jour
[2026-08-12T07:46:12.320Z] ✅ move-usd-max.csv: 455 lignes importées/mises à jour
[2026-08-12T07:46:12.704Z] ✅ mtl-usd-max.csv: 3150 lignes importées/mises à jour
[2026-08-12T07:46:12.710Z] ✅ mumu-usd-max.csv: 11 lignes importées/mises à jour
[2026-08-12T07:46:13.047Z] ✅ mvl-usd-max.csv: 2772 lignes importées/mises à jour
[2026-08-12T07:46:13.372Z] ✅ mx-usd-max.csv: 2576 lignes importées/mises à jour
[2026-08-12T07:46:13.622Z] ✅ near-usd-max.csv: 2023 lignes importées/mises à jour
[2026-08-12T07:46:13.730Z] ✅ neiro-usd-max.csv: 592 lignes importées/mises à jour
[2026-08-12T07:46:14.188Z] ✅ neo-usd-max.csv: 3510 lignes importées/mises à jour
[2026-08-12T07:46:14.544Z] ✅ nexo-usd-max.csv: 2841 lignes importées/mises à jour
[2026-08-12T07:46:14.765Z] ✅ nft-usd-max.csv: 1841 lignes importées/mises à jour
[2026-08-12T07:46:15.145Z] ✅ nmr-usd-max.csv: 3152 lignes importées/mises à jour
[2026-08-12T07:46:15.236Z] ✅ not-usd-max.csv: 765 lignes importées/mises à jour
[2026-08-12T07:46:15.293Z] ✅ nxpc-usd-max.csv: 436 lignes importées/mises à jour
[2026-08-12T07:46:15.480Z] ✅ nym-usd-max.csv: 1473 lignes importées/mises à jour
[2026-08-12T07:46:15.866Z] ✅ okb-usd-max.csv: 2934 lignes importées/mises à jour
[2026-08-12T07:46:16.192Z] ✅ omi-usd-max.csv: 2482 lignes importées/mises à jour
[2026-08-12T07:46:16.312Z] ✅ ondo-usd-max.csv: 862 lignes importées/mises à jour
[2026-08-12T07:46:16.647Z] ✅ one-usd-max.csv: 2463 lignes importées/mises à jour
[2026-08-12T07:46:17.003Z] ✅ ont-usd-max.csv: 2899 lignes importées/mises à jour
[2026-08-12T07:46:17.193Z] ✅ op-usd-max.csv: 1417 lignes importées/mises à jour
[2026-08-12T07:46:17.514Z] ✅ orbs-usd-max.csv: 2517 lignes importées/mises à jour
[2026-08-12T07:46:17.651Z] ✅ ordi-usd-max.csv: 1076 lignes importées/mises à jour
[2026-08-12T07:46:17.931Z] ✅ osmo-usd-max.csv: 1835 lignes importées/mises à jour
[2026-08-12T07:46:18.055Z] ✅ ozo-usd-max.csv: 950 lignes importées/mises à jour
[2026-08-12T07:46:18.365Z] ✅ paxg-usd-max.csv: 2468 lignes importées/mises à jour
[2026-08-12T07:46:18.656Z] ✅ pci-usd-max.csv: 2383 lignes importées/mises à jour
[2026-08-12T07:46:18.716Z] ✅ peaq-usd-max.csv: 480 lignes importées/mises à jour
[2026-08-12T07:46:18.945Z] ✅ pendle-usd-max.csv: 1907 lignes importées/mises à jour
[2026-08-12T07:46:19.022Z] ✅ pengu-usd-max.csv: 582 lignes importées/mises à jour
[2026-08-12T07:46:19.219Z] ✅ people-usd-max.csv: 1624 lignes importées/mises à jour
[2026-08-12T07:46:19.368Z] ✅ pepe-usd-max.csv: 1170 lignes importées/mises à jour
[2026-08-12T07:46:19.439Z] ✅ pippin-usd-max.csv: 537 lignes importées/mises à jour
[2026-08-12T07:46:19.549Z] ✅ pixel-usd-max.csv: 833 lignes importées/mises à jour
[2026-08-12T07:46:19.612Z] ✅ plume-usd-max.csv: 475 lignes importées/mises à jour
[2026-08-12T07:46:19.808Z] ✅ pokt-usd-max.csv: 1598 lignes importées/mises à jour
[2026-08-12T07:46:19.981Z] ✅ polyx-usd-max.csv: 1438 lignes importées/mises à jour
[2026-08-12T07:46:20.091Z] ✅ popcat-usd-max.csv: 862 lignes importées/mises à jour
[2026-08-12T07:46:20.467Z] ✅ powr-usd-max.csv: 3034 lignes importées/mises à jour
[2026-08-12T07:46:20.848Z] ✅ pro-usd-max.csv: 3159 lignes importées/mises à jour
[2026-08-12T07:46:21.142Z] ✅ prom-usd-max.csv: 2436 lignes importées/mises à jour
[2026-08-12T07:46:21.371Z] ✅ pundix-usd-max.csv: 1905 lignes importées/mises à jour
[2026-08-12T07:46:21.491Z] ✅ pyth-usd-max.csv: 992 lignes importées/mises à jour
[2026-08-12T07:46:21.604Z] ✅ pyusd-usd-max.csv: 923 lignes importées/mises à jour
[2026-08-12T07:46:21.981Z] ✅ qkc-usd-max.csv: 2825 lignes importées/mises à jour
[2026-08-12T07:46:22.348Z] ✅ qnt-usd-max.csv: 2911 lignes importées/mises à jour
[2026-08-12T07:46:22.781Z] ✅ qtum-usd-max.csv: 3181 lignes importées/mises à jour
[2026-08-12T07:46:23.017Z] ✅ ray-usd-max.csv: 1940 lignes importées/mises à jour
[2026-08-12T07:46:23.055Z] ✅ red-usd-max.csv: 281 lignes importées/mises à jour
[2026-08-12T07:46:23.331Z] ✅ render-usd-max.csv: 2195 lignes importées/mises à jour
[2026-08-12T07:46:23.709Z] ✅ req-usd-max.csv: 3043 lignes importées/mises à jour
[2026-08-12T07:46:23.730Z] ✅ river-usd-max.csv: 119 lignes importées/mises à jour
[2026-08-12T07:46:24.115Z] ✅ rlc-usd-max.csv: 3236 lignes importées/mises à jour
[2026-08-12T07:46:24.169Z] ✅ rlusd-usd-max.csv: 438 lignes importées/mises à jour
[2026-08-12T07:46:24.350Z] ✅ ron-usd-max.csv: 1584 lignes importées/mises à jour
[2026-08-12T07:46:24.590Z] ✅ rose-usd-max.csv: 1927 lignes importées/mises à jour
[2026-08-12T07:46:24.920Z] ✅ rpl-usd-max.csv: 2824 lignes importées/mises à jour
[2026-08-12T07:46:25.214Z] ✅ rsr-usd-max.csv: 2473 lignes importées/mises à jour
[2026-08-12T07:46:25.503Z] ✅ rune-usd-max.csv: 2414 lignes importées/mises à jour
[2026-08-12T07:46:25.861Z] ✅ rvn-usd-max.csv: 2901 lignes importées/mises à jour
[2026-08-12T07:46:25.916Z] ✅ s-usd-max.csv: 412 lignes importées/mises à jour
[2026-08-12T07:46:25.994Z] ✅ safe-usd-max.csv: 631 lignes importées/mises à jour
[2026-08-12T07:46:26.046Z] ✅ sahara-usd-max.csv: 401 lignes importées/mises à jour
[2026-08-12T07:46:26.298Z] ✅ sand-usd-max.csv: 2032 lignes importées/mises à jour
[2026-08-12T07:46:26.341Z] ✅ sapien-usd-max.csv: 324 lignes importées/mises à jour
[2026-08-12T07:46:26.855Z] ✅ sc-usd-max.csv: 3839 lignes importées/mises à jour
[2026-08-12T07:46:26.981Z] ✅ sei-usd-max.csv: 1010 lignes importées/mises à jour
[2026-08-12T07:46:27.215Z] ✅ sfp-usd-max.csv: 1911 lignes importées/mises à jour
[2026-08-12T07:46:27.470Z] ✅ shib-usd-max.csv: 2139 lignes importées/mises à jour
[2026-08-12T07:46:27.783Z] ✅ shx-usd-max.csv: 2598 lignes importées/mises à jour
[2026-08-12T07:46:27.837Z] ✅ siren-usd-max.csv: 387 lignes importées/mises à jour
[2026-08-12T07:46:28.075Z] ✅ skl-usd-max.csv: 1915 lignes importées/mises à jour
[2026-08-12T07:46:28.132Z] ✅ skyai-usd-max.csv: 377 lignes importées/mises à jour
[2026-08-12T07:46:28.407Z] ✅ slp-usd-max.csv: 2240 lignes importées/mises à jour
[2026-08-12T07:46:28.544Z] ✅ snek-usd-max.csv: 1092 lignes importées/mises à jour
[2026-08-12T07:46:28.896Z] ✅ snx-usd-max.csv: 2901 lignes importées/mises à jour
[2026-08-12T07:46:29.180Z] ✅ sol-usd-max.csv: 2260 lignes importées/mises à jour
[2026-08-12T07:46:29.224Z] ✅ somi-usd-max.csv: 339 lignes importées/mises à jour
[2026-08-12T07:46:29.289Z] ✅ soso-usd-max.csv: 523 lignes importées/mises à jour
[2026-08-12T07:46:29.513Z] ✅ spell-usd-max.csv: 1878 lignes importées/mises à jour
[2026-08-12T07:46:29.554Z] ✅ spk-usd-max.csv: 330 lignes importées/mises à jour
[2026-08-12T07:46:29.672Z] ✅ spx-usd-max.csv: 986 lignes importées/mises à jour
[2026-08-12T07:46:29.769Z] ✅ sqd-usd-max.csv: 797 lignes importées/mises à jour
[2026-08-12T07:46:29.974Z] ✅ ssv-usd-max.csv: 1699 lignes importées/mises à jour
[2026-08-12T07:46:30.404Z] ✅ steem-usd-max.csv: 3603 lignes importées/mises à jour
[2026-08-12T07:46:30.656Z] ✅ steth-usd-max.csv: 2042 lignes importées/mises à jour
[2026-08-12T07:46:30.841Z] ✅ stg-usd-max.csv: 1562 lignes importées/mises à jour
[2026-08-12T07:46:31.212Z] ✅ storj-usd-max.csv: 3071 lignes importées/mises à jour
[2026-08-12T07:46:31.629Z] ✅ strax-usd-max.csv: 3487 lignes importées/mises à jour
[2026-08-12T07:46:31.725Z] ✅ strk-usd-max.csv: 780 lignes importées/mises à jour
[2026-08-12T07:46:32.009Z] ✅ stx-usd-max.csv: 2317 lignes importées/mises à jour
[2026-08-12T07:46:32.155Z] ✅ sui-usd-max.csv: 1185 lignes importées/mises à jour
[2026-08-12T07:46:32.384Z] ✅ super-usd-max.csv: 1909 lignes importées/mises à jour
[2026-08-12T07:46:32.624Z] ✅ sushi-usd-max.csv: 2010 lignes importées/mises à jour
[2026-08-12T07:46:32.984Z] ✅ swftc-usd-max.csv: 3052 lignes importées/mises à jour
[2026-08-12T07:46:33.059Z] ✅ syrup-usd-max.csv: 609 lignes importées/mises à jour
[2026-08-12T07:46:33.192Z] ✅ tao-usd-max.csv: 1093 lignes importées/mises à jour
[2026-08-12T07:46:33.574Z] ✅ tel-usd-max.csv: 3051 lignes importées/mises à jour
[2026-08-12T07:46:33.882Z] ✅ tfuel-usd-max.csv: 2531 lignes importées/mises à jour
[2026-08-12T07:46:34.235Z] ✅ theta-usd-max.csv: 2957 lignes importées/mises à jour
[2026-08-12T07:46:34.352Z] ✅ tia-usd-max.csv: 995 lignes importées/mises à jour
[2026-08-12T07:46:34.556Z] ✅ ton-usd-max.csv: 1751 lignes importées/mises à jour
[2026-08-12T07:46:34.667Z] ✅ toshi-usd-max.csv: 947 lignes importées/mises à jour
[2026-08-12T07:46:35.029Z] ✅ trac-usd-max.csv: 2948 lignes importées/mises à jour
[2026-08-12T07:46:35.339Z] ✅ trb-usd-max.csv: 2483 lignes importées/mises à jour
[2026-08-12T07:46:35.399Z] ✅ trump-usd-max.csv: 463 lignes importées/mises à jour
[2026-08-12T07:46:35.783Z] ✅ trx-usd-max.csv: 3144 lignes importées/mises à jour
[2026-08-12T07:46:36.128Z] ✅ tusd-usd-max.csv: 2885 lignes importées/mises à jour
[2026-08-12T07:46:36.412Z] ✅ twt-usd-max.csv: 2209 lignes importées/mises à jour
[2026-08-12T07:46:36.676Z] ✅ uma-usd-max.csv: 2131 lignes importées/mises à jour
[2026-08-12T07:46:36.912Z] ✅ uni-usd-max.csv: 1990 lignes importées/mises à jour
[2026-08-12T07:46:37.246Z] ✅ usdc-usd-max.csv: 2814 lignes importées/mises à jour
[2026-08-12T07:46:37.436Z] ✅ usdd-usd-max.csv: 1520 lignes importées/mises à jour
[2026-08-12T07:46:37.536Z] ✅ usde-usd-max.csv: 837 lignes importées/mises à jour
[2026-08-12T07:46:37.598Z] ✅ usdg-usd-max.csv: 480 lignes importées/mises à jour
[2026-08-12T07:46:38.113Z] ✅ usdt-usd-max.csv: 4109 lignes importées/mises à jour
[2026-08-12T07:46:38.173Z] ✅ vana-usd-max.csv: 447 lignes importées/mises à jour
[2026-08-12T07:46:38.431Z] ✅ velo-usd-max.csv: 2125 lignes importées/mises à jour
[2026-08-12T07:46:38.775Z] ✅ vet-usd-max.csv: 2773 lignes importées/mises à jour
[2026-08-12T07:46:38.888Z] ✅ virtual-usd-max.csv: 917 lignes importées/mises à jour
[2026-08-12T07:46:39.219Z] ✅ vtho-usd-max.csv: 2760 lignes importées/mises à jour
[2026-08-12T07:46:39.273Z] ✅ vvv-usd-max.csv: 434 lignes importées/mises à jour
[2026-08-12T07:46:39.368Z] ✅ w-usd-max.csv: 774 lignes importées/mises à jour
[2026-08-12T07:46:39.797Z] ✅ waves-usd-max.csv: 3558 lignes importées/mises à jour
[2026-08-12T07:46:40.168Z] ✅ waxp-usd-max.csv: 2973 lignes importées/mises à jour
[2026-08-12T07:46:40.320Z] ✅ wbeth-usd-max.csv: 1198 lignes importées/mises à jour
[2026-08-12T07:46:40.554Z] ✅ wbnb-usd-max.csv: 1954 lignes importées/mises à jour
[2026-08-12T07:46:40.879Z] ✅ wbtc-usd-max.csv: 2728 lignes importées/mises à jour
[2026-08-12T07:46:41.128Z] ✅ wemix-usd-max.csv: 2040 lignes importées/mises à jour
[2026-08-12T07:46:41.523Z] ✅ weth-usd-max.csv: 3038 lignes importées/mises à jour
[2026-08-12T07:46:41.629Z] ✅ wif-usd-max.csv: 799 lignes importées/mises à jour
[2026-08-12T07:46:41.780Z] ✅ wld-usd-max.csv: 1108 lignes importées/mises à jour
[2026-08-12T07:46:41.832Z] ✅ wlfi-usd-max.csv: 342 lignes importées/mises à jour
[2026-08-12T07:46:41.941Z] ✅ xai-usd-max.csv: 768 lignes importées/mises à jour
[2026-08-12T07:46:41.975Z] ✅ xan-usd-max.csv: 219 lignes importées/mises à jour
[2026-08-12T07:46:42.300Z] ✅ xaut-usd-max.csv: 2336 lignes importées/mises à jour
[2026-08-12T07:46:42.541Z] ✅ xch-usd-max.csv: 1857 lignes importées/mises à jour
[2026-08-12T07:46:42.722Z] ✅ xcn-usd-max.csv: 1446 lignes importées/mises à jour
[2026-08-12T07:46:43.114Z] ✅ xdce-usd-max.csv: 2880 lignes importées/mises à jour
[2026-08-12T07:46:43.352Z] ✅ xec-usd-max.csv: 1786 lignes importées/mises à jour
[2026-08-12T07:46:43.897Z] ✅ xlm-usd-max.csv: 4218 lignes importées/mises à jour
[2026-08-12T07:46:44.446Z] ✅ xmr-usd-max.csv: 4299 lignes importées/mises à jour
[2026-08-12T07:46:45.071Z] ✅ xrp-usd-max.csv: 4697 lignes importées/mises à jour
[2026-08-12T07:46:45.450Z] ✅ xtz-usd-max.csv: 2797 lignes importées/mises à jour
[2026-08-12T07:46:45.981Z] ✅ xvg-usd-max.csv: 4162 lignes importées/mises à jour
[2026-08-12T07:46:46.237Z] ✅ xvs-usd-max.csv: 1971 lignes importées/mises à jour
[2026-08-12T07:46:46.626Z] ✅ xyo-usd-max.csv: 2906 lignes importées/mises à jour
[2026-08-12T07:46:46.882Z] ✅ yfi-usd-max.csv: 2051 lignes importées/mises à jour
[2026-08-12T07:46:46.977Z] ✅ zbcn-usd-max.csv: 729 lignes importées/mises à jour
[2026-08-12T07:46:47.428Z] ✅ zec-usd-max.csv: 3520 lignes importées/mises à jour
[2026-08-12T07:46:47.836Z] ✅ zen-usd-max.csv: 3181 lignes importées/mises à jour
[2026-08-12T07:46:47.938Z] ✅ zeta-usd-max.csv: 787 lignes importées/mises à jour
[2026-08-12T07:46:48.171Z] ✅ zig-usd-max.csv: 1886 lignes importées/mises à jour
[2026-08-12T07:46:48.267Z] ✅ zk-usd-max.csv: 749 lignes importées/mises à jour
[2026-08-12T07:46:48.361Z] ✅ zro-usd-max.csv: 725 lignes importées/mises à jour
[2026-08-12T07:46:48.760Z] IMPORTED_COUNT=623862
[2026-08-12T07:46:48.760Z] Import terminé
[2026-08-12T07:46:48.760Z] === FIN IMPORT HISTORIQUE ===
[2026-08-12T07:46:48.760Z] ✅ zrx-usd-max.csv: 3056 lignes importées/mises à jour
[2026-08-12T07:46:48.775Z] MongoDB connecté ✔
[2026-08-12T07:46:48.775Z] === DEBUT IMPORT PRIX DU JOUR ===
[2026-08-12T07:46:48.954Z] Suppression coins_non_trouvés réussie
[2026-08-12T07:46:50.846Z] [object Object]
[2026-08-12T07:46:53.313Z] === FIN IMPORT PRIX DU JOUR ===
[2026-08-12T07:46:53.313Z] IMPORTED_COUNT=354
