[2026-08-15T06:10:18.036Z] === DEBUT IMPORT BITCOIN ===
[2026-08-15T06:10:18.037Z] BITCOIN PATH: /app/storage/historique/btc-usd-max.csv
[2026-08-15T06:10:18.037Z] === Suppression ancienne data ===
[2026-08-15T06:10:18.098Z] → Collection Bitcoin vidée
[2026-08-15T06:10:18.098Z] === Étape 1 : Import CSV ===
[2026-08-15T06:10:18.769Z] IMPORTED_COUNT=4854
[2026-08-15T06:10:18.769Z] → 4854 lignes insérées
[2026-08-15T06:10:18.769Z] === Étape 2 : Calcul diff ===
[2026-08-15T06:10:18.769Z] Import terminé
[2026-08-15T06:10:18.770Z] Calcul des diff…
[2026-08-15T06:10:18.890Z] → 4854 lignes chargées
[2026-08-15T06:10:19.915Z] === Terminé ===
[2026-08-15T06:10:19.915Z] === FIN IMPORT BITCOIN ===
[2026-08-15T06:10:19.914Z] Calcul diff terminé !
[2026-08-15T06:10:19.929Z] === DEBUT IMPORT HISTORIQUE ===
[2026-08-15T06:10:19.929Z] HISTORY BITCOIN PATH: /app/storage/historique/btc-usd-max.csv
[2026-08-15T06:10:19.944Z] Suppression coins_non_importes réussie
[2026-08-15T06:10:20.288Z] Taux USD → EUR :
[2026-08-15T06:10:20.306Z] Coins sans historique :
[2026-08-15T06:10:20.306Z] 📌 0 coins ajoutés dans coins_non_importes
[2026-08-15T06:10:20.306Z] Fichiers trouvés: 476
[2026-08-15T06:10:20.439Z] ✅ 0g-usd-max.csv: 306 lignes importées/mises à jour
[2026-08-15T06:10:20.694Z] ✅ 1000sats-usd-max.csv: 840 lignes importées/mises à jour
[2026-08-15T06:10:21.211Z] ✅ 1inch-usd-max.csv: 1891 lignes importées/mises à jour
[2026-08-15T06:10:21.303Z] ✅ 2z-usd-max.csv: 236 lignes importées/mises à jour
[2026-08-15T06:10:21.438Z] ✅ a-usd-max.csv: 407 lignes importées/mises à jour
[2026-08-15T06:10:21.962Z] ✅ aave-usd-max.csv: 1974 lignes importées/mises à jour
[2026-08-15T06:10:22.588Z] ✅ ab-usd-max.csv: 2509 lignes importées/mises à jour
[2026-08-15T06:10:23.045Z] ✅ ach-usd-max.csv: 1999 lignes importées/mises à jour
[2026-08-15T06:10:23.357Z] ✅ acx-usd-max.csv: 1337 lignes importées/mises à jour
[2026-08-15T06:10:23.948Z] ✅ ada-usd-max.csv: 3055 lignes importées/mises à jour
[2026-08-15T06:10:24.135Z] ✅ aero-usd-max.csv: 924 lignes importées/mises à jour
[2026-08-15T06:10:24.489Z] ✅ aioz-usd-max.csv: 1868 lignes importées/mises à jour
[2026-08-15T06:10:24.570Z] ✅ aixbt-usd-max.csv: 472 lignes importées/mises à jour
[2026-08-15T06:10:24.896Z] ✅ akt-usd-max.csv: 2045 lignes importées/mises à jour
[2026-08-15T06:10:24.975Z] ✅ alch-usd-max.csv: 547 lignes importées/mises à jour
[2026-08-15T06:10:25.336Z] ✅ algo-usd-max.csv: 2444 lignes importées/mises à jour
[2026-08-15T06:10:25.445Z] ✅ alt-usd-max.csv: 803 lignes importées/mises à jour
[2026-08-15T06:10:25.709Z] ✅ amp-usd-max.csv: 1998 lignes importées/mises à jour
[2026-08-15T06:10:25.786Z] ✅ anime-usd-max.csv: 557 lignes importées/mises à jour
[2026-08-15T06:10:25.984Z] ✅ ape-usd-max.csv: 1525 lignes importées/mises à jour
[2026-08-15T06:10:26.181Z] ✅ apex-usd-max.csv: 1505 lignes importées/mises à jour
[2026-08-15T06:10:26.438Z] ✅ api3-usd-max.csv: 1916 lignes importées/mises à jour
[2026-08-15T06:10:26.597Z] ✅ apt-usd-max.csv: 1228 lignes importées/mises à jour
[2026-08-15T06:10:26.916Z] ✅ ar-usd-max.csv: 2474 lignes importées/mises à jour
[2026-08-15T06:10:27.051Z] ✅ arb-usd-max.csv: 1073 lignes importées/mises à jour
[2026-08-15T06:10:27.466Z] ✅ ark-usd-max.csv: 3264 lignes importées/mises à jour
[2026-08-15T06:10:27.609Z] ✅ arkm-usd-max.csv: 1053 lignes importées/mises à jour
[2026-08-15T06:10:27.954Z] ✅ arpa-usd-max.csv: 2467 lignes importées/mises à jour
[2026-08-15T06:10:28.292Z] ✅ arrr-usd-max.csv: 2575 lignes importées/mises à jour
[2026-08-15T06:10:28.338Z] ✅ aster-usd-max.csv: 314 lignes importées/mises à jour
[2026-08-15T06:10:28.561Z] ✅ astr-usd-max.csv: 1642 lignes importées/mises à jour
[2026-08-15T06:10:28.669Z] ✅ ath-usd-max.csv: 789 lignes importées/mises à jour
[2026-08-15T06:10:29.015Z] ✅ atom-usd-max.csv: 2628 lignes importées/mises à jour
[2026-08-15T06:10:29.279Z] ✅ auction-usd-max.csv: 1923 lignes importées/mises à jour
[2026-08-15T06:10:29.550Z] ✅ audio-usd-max.csv: 1954 lignes importées/mises à jour
[2026-08-15T06:10:29.831Z] ✅ avax-usd-max.csv: 2072 lignes importées/mises à jour
[2026-08-15T06:10:29.858Z] ✅ avnt-usd-max.csv: 172 lignes importées/mises à jour
[2026-08-15T06:10:30.206Z] ✅ awe-usd-max.csv: 2613 lignes importées/mises à jour
[2026-08-15T06:10:30.397Z] ✅ axl-usd-max.csv: 1371 lignes importées/mises à jour
[2026-08-15T06:10:30.653Z] ✅ axs-usd-max.csv: 1942 lignes importées/mises à jour
[2026-08-15T06:10:30.729Z] ✅ ban-usd-max.csv: 490 lignes importées/mises à jour
[2026-08-15T06:10:30.810Z] ✅ bananas31-usd-max.csv: 586 lignes importées/mises à jour
[2026-08-15T06:10:31.123Z] ✅ band-usd-max.csv: 2354 lignes importées/mises à jour
[2026-08-15T06:10:31.156Z] ✅ bard-usd-max.csv: 217 lignes importées/mises à jour
[2026-08-15T06:10:31.562Z] ✅ bat-usd-max.csv: 3187 lignes importées/mises à jour
[2026-08-15T06:10:31.980Z] ✅ bch-usd-max.csv: 3217 lignes importées/mises à jour
[2026-08-15T06:10:32.325Z] ✅ bchsv-usd-max.csv: 2683 lignes importées/mises à jour
[2026-08-15T06:10:32.693Z] ✅ bdx-usd-max.csv: 2828 lignes importées/mises à jour
[2026-08-15T06:10:32.801Z] ✅ beam-usd-max.csv: 856 lignes importées/mises à jour
[2026-08-15T06:10:32.842Z] ✅ beat-usd-max.csv: 280 lignes importées/mises à jour
[2026-08-15T06:10:32.916Z] ✅ bera-usd-max.csv: 542 lignes importées/mises à jour
[2026-08-15T06:10:33.162Z] ✅ bfc-usd-max.csv: 1895 lignes importées/mises à jour
[2026-08-15T06:10:33.216Z] ✅ bfusd-usd-max.csv: 366 lignes importées/mises à jour
[2026-08-15T06:10:33.446Z] ✅ bgb-usd-max.csv: 1766 lignes importées/mises à jour
[2026-08-15T06:10:33.532Z] ✅ bio-usd-max.csv: 570 lignes importées/mises à jour
[2026-08-15T06:10:33.682Z] ✅ blur-usd-max.csv: 1166 lignes importées/mises à jour
[2026-08-15T06:10:34.108Z] ✅ bnb-usd-max.csv: 3196 lignes importées/mises à jour
[2026-08-15T06:10:34.271Z] ✅ bonk-usd-max.csv: 1246 lignes importées/mises à jour
[2026-08-15T06:10:34.372Z] ✅ brett-usd-max.csv: 749 lignes importées/mises à jour
[2026-08-15T06:10:35.030Z] ✅ btc-usd-max.csv: 4855 lignes importées/mises à jour
[2026-08-15T06:10:35.316Z] ✅ btse-usd-max.csv: 2200 lignes importées/mises à jour
[2026-08-15T06:10:35.568Z] ✅ cake-usd-max.csv: 1978 lignes importées/mises à jour
[2026-08-15T06:10:35.807Z] ✅ cbk-usd-max.csv: 1893 lignes importées/mises à jour
[2026-08-15T06:10:36.010Z] ✅ ccd-usd-max.csv: 1582 lignes importées/mises à jour
[2026-08-15T06:10:36.308Z] ✅ celo-usd-max.csv: 2259 lignes importées/mises à jour
[2026-08-15T06:10:36.650Z] ✅ celr-usd-max.csv: 2531 lignes importées/mises à jour
[2026-08-15T06:10:36.789Z] ✅ cetus-usd-max.csv: 1038 lignes importées/mises à jour
[2026-08-15T06:10:36.846Z] ✅ cfg-usd-max.csv: 411 lignes importées/mises à jour
[2026-08-15T06:10:37.095Z] ✅ cfx-usd-max.csv: 1936 lignes importées/mises à jour
[2026-08-15T06:10:37.235Z] ✅ cgpt-usd-max.csv: 1090 lignes importées/mises à jour
[2026-08-15T06:10:37.552Z] ✅ chz-usd-max.csv: 2433 lignes importées/mises à jour
[2026-08-15T06:10:37.842Z] ✅ ckb-usd-max.csv: 2295 lignes importées/mises à jour
[2026-08-15T06:10:37.918Z] ✅ clanker-usd-max.csv: 560 lignes importées/mises à jour
[2026-08-15T06:10:38.200Z] ✅ comp-usd-max.csv: 2083 lignes importées/mises à jour
[2026-08-15T06:10:38.364Z] ✅ core-usd-max.csv: 1248 lignes importées/mises à jour
[2026-08-15T06:10:38.566Z] ✅ cow-usd-max.csv: 1568 lignes importées/mises à jour
[2026-08-15T06:10:38.901Z] ✅ cro-usd-max.csv: 2625 lignes importées/mises à jour
[2026-08-15T06:10:39.157Z] ✅ crv-usd-max.csv: 2024 lignes importées/mises à jour
[2026-08-15T06:10:39.314Z] ✅ crvusd-usd-max.csv: 1117 lignes importées/mises à jour
[2026-08-15T06:10:39.548Z] ✅ cspr-usd-max.csv: 1844 lignes importées/mises à jour
[2026-08-15T06:10:39.832Z] ✅ ctc-usd-max.csv: 2214 lignes importées/mises à jour
[2026-08-15T06:10:40.082Z] ✅ ctk-usd-max.csv: 1950 lignes importées/mises à jour
[2026-08-15T06:10:40.357Z] ✅ ctsi-usd-max.csv: 2136 lignes importées/mises à jour
[2026-08-15T06:10:40.607Z] ✅ cvx-usd-max.csv: 1834 lignes importées/mises à jour
[2026-08-15T06:10:40.733Z] ✅ cyber-usd-max.csv: 979 lignes importées/mises à jour
[2026-08-15T06:10:41.018Z] ✅ dai-usd-max.csv: 2293 lignes importées/mises à jour
[2026-08-15T06:10:41.582Z] ✅ dash-usd-max.csv: 4394 lignes importées/mises à jour
[2026-08-15T06:10:41.802Z] ✅ data-usd-max.csv: 1752 lignes importées/mises à jour
[2026-08-15T06:10:41.882Z] ✅ dbr-usd-max.csv: 634 lignes importées/mises à jour
[2026-08-15T06:10:42.397Z] ✅ dcr-usd-max.csv: 3792 lignes importées/mises à jour
[2026-08-15T06:10:42.480Z] ✅ deep-usd-max.csv: 618 lignes importées/mises à jour
[2026-08-15T06:10:42.583Z] ✅ degen-usd-max.csv: 772 lignes importées/mises à jour
[2026-08-15T06:10:42.833Z] ✅ dexe-usd-max.csv: 1971 lignes importées/mises à jour
[2026-08-15T06:10:43.399Z] ✅ dgb-usd-max.csv: 4404 lignes importées/mises à jour
[2026-08-15T06:10:43.688Z] ✅ dka-usd-max.csv: 2045 lignes importées/mises à jour
[2026-08-15T06:10:44.286Z] ✅ doge-usd-max.csv: 4622 lignes importées/mises à jour
[2026-08-15T06:10:44.365Z] ✅ dogs-usd-max.csv: 589 lignes importées/mises à jour
[2026-08-15T06:10:44.630Z] ✅ dot-usd-max.csv: 2019 lignes importées/mises à jour
[2026-08-15T06:10:44.955Z] ✅ dusk-usd-max.csv: 2496 lignes importées/mises à jour
[2026-08-15T06:10:45.073Z] ✅ dydx-usd-max.csv: 858 lignes importées/mises à jour
[2026-08-15T06:10:45.206Z] ✅ edu-usd-max.csv: 1037 lignes importées/mises à jour
[2026-08-15T06:10:45.466Z] ✅ egld-usd-max.csv: 2004 lignes importées/mises à jour
[2026-08-15T06:10:45.553Z] ✅ eigen-usd-max.csv: 666 lignes importées/mises à jour
[2026-08-15T06:10:45.950Z] ✅ elf-usd-max.csv: 3086 lignes importées/mises à jour
[2026-08-15T06:10:46.046Z] ✅ ena-usd-max.csv: 723 lignes importées/mises à jour
[2026-08-15T06:10:46.441Z] ✅ enj-usd-max.csv: 3032 lignes importées/mises à jour
[2026-08-15T06:10:46.656Z] ✅ ens-usd-max.csv: 1628 lignes importées/mises à jour
[2026-08-15T06:10:46.968Z] ✅ erg-usd-max.csv: 2433 lignes importées/mises à jour
[2026-08-15T06:10:47.417Z] ✅ etc-usd-max.csv: 3506 lignes importées/mises à jour
[2026-08-15T06:10:47.925Z] ✅ eth-usd-max.csv: 3968 lignes importées/mises à jour
[2026-08-15T06:10:48.025Z] ✅ ethfi-usd-max.csv: 783 lignes importées/mises à jour
[2026-08-15T06:10:48.203Z] ✅ ethw-usd-max.csv: 1352 lignes importées/mises à jour
[2026-08-15T06:10:48.594Z] ✅ etn-usd-max.csv: 3034 lignes importées/mises à jour
[2026-08-15T06:10:48.773Z] ✅ eul-usd-max.csv: 1414 lignes importées/mises à jour
[2026-08-15T06:10:48.944Z] ✅ eurc-usd-max.csv: 1387 lignes importées/mises à jour
[2026-08-15T06:10:49.221Z] ✅ ewt-usd-max.csv: 2160 lignes importées/mises à jour
[2026-08-15T06:10:49.309Z] ✅ fartcoin-usd-max.csv: 599 lignes importées/mises à jour
[2026-08-15T06:10:49.431Z] ✅ fdusd-usd-max.csv: 948 lignes importées/mises à jour
[2026-08-15T06:10:49.774Z] ✅ fet-usd-max.csv: 2682 lignes importées/mises à jour
[2026-08-15T06:10:50.033Z] ✅ fil-usd-max.csv: 1962 lignes importées/mises à jour
[2026-08-15T06:10:50.262Z] ✅ floki-usd-max.csv: 1827 lignes importées/mises à jour
[2026-08-15T06:10:50.519Z] ✅ flow-usd-max.csv: 2015 lignes importées/mises à jour
[2026-08-15T06:10:50.676Z] ✅ flr-usd-max.csv: 1145 lignes importées/mises à jour
[2026-08-15T06:10:51.034Z] ✅ flux-usd-max.csv: 2769 lignes importées/mises à jour
[2026-08-15T06:10:51.101Z] ✅ form-usd-max.csv: 510 lignes importées/mises à jour
[2026-08-15T06:10:51.414Z] ✅ ftt-usd-max.csv: 2405 lignes importées/mises à jour
[2026-08-15T06:10:51.511Z] ✅ g-usd-max.csv: 746 lignes importées/mises à jour
[2026-08-15T06:10:51.765Z] ✅ gala-usd-max.csv: 1991 lignes importées/mises à jour
[2026-08-15T06:10:52.188Z] ✅ gas-usd-max.csv: 3244 lignes importées/mises à jour
[2026-08-15T06:10:52.302Z] ✅ giga-usd-max.csv: 868 lignes importées/mises à jour
[2026-08-15T06:10:52.344Z] ✅ giggle-usd-max.csv: 307 lignes importées/mises à jour
[2026-08-15T06:10:52.786Z] ✅ glm-usd-max.csv: 3389 lignes importées/mises à jour
[2026-08-15T06:10:52.986Z] ✅ gmt-usd-max.csv: 1597 lignes importées/mises à jour
[2026-08-15T06:10:53.198Z] ✅ gmx-usd-max.csv: 1711 lignes importées/mises à jour
[2026-08-15T06:10:53.627Z] ✅ gno-usd-max.csv: 3281 lignes importées/mises à jour
[2026-08-15T06:10:53.694Z] ✅ goat-usd-max.csv: 518 lignes importées/mises à jour
[2026-08-15T06:10:53.763Z] ✅ grass-usd-max.csv: 502 lignes importées/mises à jour
[2026-08-15T06:10:53.998Z] ✅ grt-usd-max.csv: 1899 lignes importées/mises à jour
[2026-08-15T06:10:54.038Z] ✅ gusd-usd-max.csv: 279 lignes importées/mises à jour
[2026-08-15T06:10:54.337Z] ✅ hbar-usd-max.csv: 2355 lignes importées/mises à jour
[2026-08-15T06:10:54.619Z] ✅ hive-usd-max.csv: 2168 lignes importées/mises à jour
[2026-08-15T06:10:54.894Z] ✅ hnt-usd-max.csv: 2142 lignes importées/mises à jour
[2026-08-15T06:10:55.270Z] ✅ hot-usd-max.csv: 2861 lignes importées/mises à jour
[2026-08-15T06:10:55.331Z] ✅ huma-usd-max.csv: 437 lignes importées/mises à jour
[2026-08-15T06:10:55.408Z] ✅ hype-usd-max.csv: 576 lignes importées/mises à jour
[2026-08-15T06:10:55.655Z] ✅ icp-usd-max.csv: 1921 lignes importées/mises à jour
[2026-08-15T06:10:56.043Z] ✅ icx-usd-max.csv: 3045 lignes importées/mises à jour
[2026-08-15T06:10:56.281Z] ✅ imx-usd-max.csv: 1743 lignes importées/mises à jour
[2026-08-15T06:10:56.542Z] ✅ inj-usd-max.csv: 2039 lignes importées/mises à jour
[2026-08-15T06:10:56.627Z] ✅ io-usd-max.csv: 654 lignes importées/mises à jour
[2026-08-15T06:10:56.995Z] ✅ iost-usd-max.csv: 2958 lignes importées/mises à jour
[2026-08-15T06:10:57.358Z] ✅ iotx-usd-max.csv: 2835 lignes importées/mises à jour
[2026-08-15T06:10:57.416Z] ✅ ip-usd-max.csv: 441 lignes importées/mises à jour
[2026-08-15T06:10:57.801Z] ✅ iq-usd-max.csv: 2908 lignes importées/mises à jour
[2026-08-15T06:10:58.033Z] ✅ jasmy-usd-max.csv: 1818 lignes importées/mises à jour
[2026-08-15T06:10:58.107Z] ✅ jellyjelly-usd-max.csv: 554 lignes importées/mises à jour
[2026-08-15T06:10:58.377Z] ✅ jst-usd-max.csv: 2122 lignes importées/mises à jour
[2026-08-15T06:10:58.497Z] ✅ jto-usd-max.csv: 967 lignes importées/mises à jour
[2026-08-15T06:10:58.579Z] ✅ kaia-usd-max.csv: 590 lignes importées/mises à jour
[2026-08-15T06:10:58.639Z] ✅ kaito-usd-max.csv: 426 lignes importées/mises à jour
[2026-08-15T06:10:58.829Z] ✅ kas-usd-max.csv: 1479 lignes importées/mises à jour
[2026-08-15T06:10:59.137Z] ✅ kava-usd-max.csv: 2317 lignes importées/mises à jour
[2026-08-15T06:10:59.535Z] ✅ kcs-usd-max.csv: 3125 lignes importées/mises à jour
[2026-08-15T06:10:59.572Z] ✅ kgen-usd-max.csv: 265 lignes importées/mises à jour
[2026-08-15T06:10:59.674Z] ✅ kmno-usd-max.csv: 768 lignes importées/mises à jour
[2026-08-15T06:10:59.902Z] ✅ knc-usd-max.csv: 1840 lignes importées/mises à jour
[2026-08-15T06:11:00.130Z] ✅ kub-usd-max.csv: 1846 lignes importées/mises à jour
[2026-08-15T06:11:00.380Z] ✅ ldo-usd-max.csv: 1880 lignes importées/mises à jour
[2026-08-15T06:11:00.416Z] ✅ linea-usd-max.csv: 241 lignes importées/mises à jour
[2026-08-15T06:11:00.819Z] ✅ link-usd-max.csv: 3177 lignes importées/mises à jour
[2026-08-15T06:11:01.150Z] ✅ lpt-usd-max.csv: 2697 lignes importées/mises à jour
[2026-08-15T06:11:01.374Z] ✅ lqty-usd-max.csv: 1872 lignes importées/mises à jour
[2026-08-15T06:11:01.752Z] ✅ lrc-usd-max.csv: 3043 lignes importées/mises à jour
[2026-08-15T06:11:02.187Z] ✅ lsk-usd-max.csv: 3595 lignes importées/mises à jour
[2026-08-15T06:11:02.749Z] ✅ ltc-usd-max.csv: 4687 lignes importées/mises à jour
[2026-08-15T06:11:03.067Z] ✅ lunc-usd-max.csv: 2488 lignes importées/mises à jour
[2026-08-15T06:11:03.268Z] ✅ magic-usd-max.csv: 1685 lignes importées/mises à jour
[2026-08-15T06:11:03.633Z] ✅ mana-usd-max.csv: 3043 lignes importées/mises à jour
[2026-08-15T06:11:03.732Z] ✅ manta-usd-max.csv: 805 lignes importées/mises à jour
[2026-08-15T06:11:03.959Z] ✅ mask-usd-max.csv: 1918 lignes importées/mises à jour
[2026-08-15T06:11:04.082Z] ✅ matic-usd-max.csv: 995 lignes importées/mises à jour
[2026-08-15T06:11:04.193Z] ✅ meme-usd-max.csv: 848 lignes importées/mises à jour
[2026-08-15T06:11:04.419Z] ✅ metis-usd-max.csv: 1828 lignes importées/mises à jour
[2026-08-15T06:11:04.512Z] ✅ mew-usd-max.csv: 752 lignes importées/mises à jour
[2026-08-15T06:11:04.747Z] ✅ mina-usd-max.csv: 1831 lignes importées/mises à jour
[2026-08-15T06:11:05.134Z] ✅ mkr-usd-max.csv: 3112 lignes importées/mises à jour
[2026-08-15T06:11:05.252Z] ✅ mnt-usd-max.csv: 957 lignes importées/mises à jour
[2026-08-15T06:11:05.325Z] ✅ moca-usd-max.csv: 619 lignes importées/mises à jour
[2026-08-15T06:11:05.449Z] ✅ mog-usd-max.csv: 1003 lignes importées/mises à jour
[2026-08-15T06:11:05.527Z] ✅ moodeng-usd-max.csv: 598 lignes importées/mises à jour
[2026-08-15T06:11:05.612Z] ✅ morpho-usd-max.csv: 625 lignes importées/mises à jour
[2026-08-15T06:11:05.672Z] ✅ move-usd-max.csv: 455 lignes importées/mises à jour
[2026-08-15T06:11:06.103Z] ✅ mtl-usd-max.csv: 3150 lignes importées/mises à jour
[2026-08-15T06:11:06.108Z] ✅ mumu-usd-max.csv: 11 lignes importées/mises à jour
[2026-08-15T06:11:06.469Z] ✅ mvl-usd-max.csv: 2772 lignes importées/mises à jour
[2026-08-15T06:11:06.790Z] ✅ mx-usd-max.csv: 2576 lignes importées/mises à jour
[2026-08-15T06:11:07.037Z] ✅ near-usd-max.csv: 2023 lignes importées/mises à jour
[2026-08-15T06:11:07.113Z] ✅ neiro-usd-max.csv: 592 lignes importées/mises à jour
[2026-08-15T06:11:07.557Z] ✅ neo-usd-max.csv: 3510 lignes importées/mises à jour
[2026-08-15T06:11:07.907Z] ✅ nexo-usd-max.csv: 2841 lignes importées/mises à jour
[2026-08-15T06:11:08.132Z] ✅ nft-usd-max.csv: 1841 lignes importées/mises à jour
[2026-08-15T06:11:08.512Z] ✅ nmr-usd-max.csv: 3152 lignes importées/mises à jour
[2026-08-15T06:11:08.611Z] ✅ not-usd-max.csv: 765 lignes importées/mises à jour
[2026-08-15T06:11:08.670Z] ✅ nxpc-usd-max.csv: 436 lignes importées/mises à jour
[2026-08-15T06:11:08.857Z] ✅ nym-usd-max.csv: 1473 lignes importées/mises à jour
[2026-08-15T06:11:09.235Z] ✅ okb-usd-max.csv: 2934 lignes importées/mises à jour
[2026-08-15T06:11:09.537Z] ✅ omi-usd-max.csv: 2482 lignes importées/mises à jour
[2026-08-15T06:11:09.641Z] ✅ ondo-usd-max.csv: 862 lignes importées/mises à jour
[2026-08-15T06:11:09.990Z] ✅ ont-usd-max.csv: 2899 lignes importées/mises à jour
[2026-08-15T06:11:10.178Z] ✅ op-usd-max.csv: 1417 lignes importées/mises à jour
[2026-08-15T06:11:10.536Z] ✅ orbs-usd-max.csv: 2517 lignes importées/mises à jour
[2026-08-15T06:11:10.673Z] ✅ ordi-usd-max.csv: 1076 lignes importées/mises à jour
[2026-08-15T06:11:10.907Z] ✅ osmo-usd-max.csv: 1835 lignes importées/mises à jour
[2026-08-15T06:11:11.027Z] ✅ ozo-usd-max.csv: 950 lignes importées/mises à jour
[2026-08-15T06:11:11.355Z] ✅ paxg-usd-max.csv: 2468 lignes importées/mises à jour
[2026-08-15T06:11:11.679Z] ✅ pci-usd-max.csv: 2383 lignes importées/mises à jour
[2026-08-15T06:11:11.747Z] ✅ peaq-usd-max.csv: 480 lignes importées/mises à jour
[2026-08-15T06:11:11.989Z] ✅ pendle-usd-max.csv: 1907 lignes importées/mises à jour
[2026-08-15T06:11:12.066Z] ✅ pengu-usd-max.csv: 582 lignes importées/mises à jour
[2026-08-15T06:11:12.288Z] ✅ people-usd-max.csv: 1624 lignes importées/mises à jour
[2026-08-15T06:11:12.477Z] ✅ pepe-usd-max.csv: 1170 lignes importées/mises à jour
[2026-08-15T06:11:12.589Z] ✅ pi-usd-max.csv: 539 lignes importées/mises à jour
[2026-08-15T06:11:12.731Z] ✅ pippin-usd-max.csv: 537 lignes importées/mises à jour
[2026-08-15T06:11:12.877Z] ✅ pixel-usd-max.csv: 833 lignes importées/mises à jour
[2026-08-15T06:11:12.953Z] ✅ plume-usd-max.csv: 475 lignes importées/mises à jour
[2026-08-15T06:11:13.191Z] ✅ pokt-usd-max.csv: 1598 lignes importées/mises à jour
[2026-08-15T06:11:13.414Z] ✅ polyx-usd-max.csv: 1438 lignes importées/mises à jour
[2026-08-15T06:11:13.553Z] ✅ popcat-usd-max.csv: 862 lignes importées/mises à jour
[2026-08-15T06:11:14.081Z] ✅ powr-usd-max.csv: 3034 lignes importées/mises à jour
[2026-08-15T06:11:14.616Z] ✅ pro-usd-max.csv: 3159 lignes importées/mises à jour
[2026-08-15T06:11:14.993Z] ✅ prom-usd-max.csv: 2436 lignes importées/mises à jour
[2026-08-15T06:11:15.305Z] ✅ pundix-usd-max.csv: 1905 lignes importées/mises à jour
[2026-08-15T06:11:15.484Z] ✅ pyth-usd-max.csv: 992 lignes importées/mises à jour
[2026-08-15T06:11:15.669Z] ✅ pyusd-usd-max.csv: 923 lignes importées/mises à jour
[2026-08-15T06:11:16.213Z] ✅ qkc-usd-max.csv: 2825 lignes importées/mises à jour
[2026-08-15T06:11:16.764Z] ✅ qnt-usd-max.csv: 2911 lignes importées/mises à jour
[2026-08-15T06:11:17.384Z] ✅ qtum-usd-max.csv: 3181 lignes importées/mises à jour
[2026-08-15T06:11:17.768Z] ✅ ray-usd-max.csv: 1940 lignes importées/mises à jour
[2026-08-15T06:11:17.868Z] ✅ red-usd-max.csv: 526 lignes importées/mises à jour
[2026-08-15T06:11:18.389Z] ✅ render-usd-max.csv: 2195 lignes importées/mises à jour
[2026-08-15T06:11:19.014Z] ✅ req-usd-max.csv: 3043 lignes importées/mises à jour
[2026-08-15T06:11:19.040Z] ✅ river-usd-max.csv: 119 lignes importées/mises à jour
[2026-08-15T06:11:19.457Z] ✅ rlc-usd-max.csv: 3236 lignes importées/mises à jour
[2026-08-15T06:11:19.512Z] ✅ rlusd-usd-max.csv: 438 lignes importées/mises à jour
[2026-08-15T06:11:19.692Z] ✅ ron-usd-max.csv: 1584 lignes importées/mises à jour
[2026-08-15T06:11:19.915Z] ✅ rose-usd-max.csv: 1927 lignes importées/mises à jour
[2026-08-15T06:11:20.248Z] ✅ rpl-usd-max.csv: 2824 lignes importées/mises à jour
[2026-08-15T06:11:20.526Z] ✅ rsr-usd-max.csv: 2473 lignes importées/mises à jour
[2026-08-15T06:11:20.783Z] ✅ rune-usd-max.csv: 2414 lignes importées/mises à jour
[2026-08-15T06:11:21.245Z] ✅ rvn-usd-max.csv: 2901 lignes importées/mises à jour
[2026-08-15T06:11:21.302Z] ✅ s-usd-max.csv: 412 lignes importées/mises à jour
[2026-08-15T06:11:21.383Z] ✅ safe-usd-max.csv: 631 lignes importées/mises à jour
[2026-08-15T06:11:21.435Z] ✅ sahara-usd-max.csv: 401 lignes importées/mises à jour
[2026-08-15T06:11:21.684Z] ✅ sand-usd-max.csv: 2032 lignes importées/mises à jour
[2026-08-15T06:11:21.725Z] ✅ sapien-usd-max.csv: 324 lignes importées/mises à jour
[2026-08-15T06:11:22.155Z] ✅ sc-usd-max.csv: 3839 lignes importées/mises à jour
[2026-08-15T06:11:22.268Z] ✅ sei-usd-max.csv: 1010 lignes importées/mises à jour
[2026-08-15T06:11:22.471Z] ✅ sfp-usd-max.csv: 1911 lignes importées/mises à jour
[2026-08-15T06:11:22.697Z] ✅ shib-usd-max.csv: 2139 lignes importées/mises à jour
[2026-08-15T06:11:23.013Z] ✅ shx-usd-max.csv: 2598 lignes importées/mises à jour
[2026-08-15T06:11:23.076Z] ✅ siren-usd-max.csv: 387 lignes importées/mises à jour
[2026-08-15T06:11:23.334Z] ✅ skl-usd-max.csv: 1915 lignes importées/mises à jour
[2026-08-15T06:11:23.383Z] ✅ skyai-usd-max.csv: 377 lignes importées/mises à jour
[2026-08-15T06:11:23.708Z] ✅ slp-usd-max.csv: 2240 lignes importées/mises à jour
[2026-08-15T06:11:23.855Z] ✅ snek-usd-max.csv: 1092 lignes importées/mises à jour
[2026-08-15T06:11:24.238Z] ✅ snx-usd-max.csv: 2901 lignes importées/mises à jour
[2026-08-15T06:11:24.544Z] ✅ sol-usd-max.csv: 2260 lignes importées/mises à jour
[2026-08-15T06:11:24.591Z] ✅ somi-usd-max.csv: 339 lignes importées/mises à jour
[2026-08-15T06:11:24.662Z] ✅ soso-usd-max.csv: 523 lignes importées/mises à jour
[2026-08-15T06:11:24.901Z] ✅ spell-usd-max.csv: 1878 lignes importées/mises à jour
[2026-08-15T06:11:24.947Z] ✅ spk-usd-max.csv: 330 lignes importées/mises à jour
[2026-08-15T06:11:25.077Z] ✅ spx-usd-max.csv: 986 lignes importées/mises à jour
[2026-08-15T06:11:25.183Z] ✅ sqd-usd-max.csv: 797 lignes importées/mises à jour
[2026-08-15T06:11:25.398Z] ✅ ssv-usd-max.csv: 1699 lignes importées/mises à jour
[2026-08-15T06:11:25.434Z] ✅ stable-usd-max.csv: 249 lignes importées/mises à jour
[2026-08-15T06:11:25.913Z] ✅ steem-usd-max.csv: 3603 lignes importées/mises à jour
[2026-08-15T06:11:26.298Z] ✅ steth-usd-max.csv: 2042 lignes importées/mises à jour
[2026-08-15T06:11:26.893Z] ✅ stg-usd-max.csv: 1562 lignes importées/mises à jour
[2026-08-15T06:11:27.665Z] ✅ storj-usd-max.csv: 3071 lignes importées/mises à jour
[2026-08-15T06:11:28.310Z] ✅ strax-usd-max.csv: 3487 lignes importées/mises à jour
[2026-08-15T06:11:28.437Z] ✅ strk-usd-max.csv: 780 lignes importées/mises à jour
[2026-08-15T06:11:28.817Z] ✅ stx-usd-max.csv: 2317 lignes importées/mises à jour
[2026-08-15T06:11:28.990Z] ✅ sui-usd-max.csv: 1185 lignes importées/mises à jour
[2026-08-15T06:11:29.265Z] ✅ super-usd-max.csv: 1909 lignes importées/mises à jour
[2026-08-15T06:11:29.576Z] ✅ sushi-usd-max.csv: 2010 lignes importées/mises à jour
[2026-08-15T06:11:30.097Z] ✅ swftc-usd-max.csv: 3052 lignes importées/mises à jour
[2026-08-15T06:11:30.200Z] ✅ syrup-usd-max.csv: 609 lignes importées/mises à jour
[2026-08-15T06:11:30.374Z] ✅ tao-usd-max.csv: 1093 lignes importées/mises à jour
[2026-08-15T06:11:30.812Z] ✅ tel-usd-max.csv: 3051 lignes importées/mises à jour
[2026-08-15T06:11:31.154Z] ✅ tfuel-usd-max.csv: 2531 lignes importées/mises à jour
[2026-08-15T06:11:31.555Z] ✅ theta-usd-max.csv: 2957 lignes importées/mises à jour
[2026-08-15T06:11:31.685Z] ✅ tia-usd-max.csv: 995 lignes importées/mises à jour
[2026-08-15T06:11:31.910Z] ✅ ton-usd-max.csv: 1751 lignes importées/mises à jour
[2026-08-15T06:11:32.040Z] ✅ toshi-usd-max.csv: 947 lignes importées/mises à jour
[2026-08-15T06:11:32.422Z] ✅ trac-usd-max.csv: 2948 lignes importées/mises à jour
[2026-08-15T06:11:32.742Z] ✅ trb-usd-max.csv: 2483 lignes importées/mises à jour
[2026-08-15T06:11:32.814Z] ✅ trump-usd-max.csv: 463 lignes importées/mises à jour
[2026-08-15T06:11:33.217Z] ✅ trx-usd-max.csv: 3144 lignes importées/mises à jour
[2026-08-15T06:11:33.585Z] ✅ tusd-usd-max.csv: 2885 lignes importées/mises à jour
[2026-08-15T06:11:33.875Z] ✅ twt-usd-max.csv: 2209 lignes importées/mises à jour
[2026-08-15T06:11:34.153Z] ✅ uma-usd-max.csv: 2131 lignes importées/mises à jour
[2026-08-15T06:11:34.409Z] ✅ uni-usd-max.csv: 1990 lignes importées/mises à jour
[2026-08-15T06:11:34.766Z] ✅ usdc-usd-max.csv: 2814 lignes importées/mises à jour
[2026-08-15T06:11:34.978Z] ✅ usdd-usd-max.csv: 1520 lignes importées/mises à jour
[2026-08-15T06:11:35.127Z] ✅ usde-usd-max.csv: 837 lignes importées/mises à jour
[2026-08-15T06:11:35.210Z] ✅ usdg-usd-max.csv: 480 lignes importées/mises à jour
[2026-08-15T06:11:35.764Z] ✅ usdt-usd-max.csv: 4109 lignes importées/mises à jour
[2026-08-15T06:11:35.825Z] ✅ vana-usd-max.csv: 447 lignes importées/mises à jour
[2026-08-15T06:11:36.100Z] ✅ velo-usd-max.csv: 2125 lignes importées/mises à jour
[2026-08-15T06:11:36.456Z] ✅ vet-usd-max.csv: 2773 lignes importées/mises à jour
[2026-08-15T06:11:36.573Z] ✅ virtual-usd-max.csv: 917 lignes importées/mises à jour
[2026-08-15T06:11:36.930Z] ✅ vtho-usd-max.csv: 2760 lignes importées/mises à jour
[2026-08-15T06:11:36.991Z] ✅ vvv-usd-max.csv: 434 lignes importées/mises à jour
[2026-08-15T06:11:37.090Z] ✅ w-usd-max.csv: 774 lignes importées/mises à jour
[2026-08-15T06:11:37.544Z] ✅ waves-usd-max.csv: 3558 lignes importées/mises à jour
[2026-08-15T06:11:37.931Z] ✅ waxp-usd-max.csv: 2973 lignes importées/mises à jour
[2026-08-15T06:11:38.198Z] ✅ wbnb-usd-max.csv: 1954 lignes importées/mises à jour
[2026-08-15T06:11:38.613Z] ✅ wbtc-usd-max.csv: 2728 lignes importées/mises à jour
[2026-08-15T06:11:38.897Z] ✅ wemix-usd-max.csv: 2040 lignes importées/mises à jour
[2026-08-15T06:11:39.309Z] ✅ weth-usd-max.csv: 3038 lignes importées/mises à jour
[2026-08-15T06:11:39.411Z] ✅ wif-usd-max.csv: 799 lignes importées/mises à jour
[2026-08-15T06:11:39.550Z] ✅ wld-usd-max.csv: 1108 lignes importées/mises à jour
[2026-08-15T06:11:39.598Z] ✅ wlfi-usd-max.csv: 342 lignes importées/mises à jour
[2026-08-15T06:11:39.698Z] ✅ xai-usd-max.csv: 768 lignes importées/mises à jour
[2026-08-15T06:11:39.731Z] ✅ xan-usd-max.csv: 219 lignes importées/mises à jour
[2026-08-15T06:11:40.032Z] ✅ xaut-usd-max.csv: 2336 lignes importées/mises à jour
[2026-08-15T06:11:40.283Z] ✅ xch-usd-max.csv: 1857 lignes importées/mises à jour
[2026-08-15T06:11:40.465Z] ✅ xcn-usd-max.csv: 1446 lignes importées/mises à jour
[2026-08-15T06:11:40.841Z] ✅ xdce-usd-max.csv: 2880 lignes importées/mises à jour
[2026-08-15T06:11:41.068Z] ✅ xec-usd-max.csv: 1786 lignes importées/mises à jour
[2026-08-15T06:11:41.613Z] ✅ xlm-usd-max.csv: 4218 lignes importées/mises à jour
[2026-08-15T06:11:42.165Z] ✅ xmr-usd-max.csv: 4299 lignes importées/mises à jour
[2026-08-15T06:11:42.783Z] ✅ xrp-usd-max.csv: 4697 lignes importées/mises à jour
[2026-08-15T06:11:43.175Z] ✅ xtz-usd-max.csv: 2797 lignes importées/mises à jour
[2026-08-15T06:11:43.730Z] ✅ xvg-usd-max.csv: 4162 lignes importées/mises à jour
[2026-08-15T06:11:44.024Z] ✅ xvs-usd-max.csv: 1971 lignes importées/mises à jour
[2026-08-15T06:11:44.410Z] ✅ xyo-usd-max.csv: 2906 lignes importées/mises à jour
[2026-08-15T06:11:44.684Z] ✅ yfi-usd-max.csv: 2051 lignes importées/mises à jour
[2026-08-15T06:11:44.788Z] ✅ zbcn-usd-max.csv: 729 lignes importées/mises à jour
[2026-08-15T06:11:45.253Z] ✅ zec-usd-max.csv: 3520 lignes importées/mises à jour
[2026-08-15T06:11:45.674Z] ✅ zen-usd-max.csv: 3181 lignes importées/mises à jour
[2026-08-15T06:11:45.773Z] ✅ zeta-usd-max.csv: 787 lignes importées/mises à jour
[2026-08-15T06:11:46.010Z] ✅ zig-usd-max.csv: 1886 lignes importées/mises à jour
[2026-08-15T06:11:46.110Z] ✅ zk-usd-max.csv: 749 lignes importées/mises à jour
[2026-08-15T06:11:46.204Z] ✅ zro-usd-max.csv: 725 lignes importées/mises à jour
[2026-08-15T06:11:46.591Z] Import terminé
[2026-08-15T06:11:46.591Z] === FIN IMPORT HISTORIQUE ===
[2026-08-15T06:11:46.591Z] IMPORTED_COUNT=622236
[2026-08-15T06:11:46.591Z] ✅ zrx-usd-max.csv: 3056 lignes importées/mises à jour
[2026-08-15T06:11:46.609Z] MongoDB connecté ✔
[2026-08-15T06:11:46.609Z] === DEBUT IMPORT PRIX DU JOUR ===
[2026-08-15T06:11:46.792Z] Suppression coins_non_trouvés réussie
[2026-08-15T06:11:48.672Z] [object Object]
[2026-08-15T06:11:51.162Z] === FIN IMPORT PRIX DU JOUR ===
[2026-08-15T06:11:51.162Z] IMPORTED_COUNT=354
