[2026-08-13T05:46:52.421Z] === DEBUT IMPORT BITCOIN ===
[2026-08-13T05:46:52.422Z] BITCOIN PATH: /app/storage/historique/btc-usd-max.csv
[2026-08-13T05:46:52.422Z] === Suppression ancienne data ===
[2026-08-13T05:46:52.474Z] → Collection Bitcoin vidée
[2026-08-13T05:46:52.474Z] === Étape 1 : Import CSV ===
[2026-08-13T05:46:53.057Z] Import terminé
[2026-08-13T05:46:53.057Z] Calcul des diff…
[2026-08-13T05:46:53.057Z] IMPORTED_COUNT=4852
[2026-08-13T05:46:53.056Z] → 4852 lignes insérées
[2026-08-13T05:46:53.057Z] === Étape 2 : Calcul diff ===
[2026-08-13T05:46:53.158Z] → 4852 lignes chargées
[2026-08-13T05:46:54.047Z] Calcul diff terminé !
[2026-08-13T05:46:54.047Z] === Terminé ===
[2026-08-13T05:46:54.047Z] === FIN IMPORT BITCOIN ===
[2026-08-13T05:46:54.063Z] HISTORY BITCOIN PATH: /app/storage/historique/btc-usd-max.csv
[2026-08-13T05:46:54.063Z] === DEBUT IMPORT HISTORIQUE ===
[2026-08-13T05:46:54.076Z] Suppression coins_non_importes réussie
[2026-08-13T05:46:54.353Z] Taux USD → EUR :
[2026-08-13T05:46:54.363Z] Coins sans historique :
[2026-08-13T05:46:54.364Z] Fichiers trouvés: 482
[2026-08-13T05:46:54.363Z] 📌 0 coins ajoutés dans coins_non_importes
[2026-08-13T05:46:54.471Z] ✅ 0g-usd-max.csv: 306 lignes importées/mises à jour
[2026-08-13T05:46:54.682Z] ✅ 1000sats-usd-max.csv: 840 lignes importées/mises à jour
[2026-08-13T05:46:55.079Z] ✅ 1inch-usd-max.csv: 1891 lignes importées/mises à jour
[2026-08-13T05:46:55.138Z] ✅ 2z-usd-max.csv: 236 lignes importées/mises à jour
[2026-08-13T05:46:55.239Z] ✅ a-usd-max.csv: 407 lignes importées/mises à jour
[2026-08-13T05:46:55.623Z] ✅ aave-usd-max.csv: 1974 lignes importées/mises à jour
[2026-08-13T05:46:56.096Z] ✅ ab-usd-max.csv: 2509 lignes importées/mises à jour
[2026-08-13T05:46:56.488Z] ✅ ach-usd-max.csv: 1999 lignes importées/mises à jour
[2026-08-13T05:46:56.761Z] ✅ acx-usd-max.csv: 1337 lignes importées/mises à jour
[2026-08-13T05:46:57.338Z] ✅ ada-usd-max.csv: 3055 lignes importées/mises à jour
[2026-08-13T05:46:57.511Z] ✅ aero-usd-max.csv: 924 lignes importées/mises à jour
[2026-08-13T05:46:57.852Z] ✅ aioz-usd-max.csv: 1868 lignes importées/mises à jour
[2026-08-13T05:46:57.938Z] ✅ aixbt-usd-max.csv: 472 lignes importées/mises à jour
[2026-08-13T05:46:58.354Z] ✅ akt-usd-max.csv: 2045 lignes importées/mises à jour
[2026-08-13T05:46:58.478Z] ✅ alch-usd-max.csv: 547 lignes importées/mises à jour
[2026-08-13T05:46:59.043Z] ✅ algo-usd-max.csv: 2444 lignes importées/mises à jour
[2026-08-13T05:46:59.241Z] ✅ alt-usd-max.csv: 803 lignes importées/mises à jour
[2026-08-13T05:46:59.729Z] ✅ amp-usd-max.csv: 1998 lignes importées/mises à jour
[2026-08-13T05:46:59.886Z] ✅ anime-usd-max.csv: 557 lignes importées/mises à jour
[2026-08-13T05:47:00.230Z] ✅ ape-usd-max.csv: 1525 lignes importées/mises à jour
[2026-08-13T05:47:00.660Z] ✅ apex-usd-max.csv: 1505 lignes importées/mises à jour
[2026-08-13T05:47:01.468Z] ✅ api3-usd-max.csv: 1916 lignes importées/mises à jour
[2026-08-13T05:47:02.048Z] ✅ apt-usd-max.csv: 1228 lignes importées/mises à jour
[2026-08-13T05:47:02.982Z] ✅ ar-usd-max.csv: 2474 lignes importées/mises à jour
[2026-08-13T05:47:03.344Z] ✅ arb-usd-max.csv: 1073 lignes importées/mises à jour
[2026-08-13T05:47:04.514Z] ✅ ark-usd-max.csv: 3264 lignes importées/mises à jour
[2026-08-13T05:47:04.835Z] ✅ arkm-usd-max.csv: 1053 lignes importées/mises à jour
[2026-08-13T05:47:05.775Z] ✅ arpa-usd-max.csv: 2467 lignes importées/mises à jour
[2026-08-13T05:47:06.691Z] ✅ arrr-usd-max.csv: 2575 lignes importées/mises à jour
[2026-08-13T05:47:06.819Z] ✅ aster-usd-max.csv: 314 lignes importées/mises à jour
[2026-08-13T05:47:07.307Z] ✅ astr-usd-max.csv: 1642 lignes importées/mises à jour
[2026-08-13T05:47:07.566Z] ✅ ath-usd-max.csv: 789 lignes importées/mises à jour
[2026-08-13T05:47:08.346Z] ✅ atom-usd-max.csv: 2628 lignes importées/mises à jour
[2026-08-13T05:47:08.794Z] ✅ auction-usd-max.csv: 1923 lignes importées/mises à jour
[2026-08-13T05:47:09.153Z] ✅ audio-usd-max.csv: 1954 lignes importées/mises à jour
[2026-08-13T05:47:09.506Z] ✅ avax-usd-max.csv: 2072 lignes importées/mises à jour
[2026-08-13T05:47:09.549Z] ✅ avnt-usd-max.csv: 172 lignes importées/mises à jour
[2026-08-13T05:47:10.064Z] ✅ awe-usd-max.csv: 2613 lignes importées/mises à jour
[2026-08-13T05:47:10.318Z] ✅ axl-usd-max.csv: 1371 lignes importées/mises à jour
[2026-08-13T05:47:10.619Z] ✅ axs-usd-max.csv: 1942 lignes importées/mises à jour
[2026-08-13T05:47:10.699Z] ✅ ban-usd-max.csv: 490 lignes importées/mises à jour
[2026-08-13T05:47:10.785Z] ✅ bananas31-usd-max.csv: 586 lignes importées/mises à jour
[2026-08-13T05:47:11.100Z] ✅ band-usd-max.csv: 2354 lignes importées/mises à jour
[2026-08-13T05:47:11.133Z] ✅ bard-usd-max.csv: 217 lignes importées/mises à jour
[2026-08-13T05:47:11.556Z] ✅ bat-usd-max.csv: 3187 lignes importées/mises à jour
[2026-08-13T05:47:12.009Z] ✅ bch-usd-max.csv: 3217 lignes importées/mises à jour
[2026-08-13T05:47:12.364Z] ✅ bchsv-usd-max.csv: 2683 lignes importées/mises à jour
[2026-08-13T05:47:12.953Z] ✅ bdx-usd-max.csv: 2771 lignes importées/mises à jour
[2026-08-13T05:47:13.141Z] ✅ beam-usd-max.csv: 856 lignes importées/mises à jour
[2026-08-13T05:47:13.209Z] ✅ beat-usd-max.csv: 280 lignes importées/mises à jour
[2026-08-13T05:47:13.330Z] ✅ bera-usd-max.csv: 542 lignes importées/mises à jour
[2026-08-13T05:47:13.651Z] ✅ bfc-usd-max.csv: 1895 lignes importées/mises à jour
[2026-08-13T05:47:13.935Z] ✅ bgb-usd-max.csv: 1766 lignes importées/mises à jour
[2026-08-13T05:47:14.034Z] ✅ bio-usd-max.csv: 570 lignes importées/mises à jour
[2026-08-13T05:47:14.199Z] ✅ blur-usd-max.csv: 1166 lignes importées/mises à jour
[2026-08-13T05:47:14.693Z] ✅ bnb-usd-max.csv: 3196 lignes importées/mises à jour
[2026-08-13T05:47:14.880Z] ✅ bonk-usd-max.csv: 1246 lignes importées/mises à jour
[2026-08-13T05:47:15.003Z] ✅ brett-usd-max.csv: 749 lignes importées/mises à jour
[2026-08-13T05:47:15.903Z] ✅ btc-usd-max.csv: 4853 lignes importées/mises à jour
[2026-08-13T05:47:16.290Z] ✅ btse-usd-max.csv: 2200 lignes importées/mises à jour
[2026-08-13T05:47:16.673Z] ✅ cake-usd-max.csv: 1978 lignes importées/mises à jour
[2026-08-13T05:47:17.018Z] ✅ cbk-usd-max.csv: 1893 lignes importées/mises à jour
[2026-08-13T05:47:17.263Z] ✅ ccd-usd-max.csv: 1582 lignes importées/mises à jour
[2026-08-13T05:47:17.685Z] ✅ celo-usd-max.csv: 2259 lignes importées/mises à jour
[2026-08-13T05:47:18.259Z] ✅ celr-usd-max.csv: 2531 lignes importées/mises à jour
[2026-08-13T05:47:18.518Z] ✅ cetus-usd-max.csv: 1038 lignes importées/mises à jour
[2026-08-13T05:47:18.618Z] ✅ cfg-usd-max.csv: 411 lignes importées/mises à jour
[2026-08-13T05:47:19.074Z] ✅ cfx-usd-max.csv: 1936 lignes importées/mises à jour
[2026-08-13T05:47:19.358Z] ✅ cgpt-usd-max.csv: 1090 lignes importées/mises à jour
[2026-08-13T05:47:19.921Z] ✅ chz-usd-max.csv: 2433 lignes importées/mises à jour
[2026-08-13T05:47:20.340Z] ✅ ckb-usd-max.csv: 2295 lignes importées/mises à jour
[2026-08-13T05:47:20.423Z] ✅ clanker-usd-max.csv: 560 lignes importées/mises à jour
[2026-08-13T05:47:20.706Z] ✅ comp-usd-max.csv: 2083 lignes importées/mises à jour
[2026-08-13T05:47:20.867Z] ✅ core-usd-max.csv: 1248 lignes importées/mises à jour
[2026-08-13T05:47:21.074Z] ✅ cow-usd-max.csv: 1568 lignes importées/mises à jour
[2026-08-13T05:47:21.401Z] ✅ cro-usd-max.csv: 2625 lignes importées/mises à jour
[2026-08-13T05:47:21.677Z] ✅ crv-usd-max.csv: 2024 lignes importées/mises à jour
[2026-08-13T05:47:21.853Z] ✅ crvusd-usd-max.csv: 1117 lignes importées/mises à jour
[2026-08-13T05:47:22.095Z] ✅ cspr-usd-max.csv: 1844 lignes importées/mises à jour
[2026-08-13T05:47:22.402Z] ✅ ctc-usd-max.csv: 2214 lignes importées/mises à jour
[2026-08-13T05:47:22.655Z] ✅ ctk-usd-max.csv: 1950 lignes importées/mises à jour
[2026-08-13T05:47:22.943Z] ✅ ctsi-usd-max.csv: 2136 lignes importées/mises à jour
[2026-08-13T05:47:23.183Z] ✅ cvx-usd-max.csv: 1834 lignes importées/mises à jour
[2026-08-13T05:47:23.315Z] ✅ cyber-usd-max.csv: 979 lignes importées/mises à jour
[2026-08-13T05:47:23.644Z] ✅ dai-usd-max.csv: 2293 lignes importées/mises à jour
[2026-08-13T05:47:24.192Z] ✅ dash-usd-max.csv: 4394 lignes importées/mises à jour
[2026-08-13T05:47:24.405Z] ✅ data-usd-max.csv: 1752 lignes importées/mises à jour
[2026-08-13T05:47:24.482Z] ✅ dbr-usd-max.csv: 634 lignes importées/mises à jour
[2026-08-13T05:47:24.963Z] ✅ dcr-usd-max.csv: 3792 lignes importées/mises à jour
[2026-08-13T05:47:25.040Z] ✅ deep-usd-max.csv: 618 lignes importées/mises à jour
[2026-08-13T05:47:25.136Z] ✅ degen-usd-max.csv: 772 lignes importées/mises à jour
[2026-08-13T05:47:25.378Z] ✅ dexe-usd-max.csv: 1971 lignes importées/mises à jour
[2026-08-13T05:47:25.927Z] ✅ dgb-usd-max.csv: 4404 lignes importées/mises à jour
[2026-08-13T05:47:26.175Z] ✅ dka-usd-max.csv: 2045 lignes importées/mises à jour
[2026-08-13T05:47:26.717Z] ✅ doge-usd-max.csv: 4383 lignes importées/mises à jour
[2026-08-13T05:47:26.788Z] ✅ dogs-usd-max.csv: 589 lignes importées/mises à jour
[2026-08-13T05:47:27.032Z] ✅ dot-usd-max.csv: 2019 lignes importées/mises à jour
[2026-08-13T05:47:27.340Z] ✅ dusk-usd-max.csv: 2496 lignes importées/mises à jour
[2026-08-13T05:47:27.446Z] ✅ dydx-usd-max.csv: 858 lignes importées/mises à jour
[2026-08-13T05:47:27.577Z] ✅ edu-usd-max.csv: 1037 lignes importées/mises à jour
[2026-08-13T05:47:27.846Z] ✅ egld-usd-max.csv: 2004 lignes importées/mises à jour
[2026-08-13T05:47:27.934Z] ✅ eigen-usd-max.csv: 666 lignes importées/mises à jour
[2026-08-13T05:47:28.323Z] ✅ elf-usd-max.csv: 3086 lignes importées/mises à jour
[2026-08-13T05:47:28.414Z] ✅ ena-usd-max.csv: 723 lignes importées/mises à jour
[2026-08-13T05:47:28.811Z] ✅ enj-usd-max.csv: 3032 lignes importées/mises à jour
[2026-08-13T05:47:29.003Z] ✅ ens-usd-max.csv: 1628 lignes importées/mises à jour
[2026-08-13T05:47:29.304Z] ✅ erg-usd-max.csv: 2433 lignes importées/mises à jour
[2026-08-13T05:47:29.843Z] ✅ etc-usd-max.csv: 3506 lignes importées/mises à jour
[2026-08-13T05:47:30.392Z] ✅ eth-usd-max.csv: 3968 lignes importées/mises à jour
[2026-08-13T05:47:30.505Z] ✅ ethfi-usd-max.csv: 783 lignes importées/mises à jour
[2026-08-13T05:47:30.694Z] ✅ ethw-usd-max.csv: 1352 lignes importées/mises à jour
[2026-08-13T05:47:31.089Z] ✅ etn-usd-max.csv: 3034 lignes importées/mises à jour
[2026-08-13T05:47:31.320Z] ✅ eul-usd-max.csv: 1414 lignes importées/mises à jour
[2026-08-13T05:47:31.524Z] ✅ eurc-usd-max.csv: 1387 lignes importées/mises à jour
[2026-08-13T05:47:31.862Z] ✅ ewt-usd-max.csv: 2160 lignes importées/mises à jour
[2026-08-13T05:47:31.967Z] ✅ fartcoin-usd-max.csv: 599 lignes importées/mises à jour
[2026-08-13T05:47:32.119Z] ✅ fdusd-usd-max.csv: 948 lignes importées/mises à jour
[2026-08-13T05:47:32.535Z] ✅ fet-usd-max.csv: 2682 lignes importées/mises à jour
[2026-08-13T05:47:32.851Z] ✅ fil-usd-max.csv: 1962 lignes importées/mises à jour
[2026-08-13T05:47:33.170Z] ✅ floki-usd-max.csv: 1827 lignes importées/mises à jour
[2026-08-13T05:47:33.447Z] ✅ flow-usd-max.csv: 2015 lignes importées/mises à jour
[2026-08-13T05:47:33.594Z] ✅ flr-usd-max.csv: 1145 lignes importées/mises à jour
[2026-08-13T05:47:33.959Z] ✅ flux-usd-max.csv: 2769 lignes importées/mises à jour
[2026-08-13T05:47:34.027Z] ✅ form-usd-max.csv: 510 lignes importées/mises à jour
[2026-08-13T05:47:34.338Z] ✅ ftt-usd-max.csv: 2405 lignes importées/mises à jour
[2026-08-13T05:47:34.430Z] ✅ g-usd-max.csv: 746 lignes importées/mises à jour
[2026-08-13T05:47:34.676Z] ✅ gala-usd-max.csv: 1991 lignes importées/mises à jour
[2026-08-13T05:47:35.087Z] ✅ gas-usd-max.csv: 3132 lignes importées/mises à jour
[2026-08-13T05:47:35.197Z] ✅ giga-usd-max.csv: 868 lignes importées/mises à jour
[2026-08-13T05:47:35.247Z] ✅ giggle-usd-max.csv: 307 lignes importées/mises à jour
[2026-08-13T05:47:35.684Z] ✅ glm-usd-max.csv: 3389 lignes importées/mises à jour
[2026-08-13T05:47:35.884Z] ✅ gmt-usd-max.csv: 1597 lignes importées/mises à jour
[2026-08-13T05:47:36.113Z] ✅ gmx-usd-max.csv: 1711 lignes importées/mises à jour
[2026-08-13T05:47:36.534Z] ✅ gno-usd-max.csv: 3281 lignes importées/mises à jour
[2026-08-13T05:47:36.604Z] ✅ goat-usd-max.csv: 518 lignes importées/mises à jour
[2026-08-13T05:47:36.670Z] ✅ grass-usd-max.csv: 502 lignes importées/mises à jour
[2026-08-13T05:47:36.908Z] ✅ grt-usd-max.csv: 1899 lignes importées/mises à jour
[2026-08-13T05:47:36.948Z] ✅ gusd-usd-max.csv: 279 lignes importées/mises à jour
[2026-08-13T05:47:37.256Z] ✅ hbar-usd-max.csv: 2355 lignes importées/mises à jour
[2026-08-13T05:47:37.534Z] ✅ hive-usd-max.csv: 2168 lignes importées/mises à jour
[2026-08-13T05:47:37.793Z] ✅ hnt-usd-max.csv: 2142 lignes importées/mises à jour
[2026-08-13T05:47:38.165Z] ✅ hot-usd-max.csv: 2861 lignes importées/mises à jour
[2026-08-13T05:47:38.225Z] ✅ huma-usd-max.csv: 437 lignes importées/mises à jour
[2026-08-13T05:47:38.306Z] ✅ hype-usd-max.csv: 576 lignes importées/mises à jour
[2026-08-13T05:47:38.551Z] ✅ icp-usd-max.csv: 1921 lignes importées/mises à jour
[2026-08-13T05:47:38.945Z] ✅ icx-usd-max.csv: 3045 lignes importées/mises à jour
[2026-08-13T05:47:39.159Z] ✅ imx-usd-max.csv: 1631 lignes importées/mises à jour
[2026-08-13T05:47:39.415Z] ✅ inj-usd-max.csv: 2039 lignes importées/mises à jour
[2026-08-13T05:47:39.503Z] ✅ io-usd-max.csv: 654 lignes importées/mises à jour
[2026-08-13T05:47:39.933Z] ✅ iost-usd-max.csv: 2958 lignes importées/mises à jour
[2026-08-13T05:47:40.318Z] ✅ iotx-usd-max.csv: 2835 lignes importées/mises à jour
[2026-08-13T05:47:40.388Z] ✅ ip-usd-max.csv: 441 lignes importées/mises à jour
[2026-08-13T05:47:40.767Z] ✅ iq-usd-max.csv: 2908 lignes importées/mises à jour
[2026-08-13T05:47:41.003Z] ✅ jasmy-usd-max.csv: 1818 lignes importées/mises à jour
[2026-08-13T05:47:41.076Z] ✅ jellyjelly-usd-max.csv: 554 lignes importées/mises à jour
[2026-08-13T05:47:41.353Z] ✅ jst-usd-max.csv: 2122 lignes importées/mises à jour
[2026-08-13T05:47:41.496Z] ✅ jto-usd-max.csv: 967 lignes importées/mises à jour
[2026-08-13T05:47:41.589Z] ✅ kaia-usd-max.csv: 590 lignes importées/mises à jour
[2026-08-13T05:47:41.653Z] ✅ kaito-usd-max.csv: 426 lignes importées/mises à jour
[2026-08-13T05:47:41.879Z] ✅ kas-usd-max.csv: 1479 lignes importées/mises à jour
[2026-08-13T05:47:42.272Z] ✅ kava-usd-max.csv: 2317 lignes importées/mises à jour
[2026-08-13T05:47:42.811Z] ✅ kcs-usd-max.csv: 3125 lignes importées/mises à jour
[2026-08-13T05:47:42.868Z] ✅ kgen-usd-max.csv: 265 lignes importées/mises à jour
[2026-08-13T05:47:43.003Z] ✅ kmno-usd-max.csv: 768 lignes importées/mises à jour
[2026-08-13T05:47:43.338Z] ✅ knc-usd-max.csv: 1840 lignes importées/mises à jour
[2026-08-13T05:47:43.642Z] ✅ kub-usd-max.csv: 1846 lignes importées/mises à jour
[2026-08-13T05:47:43.950Z] ✅ ldo-usd-max.csv: 1880 lignes importées/mises à jour
[2026-08-13T05:47:44.001Z] ✅ linea-usd-max.csv: 241 lignes importées/mises à jour
[2026-08-13T05:47:44.528Z] ✅ link-usd-max.csv: 3177 lignes importées/mises à jour
[2026-08-13T05:47:44.962Z] ✅ lpt-usd-max.csv: 2697 lignes importées/mises à jour
[2026-08-13T05:47:45.312Z] ✅ lqty-usd-max.csv: 1872 lignes importées/mises à jour
[2026-08-13T05:47:45.972Z] ✅ lrc-usd-max.csv: 3043 lignes importées/mises à jour
[2026-08-13T05:47:46.586Z] ✅ lsk-usd-max.csv: 3595 lignes importées/mises à jour
[2026-08-13T05:47:47.291Z] ✅ ltc-usd-max.csv: 4687 lignes importées/mises à jour
[2026-08-13T05:47:47.646Z] ✅ lunc-usd-max.csv: 2488 lignes importées/mises à jour
[2026-08-13T05:47:47.862Z] ✅ magic-usd-max.csv: 1685 lignes importées/mises à jour
[2026-08-13T05:47:48.280Z] ✅ mana-usd-max.csv: 3043 lignes importées/mises à jour
[2026-08-13T05:47:48.407Z] ✅ manta-usd-max.csv: 805 lignes importées/mises à jour
[2026-08-13T05:47:48.770Z] ✅ mask-usd-max.csv: 1918 lignes importées/mises à jour
[2026-08-13T05:47:48.936Z] ✅ matic-usd-max.csv: 995 lignes importées/mises à jour
[2026-08-13T05:47:49.084Z] ✅ meme-usd-max.csv: 848 lignes importées/mises à jour
[2026-08-13T05:47:49.361Z] ✅ metis-usd-max.csv: 1828 lignes importées/mises à jour
[2026-08-13T05:47:49.471Z] ✅ mew-usd-max.csv: 752 lignes importées/mises à jour
[2026-08-13T05:47:49.712Z] ✅ mina-usd-max.csv: 1831 lignes importées/mises à jour
[2026-08-13T05:47:50.124Z] ✅ mkr-usd-max.csv: 3112 lignes importées/mises à jour
[2026-08-13T05:47:50.256Z] ✅ mnt-usd-max.csv: 957 lignes importées/mises à jour
[2026-08-13T05:47:50.338Z] ✅ moca-usd-max.csv: 619 lignes importées/mises à jour
[2026-08-13T05:47:50.465Z] ✅ mog-usd-max.csv: 1003 lignes importées/mises à jour
[2026-08-13T05:47:50.547Z] ✅ moodeng-usd-max.csv: 598 lignes importées/mises à jour
[2026-08-13T05:47:50.631Z] ✅ morpho-usd-max.csv: 625 lignes importées/mises à jour
[2026-08-13T05:47:50.691Z] ✅ move-usd-max.csv: 455 lignes importées/mises à jour
[2026-08-13T05:47:51.226Z] ✅ mtl-usd-max.csv: 3150 lignes importées/mises à jour
[2026-08-13T05:47:51.234Z] ✅ mumu-usd-max.csv: 11 lignes importées/mises à jour
[2026-08-13T05:47:51.621Z] ✅ mvl-usd-max.csv: 2772 lignes importées/mises à jour
[2026-08-13T05:47:51.996Z] ✅ mx-usd-max.csv: 2576 lignes importées/mises à jour
[2026-08-13T05:47:52.257Z] ✅ near-usd-max.csv: 2023 lignes importées/mises à jour
[2026-08-13T05:47:52.334Z] ✅ neiro-usd-max.csv: 592 lignes importées/mises à jour
[2026-08-13T05:47:52.800Z] ✅ neo-usd-max.csv: 3510 lignes importées/mises à jour
[2026-08-13T05:47:53.318Z] ✅ nexo-usd-max.csv: 2841 lignes importées/mises à jour
[2026-08-13T05:47:53.634Z] ✅ nft-usd-max.csv: 1841 lignes importées/mises à jour
[2026-08-13T05:47:54.059Z] ✅ nmr-usd-max.csv: 3152 lignes importées/mises à jour
[2026-08-13T05:47:54.161Z] ✅ not-usd-max.csv: 765 lignes importées/mises à jour
[2026-08-13T05:47:54.221Z] ✅ nxpc-usd-max.csv: 436 lignes importées/mises à jour
[2026-08-13T05:47:54.416Z] ✅ nym-usd-max.csv: 1473 lignes importées/mises à jour
[2026-08-13T05:47:54.795Z] ✅ okb-usd-max.csv: 2934 lignes importées/mises à jour
[2026-08-13T05:47:55.104Z] ✅ omi-usd-max.csv: 2482 lignes importées/mises à jour
[2026-08-13T05:47:55.215Z] ✅ ondo-usd-max.csv: 862 lignes importées/mises à jour
[2026-08-13T05:47:55.563Z] ✅ one-usd-max.csv: 2463 lignes importées/mises à jour
[2026-08-13T05:47:55.992Z] ✅ ont-usd-max.csv: 2899 lignes importées/mises à jour
[2026-08-13T05:47:56.179Z] ✅ op-usd-max.csv: 1417 lignes importées/mises à jour
[2026-08-13T05:47:56.527Z] ✅ orbs-usd-max.csv: 2517 lignes importées/mises à jour
[2026-08-13T05:47:56.670Z] ✅ ordi-usd-max.csv: 1076 lignes importées/mises à jour
[2026-08-13T05:47:56.911Z] ✅ osmo-usd-max.csv: 1835 lignes importées/mises à jour
[2026-08-13T05:47:57.057Z] ✅ ozo-usd-max.csv: 950 lignes importées/mises à jour
[2026-08-13T05:47:57.425Z] ✅ paxg-usd-max.csv: 2468 lignes importées/mises à jour
[2026-08-13T05:47:57.782Z] ✅ pci-usd-max.csv: 2383 lignes importées/mises à jour
[2026-08-13T05:47:57.864Z] ✅ peaq-usd-max.csv: 480 lignes importées/mises à jour
[2026-08-13T05:47:58.120Z] ✅ pendle-usd-max.csv: 1907 lignes importées/mises à jour
[2026-08-13T05:47:58.202Z] ✅ pengu-usd-max.csv: 582 lignes importées/mises à jour
[2026-08-13T05:47:58.412Z] ✅ people-usd-max.csv: 1624 lignes importées/mises à jour
[2026-08-13T05:47:58.584Z] ✅ pepe-usd-max.csv: 1170 lignes importées/mises à jour
[2026-08-13T05:47:58.667Z] ✅ pi-usd-max.csv: 539 lignes importées/mises à jour
[2026-08-13T05:47:58.744Z] ✅ pippin-usd-max.csv: 537 lignes importées/mises à jour
[2026-08-13T05:47:58.868Z] ✅ pixel-usd-max.csv: 833 lignes importées/mises à jour
[2026-08-13T05:47:58.941Z] ✅ plume-usd-max.csv: 475 lignes importées/mises à jour
[2026-08-13T05:47:59.159Z] ✅ pokt-usd-max.csv: 1598 lignes importées/mises à jour
[2026-08-13T05:47:59.346Z] ✅ polyx-usd-max.csv: 1438 lignes importées/mises à jour
[2026-08-13T05:47:59.460Z] ✅ popcat-usd-max.csv: 862 lignes importées/mises à jour
[2026-08-13T05:47:59.865Z] ✅ powr-usd-max.csv: 3034 lignes importées/mises à jour
[2026-08-13T05:48:00.294Z] ✅ pro-usd-max.csv: 3159 lignes importées/mises à jour
[2026-08-13T05:48:00.602Z] ✅ prom-usd-max.csv: 2436 lignes importées/mises à jour
[2026-08-13T05:48:00.840Z] ✅ pundix-usd-max.csv: 1905 lignes importées/mises à jour
[2026-08-13T05:48:00.967Z] ✅ pyth-usd-max.csv: 992 lignes importées/mises à jour
[2026-08-13T05:48:01.086Z] ✅ pyusd-usd-max.csv: 923 lignes importées/mises à jour
[2026-08-13T05:48:01.462Z] ✅ qkc-usd-max.csv: 2825 lignes importées/mises à jour
[2026-08-13T05:48:01.845Z] ✅ qnt-usd-max.csv: 2911 lignes importées/mises à jour
[2026-08-13T05:48:02.262Z] ✅ qtum-usd-max.csv: 3181 lignes importées/mises à jour
[2026-08-13T05:48:02.517Z] ✅ ray-usd-max.csv: 1940 lignes importées/mises à jour
[2026-08-13T05:48:02.559Z] ✅ red-usd-max.csv: 281 lignes importées/mises à jour
[2026-08-13T05:48:02.849Z] ✅ render-usd-max.csv: 2195 lignes importées/mises à jour
[2026-08-13T05:48:03.254Z] ✅ req-usd-max.csv: 3043 lignes importées/mises à jour
[2026-08-13T05:48:03.277Z] ✅ river-usd-max.csv: 119 lignes importées/mises à jour
[2026-08-13T05:48:03.695Z] ✅ rlc-usd-max.csv: 3236 lignes importées/mises à jour
[2026-08-13T05:48:03.755Z] ✅ rlusd-usd-max.csv: 438 lignes importées/mises à jour
[2026-08-13T05:48:03.967Z] ✅ ron-usd-max.csv: 1584 lignes importées/mises à jour
[2026-08-13T05:48:04.230Z] ✅ rose-usd-max.csv: 1927 lignes importées/mises à jour
[2026-08-13T05:48:04.604Z] ✅ rpl-usd-max.csv: 2824 lignes importées/mises à jour
[2026-08-13T05:48:04.930Z] ✅ rsr-usd-max.csv: 2473 lignes importées/mises à jour
[2026-08-13T05:48:05.242Z] ✅ rune-usd-max.csv: 2414 lignes importées/mises à jour
[2026-08-13T05:48:05.629Z] ✅ rvn-usd-max.csv: 2901 lignes importées/mises à jour
[2026-08-13T05:48:05.682Z] ✅ s-usd-max.csv: 412 lignes importées/mises à jour
[2026-08-13T05:48:05.764Z] ✅ safe-usd-max.csv: 631 lignes importées/mises à jour
[2026-08-13T05:48:05.824Z] ✅ sahara-usd-max.csv: 401 lignes importées/mises à jour
[2026-08-13T05:48:06.094Z] ✅ sand-usd-max.csv: 2032 lignes importées/mises à jour
[2026-08-13T05:48:06.140Z] ✅ sapien-usd-max.csv: 324 lignes importées/mises à jour
[2026-08-13T05:48:06.670Z] ✅ sc-usd-max.csv: 3839 lignes importées/mises à jour
[2026-08-13T05:48:06.820Z] ✅ sei-usd-max.csv: 1010 lignes importées/mises à jour
[2026-08-13T05:48:07.098Z] ✅ sfp-usd-max.csv: 1911 lignes importées/mises à jour
[2026-08-13T05:48:07.419Z] ✅ shib-usd-max.csv: 2139 lignes importées/mises à jour
[2026-08-13T05:48:07.802Z] ✅ shx-usd-max.csv: 2598 lignes importées/mises à jour
[2026-08-13T05:48:07.871Z] ✅ siren-usd-max.csv: 387 lignes importées/mises à jour
[2026-08-13T05:48:08.165Z] ✅ skl-usd-max.csv: 1915 lignes importées/mises à jour
[2026-08-13T05:48:08.231Z] ✅ skyai-usd-max.csv: 377 lignes importées/mises à jour
[2026-08-13T05:48:08.652Z] ✅ slp-usd-max.csv: 2240 lignes importées/mises à jour
[2026-08-13T05:48:08.812Z] ✅ snek-usd-max.csv: 1092 lignes importées/mises à jour
[2026-08-13T05:48:09.200Z] ✅ snx-usd-max.csv: 2901 lignes importées/mises à jour
[2026-08-13T05:48:09.491Z] ✅ sol-usd-max.csv: 2260 lignes importées/mises à jour
[2026-08-13T05:48:09.537Z] ✅ somi-usd-max.csv: 339 lignes importées/mises à jour
[2026-08-13T05:48:09.608Z] ✅ soso-usd-max.csv: 523 lignes importées/mises à jour
[2026-08-13T05:48:09.847Z] ✅ spell-usd-max.csv: 1878 lignes importées/mises à jour
[2026-08-13T05:48:09.893Z] ✅ spk-usd-max.csv: 330 lignes importées/mises à jour
[2026-08-13T05:48:10.019Z] ✅ spx-usd-max.csv: 986 lignes importées/mises à jour
[2026-08-13T05:48:10.128Z] ✅ sqd-usd-max.csv: 797 lignes importées/mises à jour
[2026-08-13T05:48:10.343Z] ✅ ssv-usd-max.csv: 1699 lignes importées/mises à jour
[2026-08-13T05:48:10.802Z] ✅ steem-usd-max.csv: 3603 lignes importées/mises à jour
[2026-08-13T05:48:11.052Z] ✅ steth-usd-max.csv: 2042 lignes importées/mises à jour
[2026-08-13T05:48:11.245Z] ✅ stg-usd-max.csv: 1562 lignes importées/mises à jour
[2026-08-13T05:48:11.644Z] ✅ storj-usd-max.csv: 3071 lignes importées/mises à jour
[2026-08-13T05:48:12.081Z] ✅ strax-usd-max.csv: 3487 lignes importées/mises à jour
[2026-08-13T05:48:12.178Z] ✅ strk-usd-max.csv: 780 lignes importées/mises à jour
[2026-08-13T05:48:12.463Z] ✅ stx-usd-max.csv: 2317 lignes importées/mises à jour
[2026-08-13T05:48:12.626Z] ✅ sui-usd-max.csv: 1185 lignes importées/mises à jour
[2026-08-13T05:48:12.870Z] ✅ super-usd-max.csv: 1909 lignes importées/mises à jour
[2026-08-13T05:48:13.136Z] ✅ sushi-usd-max.csv: 2010 lignes importées/mises à jour
[2026-08-13T05:48:13.541Z] ✅ swftc-usd-max.csv: 3052 lignes importées/mises à jour
[2026-08-13T05:48:13.634Z] ✅ syrup-usd-max.csv: 609 lignes importées/mises à jour
[2026-08-13T05:48:13.799Z] ✅ tao-usd-max.csv: 1093 lignes importées/mises à jour
[2026-08-13T05:48:14.210Z] ✅ tel-usd-max.csv: 3051 lignes importées/mises à jour
[2026-08-13T05:48:14.529Z] ✅ tfuel-usd-max.csv: 2531 lignes importées/mises à jour
[2026-08-13T05:48:14.910Z] ✅ theta-usd-max.csv: 2957 lignes importées/mises à jour
[2026-08-13T05:48:15.038Z] ✅ tia-usd-max.csv: 995 lignes importées/mises à jour
[2026-08-13T05:48:15.258Z] ✅ ton-usd-max.csv: 1751 lignes importées/mises à jour
[2026-08-13T05:48:15.377Z] ✅ toshi-usd-max.csv: 947 lignes importées/mises à jour
[2026-08-13T05:48:15.759Z] ✅ trac-usd-max.csv: 2948 lignes importées/mises à jour
[2026-08-13T05:48:16.082Z] ✅ trb-usd-max.csv: 2483 lignes importées/mises à jour
[2026-08-13T05:48:16.145Z] ✅ trump-usd-max.csv: 463 lignes importées/mises à jour
[2026-08-13T05:48:16.549Z] ✅ trx-usd-max.csv: 3144 lignes importées/mises à jour
[2026-08-13T05:48:16.976Z] ✅ tusd-usd-max.csv: 2885 lignes importées/mises à jour
[2026-08-13T05:48:17.278Z] ✅ twt-usd-max.csv: 2209 lignes importées/mises à jour
[2026-08-13T05:48:17.567Z] ✅ uma-usd-max.csv: 2131 lignes importées/mises à jour
[2026-08-13T05:48:17.825Z] ✅ uni-usd-max.csv: 1990 lignes importées/mises à jour
[2026-08-13T05:48:18.199Z] ✅ usdc-usd-max.csv: 2814 lignes importées/mises à jour
[2026-08-13T05:48:18.408Z] ✅ usdd-usd-max.csv: 1520 lignes importées/mises à jour
[2026-08-13T05:48:18.512Z] ✅ usde-usd-max.csv: 837 lignes importées/mises à jour
[2026-08-13T05:48:18.577Z] ✅ usdg-usd-max.csv: 480 lignes importées/mises à jour
[2026-08-13T05:48:19.105Z] ✅ usdt-usd-max.csv: 4109 lignes importées/mises à jour
[2026-08-13T05:48:19.167Z] ✅ vana-usd-max.csv: 447 lignes importées/mises à jour
[2026-08-13T05:48:19.434Z] ✅ velo-usd-max.csv: 2125 lignes importées/mises à jour
[2026-08-13T05:48:19.793Z] ✅ vet-usd-max.csv: 2773 lignes importées/mises à jour
[2026-08-13T05:48:19.916Z] ✅ virtual-usd-max.csv: 917 lignes importées/mises à jour
[2026-08-13T05:48:20.294Z] ✅ vtho-usd-max.csv: 2760 lignes importées/mises à jour
[2026-08-13T05:48:20.356Z] ✅ vvv-usd-max.csv: 434 lignes importées/mises à jour
[2026-08-13T05:48:20.483Z] ✅ w-usd-max.csv: 774 lignes importées/mises à jour
[2026-08-13T05:48:20.975Z] ✅ waves-usd-max.csv: 3558 lignes importées/mises à jour
[2026-08-13T05:48:21.377Z] ✅ waxp-usd-max.csv: 2973 lignes importées/mises à jour
[2026-08-13T05:48:21.558Z] ✅ wbeth-usd-max.csv: 1198 lignes importées/mises à jour
[2026-08-13T05:48:21.826Z] ✅ wbnb-usd-max.csv: 1954 lignes importées/mises à jour
[2026-08-13T05:48:22.182Z] ✅ wbtc-usd-max.csv: 2728 lignes importées/mises à jour
[2026-08-13T05:48:22.443Z] ✅ wemix-usd-max.csv: 2040 lignes importées/mises à jour
[2026-08-13T05:48:22.842Z] ✅ weth-usd-max.csv: 3038 lignes importées/mises à jour
[2026-08-13T05:48:22.950Z] ✅ wif-usd-max.csv: 799 lignes importées/mises à jour
[2026-08-13T05:48:23.093Z] ✅ wld-usd-max.csv: 1108 lignes importées/mises à jour
[2026-08-13T05:48:23.143Z] ✅ wlfi-usd-max.csv: 342 lignes importées/mises à jour
[2026-08-13T05:48:23.360Z] ✅ wsteth-usd-max.csv: 1742 lignes importées/mises à jour
[2026-08-13T05:48:23.458Z] ✅ xai-usd-max.csv: 768 lignes importées/mises à jour
[2026-08-13T05:48:23.491Z] ✅ xan-usd-max.csv: 219 lignes importées/mises à jour
[2026-08-13T05:48:23.814Z] ✅ xaut-usd-max.csv: 2336 lignes importées/mises à jour
[2026-08-13T05:48:24.064Z] ✅ xch-usd-max.csv: 1857 lignes importées/mises à jour
[2026-08-13T05:48:24.253Z] ✅ xcn-usd-max.csv: 1446 lignes importées/mises à jour
[2026-08-13T05:48:24.656Z] ✅ xdce-usd-max.csv: 2880 lignes importées/mises à jour
[2026-08-13T05:48:24.887Z] ✅ xec-usd-max.csv: 1786 lignes importées/mises à jour
[2026-08-13T05:48:25.577Z] ✅ xlm-usd-max.csv: 4218 lignes importées/mises à jour
[2026-08-13T05:48:26.257Z] ✅ xmr-usd-max.csv: 4299 lignes importées/mises à jour
[2026-08-13T05:48:26.830Z] ✅ xrp-usd-max.csv: 4697 lignes importées/mises à jour
[2026-08-13T05:48:27.206Z] ✅ xtz-usd-max.csv: 2797 lignes importées/mises à jour
[2026-08-13T05:48:28.091Z] ✅ xvg-usd-max.csv: 4162 lignes importées/mises à jour
[2026-08-13T05:48:28.456Z] ✅ xvs-usd-max.csv: 1971 lignes importées/mises à jour
[2026-08-13T05:48:28.974Z] ✅ xyo-usd-max.csv: 2906 lignes importées/mises à jour
[2026-08-13T05:48:29.353Z] ✅ yfi-usd-max.csv: 2051 lignes importées/mises à jour
[2026-08-13T05:48:29.491Z] ✅ zbcn-usd-max.csv: 729 lignes importées/mises à jour
[2026-08-13T05:48:30.210Z] ✅ zec-usd-max.csv: 3520 lignes importées/mises à jour
[2026-08-13T05:48:30.909Z] ✅ zen-usd-max.csv: 3181 lignes importées/mises à jour
[2026-08-13T05:48:31.046Z] ✅ zeta-usd-max.csv: 787 lignes importées/mises à jour
[2026-08-13T05:48:31.296Z] ✅ zig-usd-max.csv: 1886 lignes importées/mises à jour
[2026-08-13T05:48:31.388Z] ✅ zk-usd-max.csv: 749 lignes importées/mises à jour
[2026-08-13T05:48:31.476Z] ✅ zro-usd-max.csv: 725 lignes importées/mises à jour
[2026-08-13T05:48:31.839Z] ✅ zrx-usd-max.csv: 3056 lignes importées/mises à jour
[2026-08-13T05:48:31.839Z] === FIN IMPORT HISTORIQUE ===
[2026-08-13T05:48:31.839Z] IMPORTED_COUNT=626257
[2026-08-13T05:48:31.839Z] Import terminé
[2026-08-13T05:48:31.852Z] MongoDB connecté ✔
[2026-08-13T05:48:31.852Z] === DEBUT IMPORT PRIX DU JOUR ===
[2026-08-13T05:48:32.029Z] Suppression coins_non_trouvés réussie
[2026-08-13T05:48:34.117Z] [object Object]
[2026-08-13T05:48:36.571Z] === FIN IMPORT PRIX DU JOUR ===
[2026-08-13T05:48:36.571Z] IMPORTED_COUNT=354
